Archive member included because of file (symbol)

/usr/bin/../lib/gcc/arm-none-eabi/4.7.4/../../../../arm-none-eabi/lib/armv7-m/libc.a(lib_a-strcasecmp.o)
                              build/obj/shell.o (strcasecmp)
/usr/bin/../lib/gcc/arm-none-eabi/4.7.4/../../../../arm-none-eabi/lib/armv7-m/libc.a(lib_a-strpbrk.o)
                              build/obj/shell.o (strpbrk)
/usr/bin/../lib/gcc/arm-none-eabi/4.7.4/../../../../arm-none-eabi/lib/armv7-m/libc.a(lib_a-strspn.o)
                              build/obj/shell.o (strspn)
/usr/bin/../lib/gcc/arm-none-eabi/4.7.4/../../../../arm-none-eabi/lib/armv7-m/libc.a(lib_a-ctype_.o)
                              /usr/bin/../lib/gcc/arm-none-eabi/4.7.4/../../../../arm-none-eabi/lib/armv7-m/libc.a(lib_a-strcasecmp.o) (__ctype_ptr__)

Discarded input sections

 .text          0x00000000        0x0 build/obj/crt0.o
 .data          0x00000000        0x0 build/obj/crt0.o
 .bss           0x00000000        0x0 build/obj/crt0.o
 .text.__early_init
                0x00000000       0x10 build/obj/crt0.o
 .text          0x00000000        0x0 build/obj/vectors.o
 .data          0x00000000        0x0 build/obj/vectors.o
 .bss           0x00000000        0x0 build/obj/vectors.o
 .text          0x00000000        0x0 build/obj/chcore.o
 .data          0x00000000        0x0 build/obj/chcore.o
 .bss           0x00000000        0x0 build/obj/chcore.o
 .text          0x00000000        0x0 build/obj/chcore_v7m.o
 .data          0x00000000        0x0 build/obj/chcore_v7m.o
 .bss           0x00000000        0x0 build/obj/chcore_v7m.o
 .text          0x00000000        0x0 build/obj/nvic.o
 .data          0x00000000        0x0 build/obj/nvic.o
 .bss           0x00000000        0x0 build/obj/nvic.o
 .text.nvicDisableVector
                0x00000000       0x40 build/obj/nvic.o
 .text          0x00000000        0x0 build/obj/chsys.o
 .data          0x00000000        0x0 build/obj/chsys.o
 .bss           0x00000000        0x0 build/obj/chsys.o
 .text          0x00000000        0x0 build/obj/chdebug.o
 .data          0x00000000        0x0 build/obj/chdebug.o
 .bss           0x00000000        0x0 build/obj/chdebug.o
 .text.dbg_check_disable
                0x00000000       0x30 build/obj/chdebug.o
 .text.dbg_check_suspend
                0x00000000       0x30 build/obj/chdebug.o
 .text          0x00000000        0x0 build/obj/chlists.o
 .data          0x00000000        0x0 build/obj/chlists.o
 .bss           0x00000000        0x0 build/obj/chlists.o
 .debug_info    0x00000000       0x79 build/obj/chlists.o
 .debug_abbrev  0x00000000       0x26 build/obj/chlists.o
 .debug_aranges
                0x00000000       0x18 build/obj/chlists.o
 .debug_line    0x00000000       0x1d build/obj/chlists.o
 .debug_str     0x00000000      0x13a build/obj/chlists.o
 .comment       0x00000000       0x71 build/obj/chlists.o
 .ARM.attributes
                0x00000000       0x33 build/obj/chlists.o
 .text          0x00000000        0x0 build/obj/chvt.o
 .data          0x00000000        0x0 build/obj/chvt.o
 .bss           0x00000000        0x0 build/obj/chvt.o
 .text          0x00000000        0x0 build/obj/chschd.o
 .data          0x00000000        0x0 build/obj/chschd.o
 .bss           0x00000000        0x0 build/obj/chschd.o
 .text.chSchRescheduleS
                0x00000000       0x30 build/obj/chschd.o
 .text          0x00000000        0x0 build/obj/chthreads.o
 .data          0x00000000        0x0 build/obj/chthreads.o
 .bss           0x00000000        0x0 build/obj/chthreads.o
 .text._thread_memfill
                0x00000000       0x40 build/obj/chthreads.o
 .text.chThdSetPriority
                0x00000000       0x50 build/obj/chthreads.o
 .text.chThdResume
                0x00000000       0x40 build/obj/chthreads.o
 .text.chThdTerminate
                0x00000000       0x30 build/obj/chthreads.o
 .text.chThdSleepUntil
                0x00000000       0x30 build/obj/chthreads.o
 .text.chThdYield
                0x00000000       0x30 build/obj/chthreads.o
 .text.chThdWait
                0x00000000       0x80 build/obj/chthreads.o
 .text          0x00000000        0x0 build/obj/chdynamic.o
 .data          0x00000000        0x0 build/obj/chdynamic.o
 .bss           0x00000000        0x0 build/obj/chdynamic.o
 .text.chThdAddRef
                0x00000000       0x40 build/obj/chdynamic.o
 .text.chThdRelease
                0x00000000       0x80 build/obj/chdynamic.o
 .text.chThdCreateFromHeap
                0x00000000       0x70 build/obj/chdynamic.o
 .text.chThdCreateFromMemoryPool
                0x00000000       0x80 build/obj/chdynamic.o
 .rodata.str1.4
                0x00000000       0x48 build/obj/chdynamic.o
 .debug_info    0x00000000      0xa77 build/obj/chdynamic.o
 .debug_abbrev  0x00000000      0x24d build/obj/chdynamic.o
 .debug_loc     0x00000000      0x374 build/obj/chdynamic.o
 .debug_aranges
                0x00000000       0x38 build/obj/chdynamic.o
[...]
Memory Configuration

Name             Origin             Length             Attributes
flash            0x08000000         0x00080000
ram              0x20000000         0x00010000
*default*        0x00000000         0xffffffff

Linker script and memory map

LOAD build/obj/crt0.o
LOAD build/obj/vectors.o
LOAD build/obj/chcore.o
LOAD build/obj/chcore_v7m.o
LOAD build/obj/nvic.o
LOAD build/obj/chsys.o
LOAD build/obj/chdebug.o
LOAD build/obj/chlists.o
LOAD build/obj/chvt.o
LOAD build/obj/chschd.o
LOAD build/obj/chthreads.o
LOAD build/obj/chdynamic.o
LOAD build/obj/chregistry.o
LOAD build/obj/chsem.o
LOAD build/obj/chmtx.o
LOAD build/obj/chcond.o
LOAD build/obj/chevents.o
LOAD build/obj/chmsg.o
LOAD build/obj/chmboxes.o
LOAD build/obj/chqueues.o
LOAD build/obj/chmemcore.o
LOAD build/obj/chheap.o
LOAD build/obj/chmempools.o
LOAD build/obj/hal.o
LOAD build/obj/adc.o
LOAD build/obj/can.o
LOAD build/obj/dac.o
LOAD build/obj/ext.o
LOAD build/obj/gpt.o
LOAD build/obj/i2c.o
LOAD build/obj/icu.o
LOAD build/obj/mac.o
LOAD build/obj/mmc_spi.o
LOAD build/obj/mmcsd.o
LOAD build/obj/pal.o
LOAD build/obj/pwm.o
LOAD build/obj/rtc.o
LOAD build/obj/sdc.o
LOAD build/obj/serial.o
LOAD build/obj/serial_usb.o
LOAD build/obj/spi.o
LOAD build/obj/tm.o
LOAD build/obj/uart.o
LOAD build/obj/usb.o
LOAD build/obj/stm32_dma.o
LOAD build/obj/hal_lld.o
LOAD build/obj/adc_lld.o
LOAD build/obj/ext_lld_isr.o
LOAD build/obj/can_lld.o
LOAD build/obj/ext_lld.o
LOAD build/obj/mac_lld.o
LOAD build/obj/sdc_lld.o
LOAD build/obj/pal_lld.o
LOAD build/obj/i2c_lld.o
LOAD build/obj/rtc_lld.o
LOAD build/obj/spi_lld.o
LOAD build/obj/gpt_lld.o
LOAD build/obj/icu_lld.o
LOAD build/obj/pwm_lld.o
LOAD build/obj/serial_lld.o
LOAD build/obj/uart_lld.o
LOAD build/obj/usb_lld.o
LOAD build/obj/board.o
LOAD build/obj/shell.o
LOAD build/obj/chprintf.o
LOAD build/obj/i2cGetErr.o
LOAD build/obj/MAG01A.o
LOAD build/obj/main.o
LOAD /usr/bin/../lib/gcc/arm-none-eabi/4.7.4/../../../../arm-none-eabi/lib/armv7-m/libc.a
START GROUP
LOAD /usr/bin/../lib/gcc/arm-none-eabi/4.7.4/armv7-m/libgcc.a
LOAD /usr/bin/../lib/gcc/arm-none-eabi/4.7.4/../../../../arm-none-eabi/lib/armv7-m/libc.a
END GROUP
                0x00000400                __main_stack_size__ = 0x400
                0x00000400                __process_stack_size__ = 0x400
                0x20000000                __ram_start__ = ORIGIN (ram)
                0x00010000                __ram_size__ = 0x10000
                0x20010000                __ram_end__ = (__ram_start__ + __ram_size__)
                0x00000000                . = 0x0
                0x00000000                _text = .

startup         0x08000000      0x150
 *(vectors)
 vectors        0x08000000      0x150 build/obj/vectors.o
                0x08000000                _vectors

constructors    0x08000150        0x0
                0x08000150                PROVIDE (__init_array_start, .)
 *(SORT(.init_array.*))
 *(.init_array)
                0x08000150                PROVIDE (__init_array_end, .)

destructors     0x08000150        0x0
                0x08000150                PROVIDE (__fini_array_start, .)
 *(.fini_array)
 *(SORT(.fini_array.*))
                0x08000150                PROVIDE (__fini_array_end, .)

.text           0x08000150     0x369c
 *(.text.startup.*)
 .text.startup.main
                0x08000150       0x70 build/obj/main.o
                0x08000150                main
 *(.text)
 *(.text.*)
 .text.__late_init
                0x080001c0       0x10 build/obj/crt0.o
                0x080001c0                __late_init
 .text._default_exit
                0x080001d0       0x10 build/obj/crt0.o
                0x080001d0                _default_exit
 .text.ResetHandler
                0x080001e0      0x1d0 build/obj/crt0.o
                0x080001e0                ResetHandler
 .text._unhandled_exception
                0x080003b0       0x10 build/obj/vectors.o
                0x080003b0                Vector58
                0x080003b0                VectorE8
                0x080003b0                Vector9C
                0x080003b0                VectorAC
                0x080003b0                Vector5C
                0x080003b0                NMIVector
                0x080003b0                Vector11C
                0x080003b0                Vector8C
                0x080003b0                VectorDC
                0x080003b0                Vector110
                0x080003b0                Vector94
                0x080003b0                VectorA8
                0x080003b0                VectorB4
                0x080003b0                VectorEC
                0x080003b0                UsageFaultVector
                0x080003b0                DebugMonitorVector
                0x080003b0                Vector40
                0x080003b0                VectorF8
                0x080003b0                Vector108
                0x080003b0                VectorBC
                0x080003b0                Vector148
                0x080003b0                PendSVVector
                0x080003b0                Vector118
                0x080003b0                Vector64
                0x080003b0                VectorCC
                0x080003b0                Vector54
                0x080003b0                Vector98
                0x080003b0                Vector138
                0x080003b0                Vector24
                0x080003b0                BusFaultVector
                0x080003b0                VectorD0
                0x080003b0                Vector140
                0x080003b0                VectorE4
                0x080003b0                VectorC0
                0x080003b0                HardFaultVector
                0x080003b0                Vector134
                0x080003b0                VectorF0
                0x080003b0                Vector13C
                0x080003b0                Vector100
                0x080003b0                VectorE0
                0x080003b0                VectorF4
                0x080003b0                MemManageVector
                0x080003b0                VectorA0
                0x080003b0                VectorB0
                0x080003b0                Vector90
                0x080003b0                Vector114
                0x080003b0                Vector60
                0x080003b0                Vector1C
                0x080003b0                Vector48
                0x080003b0                VectorD4
                0x080003b0                Vector4C
                0x080003b0                Vector144
                0x080003b0                Vector68
                0x080003b0                _unhandled_exception
                0x080003b0                Vector88
                0x080003b0                Vector104
                0x080003b0                Vector10C
                0x080003b0                Vector14C
                0x080003b0                Vector50
                0x080003b0                Vector44
                0x080003b0                Vector28
                0x080003b0                VectorB8
                0x080003b0                VectorFC
                0x080003b0                Vector34
                0x080003b0                VectorA4
                0x080003b0                Vector20
 .text.port_halt
                0x080003c0       0x10 build/obj/chcore.o
                0x080003c0                port_halt
 .text._port_switch_from_isr
                0x080003d0       0x10 build/obj/chcore_v7m.o
                0x080003d0                _port_switch_from_isr
 .text.SVCallVector
                0x080003e0       0x20 build/obj/chcore_v7m.o
                0x080003e0                SVCallVector
 .text._port_init
                0x08000400       0x40 build/obj/chcore_v7m.o
                0x08000400                _port_init
 .text._port_irq_epilogue
                0x08000440       0x80 build/obj/chcore_v7m.o
                0x08000440                _port_irq_epilogue
 .text.SysTickVector
                0x080004c0       0x30 build/obj/chcore_v7m.o
                0x080004c0                SysTickVector
 .text._port_switch
                0x080004f0       0x10 build/obj/chcore_v7m.o
                0x080004f0                _port_switch
 .text._port_thread_start
                0x08000500       0x20 build/obj/chcore_v7m.o
                0x08000500                _port_thread_start
 .text.nvicEnableVector
                0x08000520       0x50 build/obj/nvic.o
                0x08000520                nvicEnableVector
 .text.nvicSetSystemHandlerPriority
                0x08000570       0x30 build/obj/nvic.o
                0x08000570                nvicSetSystemHandlerPriority
 .text._idle_thread
                0x080005a0       0x20 build/obj/chsys.o
                0x080005a0                _idle_thread
 .text.chSysInit
                0x080005c0       0x80 build/obj/chsys.o
                0x080005c0                chSysInit
 .text.chSysTimerHandlerI
                0x08000640       0x70 build/obj/chsys.o
                0x08000640                chSysTimerHandlerI
 .text.dbg_check_enable
                0x080006b0       0x30 build/obj/chdebug.o
                0x080006b0                dbg_check_enable
 .text.dbg_check_lock
                0x080006e0       0x30 build/obj/chdebug.o
                0x080006e0                dbg_check_lock
 .text.dbg_check_unlock
                0x08000710       0x40 build/obj/chdebug.o
                0x08000710                dbg_check_unlock
 .text.dbg_check_lock_from_isr
                0x08000750       0x30 build/obj/chdebug.o
                0x08000750                dbg_check_lock_from_isr
 .text.dbg_check_unlock_from_isr
                0x08000780       0x40 build/obj/chdebug.o
                0x08000780                dbg_check_unlock_from_isr
 .text.dbg_check_enter_isr
                0x080007c0       0x40 build/obj/chdebug.o
                0x080007c0                dbg_check_enter_isr
 .text.dbg_check_leave_isr
                0x08000800       0x40 build/obj/chdebug.o
                0x08000800                dbg_check_leave_isr
 .text.chDbgCheckClassI
                0x08000840       0x30 build/obj/chdebug.o
                0x08000840                chDbgCheckClassI
 .text.chDbgCheckClassS
                0x08000870       0x30 build/obj/chdebug.o
                0x08000870                chDbgCheckClassS
 .text._trace_init
                0x080008a0       0x20 build/obj/chdebug.o
                0x080008a0                _trace_init
 .text.dbg_trace
                0x080008c0       0x40 build/obj/chdebug.o
                0x080008c0                dbg_trace
 .text.chDbgPanic
                0x08000900       0x10 build/obj/chdebug.o
                0x08000900                chDbgPanic
 .text._vt_init
                0x08000910       0x20 build/obj/chvt.o
                0x08000910                _vt_init
 .text.chVTSetI
                0x08000930       0x60 build/obj/chvt.o
                0x08000930                chVTSetI
 .text.chVTResetI
                0x08000990       0x50 build/obj/chvt.o
                0x08000990                chVTResetI
 .text._scheduler_init
                0x080009e0       0x20 build/obj/chschd.o
                0x080009e0                _scheduler_init
 .text.chSchReadyI
                0x08000a00       0x50 build/obj/chschd.o
                0x08000a00                chSchReadyI
 .text.wakeup   0x08000a50       0x60 build/obj/chschd.o
 .text.chSchGoSleepS
                0x08000ab0       0x50 build/obj/chschd.o
                0x08000ab0                chSchGoSleepS
 .text.chSchGoSleepTimeoutS
                0x08000b00       0x50 build/obj/chschd.o
                0x08000b00                chSchGoSleepTimeoutS
 .text.chSchWakeupS
                0x08000b50       0x60 build/obj/chschd.o
                0x08000b50                chSchWakeupS
 .text.chSchDoRescheduleBehind
                0x08000bb0       0x50 build/obj/chschd.o
                0x08000bb0                chSchDoRescheduleBehind
 .text.chSchDoRescheduleAhead
                0x08000c00       0x60 build/obj/chschd.o
                0x08000c00                chSchDoRescheduleAhead
 .text.chSchDoReschedule
                0x08000c60       0x20 build/obj/chschd.o
                0x08000c60                chSchDoReschedule
 .text._thread_init
                0x08000c80       0x60 build/obj/chthreads.o
                0x08000c80                _thread_init
 .text.chThdCreateI
                0x08000ce0       0xa0 build/obj/chthreads.o
                0x08000ce0                chThdCreateI
 .text.chThdCreateStatic
                0x08000d80       0xa0 build/obj/chthreads.o
                0x08000d80                chThdCreateStatic
 .text.chThdSleep
                0x08000e20       0x30 build/obj/chthreads.o
                0x08000e20                chThdSleep
 .text.chThdExitS
                0x08000e50       0x50 build/obj/chthreads.o
                0x08000e50                chThdExitS
 .text.chThdExit
                0x08000ea0       0x20 build/obj/chthreads.o
                0x08000ea0                chThdExit
 .text.chMtxInit
                0x08000ec0       0x20 build/obj/chmtx.o
                0x08000ec0                chMtxInit
 .text.chMtxLockS
                0x08000ee0      0x100 build/obj/chmtx.o
                0x08000ee0                chMtxLockS
 .text.chMtxLock
                0x08000fe0       0x20 build/obj/chmtx.o
                0x08000fe0                chMtxLock
 .text.chMtxUnlock
                0x08001000       0x90 build/obj/chmtx.o
                0x08001000                chMtxUnlock
 .text.chEvtSignalI
                0x08001090       0x50 build/obj/chevents.o
                0x08001090                chEvtSignalI
 .text.chEvtBroadcastFlagsI
                0x080010e0       0x40 build/obj/chevents.o
                0x080010e0                chEvtBroadcastFlagsI
 .text.qwait    0x08001120       0x30 build/obj/chqueues.o
 .text.chIQInit
                0x08001150       0x20 build/obj/chqueues.o
                0x08001150                chIQInit
 .text.chIQPutI
                0x08001170       0x60 build/obj/chqueues.o
                0x08001170                chIQPutI
 .text.chIQGetTimeout
                0x080011d0       0x60 build/obj/chqueues.o
                0x080011d0                chIQGetTimeout
 .text.chIQReadTimeout
                0x08001230       0xa0 build/obj/chqueues.o
                0x08001230                chIQReadTimeout
 .text.chOQInit
                0x080012d0       0x20 build/obj/chqueues.o
                0x080012d0                chOQInit
 .text.chOQPutTimeout
                0x080012f0       0x70 build/obj/chqueues.o
                0x080012f0                chOQPutTimeout
 .text.chOQGetI
                0x08001360       0x50 build/obj/chqueues.o
                0x08001360                chOQGetI
 .text.chOQWriteTimeout
                0x080013b0       0xa0 build/obj/chqueues.o
                0x080013b0                chOQWriteTimeout
 .text._core_init
                0x08001450       0x30 build/obj/chmemcore.o
                0x08001450                _core_init
 .text.chCoreAllocI
                0x08001480       0x30 build/obj/chmemcore.o
                0x08001480                chCoreAllocI
 .text.chCoreAlloc
                0x080014b0       0x30 build/obj/chmemcore.o
                0x080014b0                chCoreAlloc
 .text._heap_init
                0x080014e0       0x20 build/obj/chheap.o
                0x080014e0                _heap_init
 .text.halInit  0x08001500       0x30 build/obj/hal.o
                0x08001500                halInit
 .text.i2cInit  0x08001530       0x10 build/obj/i2c.o
                0x08001530                i2cInit
 .text.i2cObjectInit
                0x08001540       0x10 build/obj/i2c.o
                0x08001540                i2cObjectInit
 .text.i2cStart
                0x08001550       0x50 build/obj/i2c.o
                0x08001550                i2cStart
 .text.i2cGetErrors
                0x080015a0       0x20 build/obj/i2c.o
                0x080015a0                i2cGetErrors
 .text.i2cMasterTransmitTimeout
                0x080015c0       0x90 build/obj/i2c.o
                0x080015c0                i2cMasterTransmitTimeout
 .text.i2cAcquireBus
                0x08001650       0x20 build/obj/i2c.o
                0x08001650                i2cAcquireBus
 .text.i2cReleaseBus
                0x08001670       0x20 build/obj/i2c.o
                0x08001670                i2cReleaseBus
 .text.readt    0x08001690       0x10 build/obj/serial.o
 .text.read     0x080016a0       0x10 build/obj/serial.o
 .text.writet   0x080016b0       0x10 build/obj/serial.o
 .text.write    0x080016c0       0x10 build/obj/serial.o
 .text.gett     0x080016d0       0x10 build/obj/serial.o
 .text.get      0x080016e0       0x10 build/obj/serial.o
 .text.putt     0x080016f0       0x10 build/obj/serial.o
 .text.put      0x08001700       0x10 build/obj/serial.o
 .text.sdInit   0x08001710       0x10 build/obj/serial.o
                0x08001710                sdInit
 .text.sdObjectInit
                0x08001720       0x50 build/obj/serial.o
                0x08001720                sdObjectInit
 .text.sdStart  0x08001770       0x50 build/obj/serial.o
                0x08001770                sdStart
 .text.sdIncomingDataI
                0x080017c0       0x50 build/obj/serial.o
                0x080017c0                sdIncomingDataI
 .text.tm_start
                0x08001810       0x10 build/obj/tm.o
 .text.tm_stop  0x08001820       0x30 build/obj/tm.o
 .text.tmInit   0x08001850       0x50 build/obj/tm.o
                0x08001850                tmInit
 .text.Vector6C
                0x080018a0       0x30 build/obj/stm32_dma.o
                0x080018a0                Vector6C
 .text.Vector70
                0x080018d0       0x30 build/obj/stm32_dma.o
                0x080018d0                Vector70
 .text.Vector74
                0x08001900       0x30 build/obj/stm32_dma.o
                0x08001900                Vector74
 .text.Vector78
                0x08001930       0x30 build/obj/stm32_dma.o
                0x08001930                Vector78
 .text.Vector7C
                0x08001960       0x30 build/obj/stm32_dma.o
                0x08001960                Vector7C
 .text.Vector80
                0x08001990       0x30 build/obj/stm32_dma.o
                0x08001990                Vector80
 .text.Vector84
                0x080019c0       0x30 build/obj/stm32_dma.o
                0x080019c0                Vector84
 .text.Vector120
                0x080019f0       0x30 build/obj/stm32_dma.o
                0x080019f0                Vector120
 .text.Vector124
                0x08001a20       0x40 build/obj/stm32_dma.o
                0x08001a20                Vector124
 .text.Vector128
                0x08001a60       0x40 build/obj/stm32_dma.o
                0x08001a60                Vector128
 .text.Vector12C
                0x08001aa0       0x40 build/obj/stm32_dma.o
                0x08001aa0                Vector12C
 .text.Vector130
                0x08001ae0       0x40 build/obj/stm32_dma.o
                0x08001ae0                Vector130
 .text.dmaInit  0x08001b20       0xf0 build/obj/stm32_dma.o
                0x08001b20                dmaInit
 .text.dmaStreamAllocate
                0x08001c10       0xb0 build/obj/stm32_dma.o
                0x08001c10                dmaStreamAllocate
 .text.hal_lld_init
                0x08001cc0       0x80 build/obj/hal_lld.o
                0x08001cc0                hal_lld_init
 .text.stm32_clock_init
                0x08001d40       0xc0 build/obj/hal_lld.o
                0x08001d40                stm32_clock_init
 .text._pal_lld_init
                0x08001e00       0x80 build/obj/pal_lld.o
                0x08001e00                _pal_lld_init
 .text.i2c_lld_abort_operation
                0x08001e80       0x50 build/obj/i2c_lld.o
 .text.i2c_lld_safety_timeout
                0x08001ed0       0x40 build/obj/i2c_lld.o
 .text.i2c_lld_serve_tx_end_irq
                0x08001f10       0x40 build/obj/i2c_lld.o
 .text.i2c_lld_serve_rx_end_irq
                0x08001f50       0x70 build/obj/i2c_lld.o
 .text.VectorC4
                0x08001fc0      0x130 build/obj/i2c_lld.o
                0x08001fc0                VectorC4
 .text.VectorC8
                0x080020f0      0x100 build/obj/i2c_lld.o
                0x080020f0                VectorC8
 .text.i2c_lld_init
                0x080021f0       0x30 build/obj/i2c_lld.o
                0x080021f0                i2c_lld_init
 .text.i2c_lld_start
                0x08002220      0x2a0 build/obj/i2c_lld.o
                0x08002220                i2c_lld_start
 .text.i2c_lld_master_transmit_timeout
                0x080024c0      0x120 build/obj/i2c_lld.o
                0x080024c0                i2c_lld_master_transmit_timeout
 .text.notify2  0x080025e0       0x20 build/obj/serial_lld.o
 .text.VectorD8
                0x08002600      0x160 build/obj/serial_lld.o
                0x08002600                VectorD8
 .text.sd_lld_init
                0x08002760       0x30 build/obj/serial_lld.o
                0x08002760                sd_lld_init
 .text.sd_lld_start
                0x08002790       0x80 build/obj/serial_lld.o
                0x08002790                sd_lld_start
 .text.__early_init
                0x08002810       0x10 build/obj/board.o
                0x08002810                __early_init
 .text.boardInit
                0x08002820       0x10 build/obj/board.o
                0x08002820                boardInit
 .text.long_to_string_with_divisor.constprop.0
                0x08002830       0x70 build/obj/chprintf.o
 .text.chvprintf
                0x080028a0      0x390 build/obj/chprintf.o
                0x080028a0                chvprintf
 .text.chprintf.constprop.0
                0x08002c30       0x30 build/obj/i2cGetErr.o
 .text.i2cGetErr
                0x08002c60      0x100 build/obj/i2cGetErr.o
                0x08002c60                i2cGetErr
 .text.magInit  0x08002d60       0xd0 build/obj/MAG01A.o
                0x08002d60                magInit
 .text.magRead  0x08002e30       0x70 build/obj/MAG01A.o
                0x08002e30                magRead
 .text.chprintf.constprop.0
                0x08002ea0       0x30 build/obj/main.o
 .text.heartBeat
                0x08002ed0       0x40 build/obj/main.o
 .text.magDemo  0x08002f10       0x70 build/obj/main.o
 *(.rodata)
 *(.rodata.*)
 .rodata.str1.4
                0x08002f80        0x5 build/obj/chsys.o
                                  0x8 (size before relaxing)
 *fill*         0x08002f85        0xb 00
 .rodata.str1.4
                0x08002f90       0x56 build/obj/chdebug.o
                                 0x58 (size before relaxing)
 *fill*         0x08002fe6        0xa 00
 .rodata.str1.4
                0x08002ff0       0x31 build/obj/chvt.o
                                 0x34 (size before relaxing)
 *fill*         0x08003021        0xf 00
 .rodata.str1.4
                0x08003030       0x23 build/obj/chschd.o
                                 0x24 (size before relaxing)
 *fill*         0x08003053        0xd 00
 .rodata.str1.4
                0x08003060       0x94 build/obj/chthreads.o
 *fill*         0x080030f4        0xc 00
 .rodata.ch_debug
                0x08003100       0x18 build/obj/chregistry.o
                0x08003100                ch_debug
 *fill*         0x08003118        0x8 00
 .rodata.str1.4
                0x08003120       0xab build/obj/chmtx.o
                                 0xac (size before relaxing)
 *fill*         0x080031cb        0x5 00
 .rodata.str1.4
                0x080031d0       0x90 build/obj/chevents.o
 .rodata.str1.4
                0x08003260       0x29 build/obj/chqueues.o
                                 0x2c (size before relaxing)
 *fill*         0x08003289        0x7 00
 .rodata.str1.4
                0x08003290       0xea build/obj/i2c.o
                                 0xec (size before relaxing)
 *fill*         0x0800337a        0x6 00
 .rodata.str1.4
                0x08003380       0x5f build/obj/serial.o
                                 0x60 (size before relaxing)
 *fill*         0x080033df        0x1 00
 .rodata.vmt    0x080033e0       0x20 build/obj/serial.o
 .rodata.str1.4
                0x08003400       0x47 build/obj/stm32_dma.o
                                 0x48 (size before relaxing)
 *fill*         0x08003447        0x9 00
 .rodata._stm32_dma_streams
                0x08003450       0x90 build/obj/stm32_dma.o
                0x08003450                _stm32_dma_streams
 .rodata.str1.4
                0x080034e0      0x130 build/obj/i2c_lld.o
 .rodata.default_config
                0x08003610        0xc build/obj/serial_lld.o
 *fill*         0x0800361c        0x4 00
 .rodata.pal_default_config
                0x08003620       0x3c build/obj/board.o
                0x08003620                pal_default_config
 *fill*         0x0800365c        0x4 00
 .rodata.str1.4
                0x08003660        0x7 build/obj/chprintf.o
                                  0x8 (size before relaxing)
 *fill*         0x08003667        0x9 00
 .rodata.str1.4
                0x08003670      0x12b build/obj/i2cGetErr.o
                                0x12c (size before relaxing)
 *fill*         0x0800379b        0x5 00
 .rodata.i2cCfg
                0x080037a0        0xc build/obj/main.o
 *fill*         0x080037ac        0x4 00
 .rodata.str1.4
                0x080037b0       0x3c build/obj/main.o
 *(.glue_7t)
 .glue_7t       0x00000000        0x0 linker stubs
 *(.glue_7)
 .glue_7        0x00000000        0x0 linker stubs
 *(.gcc*)

.vfp11_veneer   0x080037ec        0x0
 .vfp11_veneer  0x00000000        0x0 linker stubs

.v4_bx          0x080037ec        0x0
 .v4_bx         0x00000000        0x0 linker stubs

.iplt           0x080037ec        0x0
 .iplt          0x00000000        0x0 build/obj/crt0.o

.rel.dyn        0x080037ec        0x0
 .rel.iplt      0x00000000        0x0 build/obj/crt0.o

.ARM.extab
 *(.ARM.extab* .gnu.linkonce.armextab.*)

.ARM.exidx      0x080037ec        0x0
                0x080037ec                PROVIDE (__exidx_start, .)
 *(.ARM.exidx* .gnu.linkonce.armexidx.*)
                0x080037ec                PROVIDE (__exidx_end, .)

.eh_frame_hdr
 *(.eh_frame_hdr)

.eh_frame
 *(.eh_frame)

.textalign      0x080037ec        0x4
                0x080037f0                . = ALIGN (0x8)
 *fill*         0x080037ec        0x4 00
                0x080037f0                . = ALIGN (0x4)
                0x080037f0                _etext = .
                0x080037f0                _textdata = _etext

.stacks         0x20000000      0x800
                0x20000000                . = ALIGN (0x8)
                0x20000000                __main_stack_base__ = .
                0x20000400                . = (. + __main_stack_size__)
 *fill*         0x20000000      0x400 00
                0x20000400                . = ALIGN (0x8)
                0x20000400                __main_stack_end__ = .
                0x20000400                __process_stack_base__ = .
                0x20000400                __main_thread_stack_base__ = .
                0x20000800                . = (. + __process_stack_size__)
 *fill*         0x20000400      0x400 00
                0x20000800                . = ALIGN (0x8)
                0x20000800                __process_stack_end__ = .
                0x20000800                __main_thread_stack_end__ = .

.data           0x20000800        0x0 load address 0x080037f0
                0x20000800                . = ALIGN (0x4)
                0x20000800                PROVIDE (_data, .)
 *(.data)
                0x20000800                . = ALIGN (0x4)
 *(.data.*)
                0x20000800                . = ALIGN (0x4)
 *(.ramtext)
                0x20000800                . = ALIGN (0x4)
                0x20000800                PROVIDE (_edata, .)

.igot.plt       0x20000800        0x0 load address 0x080037f0
 .igot.plt      0x00000000        0x0 build/obj/crt0.o

.bss            0x20000800      0x930 load address 0x080037f0
                0x20000800                . = ALIGN (0x4)
                0x20000800                PROVIDE (_bss_start, .)
 *(.bss)
                0x20000800                . = ALIGN (0x4)
 *(.bss.*)
 .bss.mainthread.4821
                0x20000800       0x4c build/obj/chsys.o
 *fill*         0x2000084c        0x4 00
 .bss._idle_thread_wa
                0x20000850       0xc0 build/obj/chsys.o
                0x20000850                _idle_thread_wa
 .bss.dbg_isr_cnt
                0x20000910        0x4 build/obj/chdebug.o
                0x20000910                dbg_isr_cnt
 .bss.dbg_trace_buffer
                0x20000914      0x408 build/obj/chdebug.o
                0x20000914                dbg_trace_buffer
 .bss.dbg_lock_cnt
                0x20000d1c        0x4 build/obj/chdebug.o
                0x20000d1c                dbg_lock_cnt
 .bss.dbg_panic_msg
                0x20000d20        0x4 build/obj/chdebug.o
                0x20000d20                dbg_panic_msg
 .bss.vtlist    0x20000d24       0x10 build/obj/chvt.o
                0x20000d24                vtlist
 .bss.rlist     0x20000d34       0x1c build/obj/chschd.o
                0x20000d34                rlist
 .bss.endmem    0x20000d50        0x4 build/obj/chmemcore.o
 .bss.nextmem   0x20000d54        0x4 build/obj/chmemcore.o
 .bss.default_heap
                0x20000d58       0x20 build/obj/chheap.o
 .bss.measurement_offset
                0x20000d78        0x4 build/obj/tm.o
 .bss.dma_isr_redir
                0x20000d7c       0x60 build/obj/stm32_dma.o
 .bss.dma_streams_mask
                0x20000ddc        0x4 build/obj/stm32_dma.o
 .bss.I2CD2     0x20000de0       0x38 build/obj/i2c_lld.o
                0x20000de0                I2CD2
 .bss.SD2       0x20000e18       0x78 build/obj/serial_lld.o
                0x20000e18                SD2
 .bss.magDemoWrkArea
                0x20000e90      0x1b0 build/obj/main.o
 .bss.heartWrkArea
                0x20001040       0xf0 build/obj/main.o
                0x20001130                . = ALIGN (0x4)
 *(COMMON)
                0x20001130                . = ALIGN (0x4)
                0x20001130                PROVIDE (_bss_end, .)
                0x20001130                PROVIDE (end, .)
                0x20001130                _end = .
                0x20001130                __heap_base__ = _end
                0x20010000                __heap_end__ = __ram_end__
OUTPUT(build/ch.elf elf32-littlearm)

.debug_info     0x00000000    0x11382
 .debug_info    0x00000000      0x2a8 build/obj/crt0.o
 .debug_info    0x000002a8      0x1f0 build/obj/vectors.o
 .debug_info    0x00000498       0x9a build/obj/chcore.o
 .debug_info    0x00000532      0x946 build/obj/chcore_v7m.o
 .debug_info    0x00000e78      0x455 build/obj/nvic.o
 .debug_info    0x000012cd      0x94c build/obj/chsys.o
 .debug_info    0x00001c19      0x9f3 build/obj/chdebug.o
 .debug_info    0x0000260c      0x298 build/obj/chvt.o
 .debug_info    0x000028a4      0xb87 build/obj/chschd.o
 .debug_info    0x0000342b      0xec1 build/obj/chthreads.o
 .debug_info    0x000042ec      0x721 build/obj/chregistry.o
 .debug_info    0x00004a0d      0xbb6 build/obj/chmtx.o
 .debug_info    0x000055c3     0x1089 build/obj/chevents.o
 .debug_info    0x0000664c      0xdbd build/obj/chqueues.o
 .debug_info    0x00007409      0x23b build/obj/chmemcore.o
 .debug_info    0x00007644      0x7a0 build/obj/chheap.o
 .debug_info    0x00007de4      0x381 build/obj/hal.o
 .debug_info    0x00008165      0xdfa build/obj/i2c.o
 .debug_info    0x00008f5f     0x11de build/obj/serial.o
 .debug_info    0x0000a13d      0x2f1 build/obj/tm.o
 .debug_info    0x0000a42e      0x9ae build/obj/stm32_dma.o
 .debug_info    0x0000addc      0x3ec build/obj/hal_lld.o
 .debug_info    0x0000b1c8      0x3bc build/obj/pal_lld.o
 .debug_info    0x0000b584     0x1825 build/obj/i2c_lld.o
 .debug_info    0x0000cda9     0x1144 build/obj/serial_lld.o
 .debug_info    0x0000deed      0x1a0 build/obj/board.o
 .debug_info    0x0000e08d      0x551 build/obj/chprintf.o
 .debug_info    0x0000e5de      0xfd0 build/obj/i2cGetErr.o
 .debug_info    0x0000f5ae      0xbf1 build/obj/MAG01A.o
 .debug_info    0x0001019f     0x11e3 build/obj/main.o

.debug_abbrev   0x00000000     0x3de5
 .debug_abbrev  0x00000000       0xdc build/obj/crt0.o
 .debug_abbrev  0x000000dc       0xb1 build/obj/vectors.o
 .debug_abbrev  0x0000018d       0x44 build/obj/chcore.o
 .debug_abbrev  0x000001d1      0x1d5 build/obj/chcore_v7m.o
 .debug_abbrev  0x000003a6       0xf2 build/obj/nvic.o
 .debug_abbrev  0x00000498      0x1ff build/obj/chsys.o
 .debug_abbrev  0x00000697      0x246 build/obj/chdebug.o
 .debug_abbrev  0x000008dd      0x153 build/obj/chvt.o
 .debug_abbrev  0x00000a30      0x32e build/obj/chschd.o
 .debug_abbrev  0x00000d5e      0x367 build/obj/chthreads.o
 .debug_abbrev  0x000010c5      0x1bc build/obj/chregistry.o
 .debug_abbrev  0x00001281      0x2d3 build/obj/chmtx.o
 .debug_abbrev  0x00001554      0x30b build/obj/chevents.o
 .debug_abbrev  0x0000185f      0x34e build/obj/chqueues.o
 .debug_abbrev  0x00001bad      0x12e build/obj/chmemcore.o
 .debug_abbrev  0x00001cdb      0x21b build/obj/chheap.o
 .debug_abbrev  0x00001ef6      0x1d9 build/obj/hal.o
 .debug_abbrev  0x000020cf      0x2b8 build/obj/i2c.o
 .debug_abbrev  0x00002387      0x2dc build/obj/serial.o
 .debug_abbrev  0x00002663      0x19c build/obj/tm.o
 .debug_abbrev  0x000027ff      0x252 build/obj/stm32_dma.o
 .debug_abbrev  0x00002a51      0x11b build/obj/hal_lld.o
 .debug_abbrev  0x00002b6c      0x12c build/obj/pal_lld.o
 .debug_abbrev  0x00002c98      0x3f0 build/obj/i2c_lld.o
 .debug_abbrev  0x00003088      0x364 build/obj/serial_lld.o
 .debug_abbrev  0x000033ec       0xe5 build/obj/board.o
 .debug_abbrev  0x000034d1      0x1c6 build/obj/chprintf.o
 .debug_abbrev  0x00003697      0x26a build/obj/i2cGetErr.o
 .debug_abbrev  0x00003901      0x215 build/obj/MAG01A.o
 .debug_abbrev  0x00003b16      0x2cf build/obj/main.o

.debug_aranges  0x00000000      0x888
 .debug_aranges
                0x00000000       0x38 build/obj/crt0.o
 .debug_aranges
                0x00000038       0x20 build/obj/vectors.o
 .debug_aranges
                0x00000058       0x20 build/obj/chcore.o
 .debug_aranges
                0x00000078       0x50 build/obj/chcore_v7m.o
 .debug_aranges
                0x000000c8       0x30 build/obj/nvic.o
 .debug_aranges
                0x000000f8       0x30 build/obj/chsys.o
 .debug_aranges
                0x00000128       0x88 build/obj/chdebug.o
 .debug_aranges
                0x000001b0       0x30 build/obj/chvt.o
 .debug_aranges
                0x000001e0       0x68 build/obj/chschd.o
 .debug_aranges
                0x00000248       0x80 build/obj/chthreads.o
 .debug_aranges
                0x000002c8       0x28 build/obj/chregistry.o
 .debug_aranges
                0x000002f0       0x58 build/obj/chmtx.o
 .debug_aranges
                0x00000348       0xa0 build/obj/chevents.o
 .debug_aranges
                0x000003e8       0x70 build/obj/chqueues.o
 .debug_aranges
                0x00000458       0x38 build/obj/chmemcore.o
 .debug_aranges
                0x00000490       0x40 build/obj/chheap.o
 .debug_aranges
                0x000004d0       0x30 build/obj/hal.o
 .debug_aranges
                0x00000500       0x60 build/obj/i2c.o
 .debug_aranges
                0x00000560       0x88 build/obj/serial.o
 .debug_aranges
                0x000005e8       0x38 build/obj/tm.o
 .debug_aranges
                0x00000620       0x90 build/obj/stm32_dma.o
 .debug_aranges
                0x000006b0       0x28 build/obj/hal_lld.o
 .debug_aranges
                0x000006d8       0x28 build/obj/pal_lld.o
 .debug_aranges
                0x00000700       0x70 build/obj/i2c_lld.o
 .debug_aranges
                0x00000770       0x40 build/obj/serial_lld.o
 .debug_aranges
                0x000007b0       0x28 build/obj/board.o
 .debug_aranges
                0x000007d8       0x28 build/obj/chprintf.o
 .debug_aranges
                0x00000800       0x28 build/obj/i2cGetErr.o
 .debug_aranges
                0x00000828       0x28 build/obj/MAG01A.o
 .debug_aranges
                0x00000850       0x38 build/obj/main.o

.debug_ranges   0x00000000      0xfa0
 .debug_ranges  0x00000000       0xe0 build/obj/crt0.o
 .debug_ranges  0x000000e0       0x10 build/obj/vectors.o
 .debug_ranges  0x000000f0       0x10 build/obj/chcore.o
 .debug_ranges  0x00000100       0x58 build/obj/chcore_v7m.o
 .debug_ranges  0x00000158       0x20 build/obj/nvic.o
 .debug_ranges  0x00000178       0x20 build/obj/chsys.o
 .debug_ranges  0x00000198       0xf0 build/obj/chdebug.o
 .debug_ranges  0x00000288       0x20 build/obj/chvt.o
 .debug_ranges  0x000002a8      0x1e8 build/obj/chschd.o
 .debug_ranges  0x00000490      0x150 build/obj/chthreads.o
 .debug_ranges  0x000005e0       0x18 build/obj/chregistry.o
 .debug_ranges  0x000005f8      0x230 build/obj/chmtx.o
 .debug_ranges  0x00000828       0xd8 build/obj/chevents.o
 .debug_ranges  0x00000900       0xa8 build/obj/chqueues.o
 .debug_ranges  0x000009a8       0x40 build/obj/chmemcore.o
 .debug_ranges  0x000009e8       0x30 build/obj/chheap.o
 .debug_ranges  0x00000a18       0x20 build/obj/hal.o
 .debug_ranges  0x00000a38       0x50 build/obj/i2c.o
 .debug_ranges  0x00000a88       0x78 build/obj/serial.o
 .debug_ranges  0x00000b00       0x70 build/obj/tm.o
 .debug_ranges  0x00000b70       0x80 build/obj/stm32_dma.o
 .debug_ranges  0x00000bf0       0x38 build/obj/hal_lld.o
 .debug_ranges  0x00000c28       0x18 build/obj/pal_lld.o
 .debug_ranges  0x00000c40      0x250 build/obj/i2c_lld.o
 .debug_ranges  0x00000e90       0x88 build/obj/serial_lld.o
 .debug_ranges  0x00000f18       0x18 build/obj/board.o
 .debug_ranges  0x00000f30       0x18 build/obj/chprintf.o
 .debug_ranges  0x00000f48       0x18 build/obj/i2cGetErr.o
 .debug_ranges  0x00000f60       0x18 build/obj/MAG01A.o
 .debug_ranges  0x00000f78       0x28 build/obj/main.o

.debug_line     0x00000000     0x497c
 .debug_line    0x00000000      0x13c build/obj/crt0.o
 .debug_line    0x0000013c       0xb4 build/obj/vectors.o
 .debug_line    0x000001f0       0x53 build/obj/chcore.o
 .debug_line    0x00000243      0x1f7 build/obj/chcore_v7m.o
 .debug_line    0x0000043a       0xf2 build/obj/nvic.o
 .debug_line    0x0000052c      0x1e6 build/obj/chsys.o
 .debug_line    0x00000712      0x2f3 build/obj/chdebug.o
 .debug_line    0x00000a05      0x159 build/obj/chvt.o
 .debug_line    0x00000b5e      0x34f build/obj/chschd.o
 .debug_line    0x00000ead      0x3b8 build/obj/chthreads.o
 .debug_line    0x00001265      0x1b7 build/obj/chregistry.o
 .debug_line    0x0000141c      0x36f build/obj/chmtx.o
 .debug_line    0x0000178b      0x357 build/obj/chevents.o
 .debug_line    0x00001ae2      0x388 build/obj/chqueues.o
 .debug_line    0x00001e6a      0x14d build/obj/chmemcore.o
 .debug_line    0x00001fb7      0x274 build/obj/chheap.o
 .debug_line    0x0000222b      0x23d build/obj/hal.o
 .debug_line    0x00002468      0x385 build/obj/i2c.o
 .debug_line    0x000027ed      0x385 build/obj/serial.o
 .debug_line    0x00002b72      0x1b8 build/obj/tm.o
 .debug_line    0x00002d2a      0x34f build/obj/stm32_dma.o
 .debug_line    0x00003079      0x1b4 build/obj/hal_lld.o
 .debug_line    0x0000322d      0x1dc build/obj/pal_lld.o
 .debug_line    0x00003409      0x56f build/obj/i2c_lld.o
 .debug_line    0x00003978      0x327 build/obj/serial_lld.o
 .debug_line    0x00003c9f      0x159 build/obj/board.o
 .debug_line    0x00003df8      0x2bc build/obj/chprintf.o
 .debug_line    0x000040b4      0x2f0 build/obj/i2cGetErr.o
 .debug_line    0x000043a4      0x263 build/obj/MAG01A.o
 .debug_line    0x00004607      0x375 build/obj/main.o

.debug_str      0x00000000     0x2166
 .debug_str     0x00000000      0x211 build/obj/crt0.o
                                0x24b (size before relaxing)
 .debug_str     0x00000211      0x145 build/obj/vectors.o
                                0x276 (size before relaxing)
 .debug_str     0x00000356       0x2d build/obj/chcore.o
                                0x149 (size before relaxing)
 .debug_str     0x00000383      0x374 build/obj/chcore_v7m.o
                                0x4b7 (size before relaxing)
 .debug_str     0x000006f7       0x9e build/obj/nvic.o
                                0x248 (size before relaxing)
 .debug_str     0x00000795      0x23a build/obj/chsys.o
                                0x57c (size before relaxing)
 .debug_str     0x000009cf       0xfb build/obj/chdebug.o
                                0x4f3 (size before relaxing)
 .debug_str     0x00000aca       0x36 build/obj/chvt.o
                                0x1e5 (size before relaxing)
 .debug_str     0x00000b00       0xd5 build/obj/chschd.o
                                0x4b3 (size before relaxing)
 .debug_str     0x00000bd5       0xef build/obj/chthreads.o
                                0x50d (size before relaxing)
 .debug_str     0x00000cc4       0x42 build/obj/chregistry.o
                                0x463 (size before relaxing)
 .debug_str     0x00000d06       0x91 build/obj/chmtx.o
                                0x40b (size before relaxing)
 .debug_str     0x00000d97      0x1b9 build/obj/chevents.o
                                0x52f (size before relaxing)
 .debug_str     0x00000f50      0x126 build/obj/chqueues.o
                                0x496 (size before relaxing)
 .debug_str     0x00001076       0x70 build/obj/chmemcore.o
                                0x1e5 (size before relaxing)
 .debug_str     0x000010e6       0xad build/obj/chheap.o
                                0x3aa (size before relaxing)
 .debug_str     0x00001193      0x12c build/obj/hal.o
                                0x276 (size before relaxing)
 .debug_str     0x000012bf      0x32f build/obj/i2c.o
                                0x66d (size before relaxing)
 .debug_str     0x000015ee      0x123 build/obj/serial.o
                                0x603 (size before relaxing)
 .debug_str     0x00001711       0x67 build/obj/tm.o
                                0x205 (size before relaxing)
 .debug_str     0x00001778      0x54c build/obj/stm32_dma.o
                                0x779 (size before relaxing)
 .debug_str     0x00001cc4       0xbf build/obj/hal_lld.o
                                0x2b0 (size before relaxing)
 .debug_str     0x00001d83       0x88 build/obj/pal_lld.o
                                0x276 (size before relaxing)
 .debug_str     0x00001e0b      0x12b build/obj/i2c_lld.o
                                0xc94 (size before relaxing)
 .debug_str     0x00001f36       0x75 build/obj/serial_lld.o
                                0x9fa (size before relaxing)
 .debug_str     0x00001fab       0x2a build/obj/board.o
                                0x1df (size before relaxing)
 .debug_str     0x00001fd5       0xd9 build/obj/chprintf.o
                                0x234 (size before relaxing)
 .debug_str     0x000020ae       0x41 build/obj/i2cGetErr.o
                                0x705 (size before relaxing)
 .debug_str     0x000020ef       0x43 build/obj/MAG01A.o
                                0x58f (size before relaxing)
 .debug_str     0x00002132       0x34 build/obj/main.o
                                0x793 (size before relaxing)

.comment        0x00000000       0x70
 .comment       0x00000000       0x70 build/obj/crt0.o
                                 0x71 (size before relaxing)
 .comment       0x00000000       0x71 build/obj/vectors.o
 .comment       0x00000000       0x71 build/obj/chcore.o
 .comment       0x00000000       0x71 build/obj/chcore_v7m.o
 .comment       0x00000000       0x71 build/obj/nvic.o
 .comment       0x00000000       0x71 build/obj/chsys.o
 .comment       0x00000000       0x71 build/obj/chdebug.o
 .comment       0x00000000       0x71 build/obj/chvt.o
 .comment       0x00000000       0x71 build/obj/chschd.o
 .comment       0x00000000       0x71 build/obj/chthreads.o
 .comment       0x00000000       0x71 build/obj/chregistry.o
 .comment       0x00000000       0x71 build/obj/chmtx.o
 .comment       0x00000000       0x71 build/obj/chevents.o
 .comment       0x00000000       0x71 build/obj/chqueues.o
 .comment       0x00000000       0x71 build/obj/chmemcore.o
 .comment       0x00000000       0x71 build/obj/chheap.o
 .comment       0x00000000       0x71 build/obj/hal.o
 .comment       0x00000000       0x71 build/obj/i2c.o
 .comment       0x00000000       0x71 build/obj/serial.o
 .comment       0x00000000       0x71 build/obj/tm.o
 .comment       0x00000000       0x71 build/obj/stm32_dma.o
 .comment       0x00000000       0x71 build/obj/hal_lld.o
 .comment       0x00000000       0x71 build/obj/pal_lld.o
 .comment       0x00000000       0x71 build/obj/i2c_lld.o
 .comment       0x00000000       0x71 build/obj/serial_lld.o
 .comment       0x00000000       0x71 build/obj/board.o
 .comment       0x00000000       0x71 build/obj/chprintf.o
 .comment       0x00000000       0x71 build/obj/i2cGetErr.o
 .comment       0x00000000       0x71 build/obj/MAG01A.o
 .comment       0x00000000       0x71 build/obj/main.o

.ARM.attributes
                0x00000000       0x33
 .ARM.attributes
                0x00000000       0x33 build/obj/crt0.o
 .ARM.attributes
                0x00000033       0x33 build/obj/vectors.o
 .ARM.attributes
                0x00000066       0x33 build/obj/chcore.o
 .ARM.attributes
                0x00000099       0x33 build/obj/chcore_v7m.o
 .ARM.attributes
                0x000000cc       0x33 build/obj/nvic.o
 .ARM.attributes
                0x000000ff       0x33 build/obj/chsys.o
 .ARM.attributes
                0x00000132       0x33 build/obj/chdebug.o
 .ARM.attributes
                0x00000165       0x33 build/obj/chvt.o
 .ARM.attributes
                0x00000198       0x33 build/obj/chschd.o
 .ARM.attributes
                0x000001cb       0x33 build/obj/chthreads.o
 .ARM.attributes
                0x000001fe       0x33 build/obj/chregistry.o
 .ARM.attributes
                0x00000231       0x33 build/obj/chmtx.o
 .ARM.attributes
                0x00000264       0x33 build/obj/chevents.o
 .ARM.attributes
                0x00000297       0x33 build/obj/chqueues.o
 .ARM.attributes
                0x000002ca       0x33 build/obj/chmemcore.o
 .ARM.attributes
                0x000002fd       0x33 build/obj/chheap.o
 .ARM.attributes
                0x00000330       0x33 build/obj/hal.o
 .ARM.attributes
                0x00000363       0x33 build/obj/i2c.o
 .ARM.attributes
                0x00000396       0x33 build/obj/serial.o
 .ARM.attributes
                0x000003c9       0x33 build/obj/tm.o
 .ARM.attributes
                0x000003fc       0x33 build/obj/stm32_dma.o
 .ARM.attributes
                0x0000042f       0x33 build/obj/hal_lld.o
 .ARM.attributes
                0x00000462       0x33 build/obj/pal_lld.o
 .ARM.attributes
                0x00000495       0x33 build/obj/i2c_lld.o
 .ARM.attributes
                0x000004c8       0x33 build/obj/serial_lld.o
 .ARM.attributes
                0x000004fb       0x33 build/obj/board.o
 .ARM.attributes
                0x0000052e       0x33 build/obj/chprintf.o
 .ARM.attributes
                0x00000561       0x33 build/obj/i2cGetErr.o
 .ARM.attributes
                0x00000594       0x33 build/obj/MAG01A.o
 .ARM.attributes
                0x000005c7       0x33 build/obj/main.o

.debug_frame    0x00000000     0x15f8
 .debug_frame   0x00000000       0x50 build/obj/crt0.o
 .debug_frame   0x00000050       0x20 build/obj/vectors.o
 .debug_frame   0x00000070       0x20 build/obj/chcore.o
 .debug_frame   0x00000090       0xa4 build/obj/chcore_v7m.o
 .debug_frame   0x00000134       0x5c build/obj/nvic.o
 .debug_frame   0x00000190       0x68 build/obj/chsys.o
 .debug_frame   0x000001f8      0x140 build/obj/chdebug.o
 .debug_frame   0x00000338       0x64 build/obj/chvt.o
 .debug_frame   0x0000039c      0x128 build/obj/chschd.o
 .debug_frame   0x000004c4      0x1ac build/obj/chthreads.o
 .debug_frame   0x00000670       0x4c build/obj/chregistry.o
 .debug_frame   0x000006bc      0x108 build/obj/chmtx.o
 .debug_frame   0x000007c4      0x238 build/obj/chevents.o
 .debug_frame   0x000009fc      0x180 build/obj/chqueues.o
 .debug_frame   0x00000b7c       0x68 build/obj/chmemcore.o
 .debug_frame   0x00000be4       0xb0 build/obj/chheap.o
 .debug_frame   0x00000c94       0x4c build/obj/hal.o
 .debug_frame   0x00000ce0      0x114 build/obj/i2c.o
 .debug_frame   0x00000df4      0x140 build/obj/serial.o
 .debug_frame   0x00000f34       0x5c build/obj/tm.o
 .debug_frame   0x00000f90      0x1d8 build/obj/stm32_dma.o
 .debug_frame   0x00001168       0x3c build/obj/hal_lld.o
 .debug_frame   0x000011a4       0x48 build/obj/pal_lld.o
 .debug_frame   0x000011ec      0x198 build/obj/i2c_lld.o
 .debug_frame   0x00001384       0x94 build/obj/serial_lld.o
 .debug_frame   0x00001418       0x30 build/obj/board.o
 .debug_frame   0x00001448       0x64 build/obj/chprintf.o
 .debug_frame   0x000014ac       0x54 build/obj/i2cGetErr.o
 .debug_frame   0x00001500       0x60 build/obj/MAG01A.o
 .debug_frame   0x00001560       0x98 build/obj/main.o

.debug_loc      0x00000000     0xa263
 .debug_loc     0x00000000      0x12c build/obj/chcore_v7m.o
 .debug_loc     0x0000012c      0x1c9 build/obj/nvic.o
 .debug_loc     0x000002f5       0xcc build/obj/chsys.o
 .debug_loc     0x000003c1      0x22c build/obj/chdebug.o
 .debug_loc     0x000005ed      0x10b build/obj/chvt.o
 .debug_loc     0x000006f8      0x315 build/obj/chschd.o
 .debug_loc     0x00000a0d      0x6b2 build/obj/chthreads.o
 .debug_loc     0x000010bf       0xc9 build/obj/chregistry.o
 .debug_loc     0x00001188      0x4f6 build/obj/chmtx.o
 .debug_loc     0x0000167e      0x9d8 build/obj/chevents.o
 .debug_loc     0x00002056      0x92e build/obj/chqueues.o
 .debug_loc     0x00002984      0x10b build/obj/chmemcore.o
 .debug_loc     0x00002a8f      0x313 build/obj/chheap.o
 .debug_loc     0x00002da2       0xa7 build/obj/hal.o
 .debug_loc     0x00002e49      0x505 build/obj/i2c.o
 .debug_loc     0x0000334e      0x5aa build/obj/serial.o
 .debug_loc     0x000038f8       0x99 build/obj/tm.o
 .debug_loc     0x00003991      0x496 build/obj/stm32_dma.o
 .debug_loc     0x00003e27       0x20 build/obj/hal_lld.o
 .debug_loc     0x00003e47     0x4bfe build/obj/pal_lld.o
 .debug_loc     0x00008a45      0x928 build/obj/i2c_lld.o
 .debug_loc     0x0000936d      0x2c7 build/obj/serial_lld.o
 .debug_loc     0x00009634      0x885 build/obj/chprintf.o
 .debug_loc     0x00009eb9      0x112 build/obj/i2cGetErr.o
 .debug_loc     0x00009fcb      0x185 build/obj/MAG01A.o
 .debug_loc     0x0000a150      0x113 build/obj/main.o

Cross Reference Table

Symbol                                            File
BusFaultVector                                    build/obj/vectors.o
DebugMonitorVector                                build/obj/vectors.o
HardFaultVector                                   build/obj/vectors.o
I2CD2                                             build/obj/i2c_lld.o
                                                  build/obj/main.o
MemManageVector                                   build/obj/vectors.o
NMIVector                                         build/obj/vectors.o
PendSVVector                                      build/obj/vectors.o
ResetHandler                                      build/obj/crt0.o
                                                  build/obj/vectors.o
SD2                                               build/obj/serial_lld.o
                                                  build/obj/main.o
                                                  build/obj/i2cGetErr.o
SVCallVector                                      build/obj/chcore_v7m.o
                                                  build/obj/vectors.o
SysTickVector                                     build/obj/chcore_v7m.o
                                                  build/obj/vectors.o
UsageFaultVector                                  build/obj/vectors.o
Vector100                                         build/obj/vectors.o
Vector104                                         build/obj/vectors.o
Vector108                                         build/obj/vectors.o
Vector10C                                         build/obj/vectors.o
Vector110                                         build/obj/vectors.o
Vector114                                         build/obj/vectors.o
Vector118                                         build/obj/vectors.o
Vector11C                                         build/obj/vectors.o
Vector120                                         build/obj/stm32_dma.o
                                                  build/obj/vectors.o
Vector124                                         build/obj/stm32_dma.o
                                                  build/obj/vectors.o
Vector128                                         build/obj/stm32_dma.o
                                                  build/obj/vectors.o
Vector12C                                         build/obj/stm32_dma.o
                                                  build/obj/vectors.o
Vector130                                         build/obj/stm32_dma.o
                                                  build/obj/vectors.o
Vector134                                         build/obj/vectors.o
Vector138                                         build/obj/vectors.o
Vector13C                                         build/obj/vectors.o
Vector140                                         build/obj/vectors.o
Vector144                                         build/obj/vectors.o
Vector148                                         build/obj/vectors.o
Vector14C                                         build/obj/vectors.o
Vector1C                                          build/obj/vectors.o
Vector20                                          build/obj/vectors.o
Vector24                                          build/obj/vectors.o
Vector28                                          build/obj/vectors.o
Vector34                                          build/obj/vectors.o
Vector40                                          build/obj/vectors.o
Vector44                                          build/obj/vectors.o
Vector48                                          build/obj/vectors.o
Vector4C                                          build/obj/vectors.o
Vector50                                          build/obj/vectors.o
Vector54                                          build/obj/vectors.o
Vector58                                          build/obj/vectors.o
Vector5C                                          build/obj/vectors.o
Vector60                                          build/obj/vectors.o
Vector64                                          build/obj/vectors.o
Vector68                                          build/obj/vectors.o
Vector6C                                          build/obj/stm32_dma.o
                                                  build/obj/vectors.o
Vector70                                          build/obj/stm32_dma.o
                                                  build/obj/vectors.o
Vector74                                          build/obj/stm32_dma.o
                                                  build/obj/vectors.o
Vector78                                          build/obj/stm32_dma.o
                                                  build/obj/vectors.o
Vector7C                                          build/obj/stm32_dma.o
                                                  build/obj/vectors.o
Vector80                                          build/obj/stm32_dma.o
                                                  build/obj/vectors.o
Vector84                                          build/obj/stm32_dma.o
                                                  build/obj/vectors.o
Vector88                                          build/obj/vectors.o
Vector8C                                          build/obj/vectors.o
Vector90                                          build/obj/vectors.o
Vector94                                          build/obj/vectors.o
Vector98                                          build/obj/vectors.o
Vector9C                                          build/obj/vectors.o
VectorA0                                          build/obj/vectors.o
VectorA4                                          build/obj/vectors.o
VectorA8                                          build/obj/vectors.o
VectorAC                                          build/obj/vectors.o
VectorB0                                          build/obj/vectors.o
VectorB4                                          build/obj/vectors.o
VectorB8                                          build/obj/vectors.o
VectorBC                                          build/obj/vectors.o
VectorC0                                          build/obj/vectors.o
VectorC4                                          build/obj/i2c_lld.o
                                                  build/obj/vectors.o
VectorC8                                          build/obj/i2c_lld.o
                                                  build/obj/vectors.o
VectorCC                                          build/obj/vectors.o
VectorD0                                          build/obj/vectors.o
VectorD4                                          build/obj/vectors.o
VectorD8                                          build/obj/serial_lld.o
                                                  build/obj/vectors.o
VectorDC                                          build/obj/vectors.o
VectorE0                                          build/obj/vectors.o
VectorE4                                          build/obj/vectors.o
VectorE8                                          build/obj/vectors.o
VectorEC                                          build/obj/vectors.o
VectorF0                                          build/obj/vectors.o
VectorF4                                          build/obj/vectors.o
VectorF8                                          build/obj/vectors.o
VectorFC                                          build/obj/vectors.o
__ctype_ptr__                                     /usr/bin/../lib/gcc/arm-none-eabi/4.7.4/../../../../arm-none-eabi/lib/armv7-m/libc.a(lib_a-ctype_.o)
                                                  /usr/bin/../lib/gcc/arm-none-eabi/4.7.4/../../../../arm-none-eabi/lib/armv7-m/libc.a(lib_a-strcasecmp.o)
__early_init                                      build/obj/board.o
                                                  build/obj/crt0.o
__fini_array_end                                  build/obj/crt0.o
__fini_array_start                                build/obj/crt0.o
__heap_base__                                     build/obj/chmemcore.o
__heap_end__                                      build/obj/chmemcore.o
__init_array_end                                  build/obj/crt0.o
__init_array_start                                build/obj/crt0.o
__late_init                                       build/obj/crt0.o
__main_stack_base__                               build/obj/crt0.o
__main_stack_end__                                build/obj/vectors.o
                                                  build/obj/crt0.o
__main_thread_stack_base__                        build/obj/chsys.o
__process_stack_base__                            build/obj/crt0.o
__process_stack_end__                             build/obj/crt0.o
_bss_end                                          build/obj/crt0.o
_bss_start                                        build/obj/crt0.o
_core_init                                        build/obj/chmemcore.o
                                                  build/obj/chsys.o
_ctype_                                           /usr/bin/../lib/gcc/arm-none-eabi/4.7.4/../../../../arm-none-eabi/lib/armv7-m/libc.a(lib_a-ctype_.o)
_data                                             build/obj/crt0.o
_default_exit                                     build/obj/crt0.o
_edata                                            build/obj/crt0.o
_heap_init                                        build/obj/chheap.o
                                                  build/obj/chsys.o
_idle_thread                                      build/obj/chsys.o
_idle_thread_wa                                   build/obj/chsys.o
_pal_lld_init                                     build/obj/pal_lld.o
                                                  build/obj/hal.o
_pal_lld_setgroupmode                             build/obj/pal_lld.o
                                                  build/obj/pal.o
_port_init                                        build/obj/chcore_v7m.o
                                                  build/obj/chsys.o
_port_irq_epilogue                                build/obj/chcore_v7m.o
                                                  build/obj/serial_lld.o
                                                  build/obj/i2c_lld.o
                                                  build/obj/stm32_dma.o
_port_switch                                      build/obj/chcore_v7m.o
                                                  build/obj/chschd.o
_port_switch_from_isr                             build/obj/chcore_v7m.o
_port_thread_start                                build/obj/chcore_v7m.o
                                                  build/obj/chthreads.o
_scheduler_init                                   build/obj/chschd.o
                                                  build/obj/chsys.o
_stm32_dma_streams                                build/obj/stm32_dma.o
                                                  build/obj/i2c_lld.o
_textdata                                         build/obj/crt0.o
_thread_init                                      build/obj/chthreads.o
                                                  build/obj/chsys.o
_thread_memfill                                   build/obj/chthreads.o
                                                  build/obj/chdynamic.o
_trace_init                                       build/obj/chdebug.o
                                                  build/obj/chsys.o
_unhandled_exception                              build/obj/vectors.o
_vectors                                          build/obj/vectors.o
_vt_init                                          build/obj/chvt.o
                                                  build/obj/chsys.o
boardInit                                         build/obj/board.o
                                                  build/obj/hal.o
chCondBroadcast                                   build/obj/chcond.o
chCondBroadcastI                                  build/obj/chcond.o
chCondInit                                        build/obj/chcond.o
chCondSignal                                      build/obj/chcond.o
chCondSignalI                                     build/obj/chcond.o
chCondWait                                        build/obj/chcond.o
chCondWaitS                                       build/obj/chcond.o
chCondWaitTimeout                                 build/obj/chcond.o
chCondWaitTimeoutS                                build/obj/chcond.o
chCoreAlloc                                       build/obj/chmemcore.o
                                                  build/obj/chheap.o
chCoreAllocI                                      build/obj/chmemcore.o
chCoreStatus                                      build/obj/chmemcore.o
chDbgCheckClassI                                  build/obj/chdebug.o
                                                  build/obj/serial.o
                                                  build/obj/chmempools.o
                                                  build/obj/chmemcore.o
                                                  build/obj/chqueues.o
                                                  build/obj/chmboxes.o
                                                  build/obj/chevents.o
                                                  build/obj/chcond.o
                                                  build/obj/chsem.o
                                                  build/obj/chthreads.o
                                                  build/obj/chschd.o
                                                  build/obj/chvt.o
                                                  build/obj/chsys.o
chDbgCheckClassS                                  build/obj/chdebug.o
                                                  build/obj/chmboxes.o
                                                  build/obj/chcond.o
                                                  build/obj/chmtx.o
                                                  build/obj/chsem.o
                                                  build/obj/chschd.o
chDbgPanic                                        build/obj/chdebug.o
                                                  build/obj/i2c_lld.o
                                                  build/obj/stm32_dma.o
                                                  build/obj/serial.o
                                                  build/obj/pal.o
                                                  build/obj/i2c.o
                                                  build/obj/chmempools.o
                                                  build/obj/chheap.o
                                                  build/obj/chqueues.o
                                                  build/obj/chmboxes.o
                                                  build/obj/chmsg.o
                                                  build/obj/chevents.o
                                                  build/obj/chcond.o
                                                  build/obj/chmtx.o
                                                  build/obj/chsem.o
                                                  build/obj/chregistry.o
                                                  build/obj/chdynamic.o
                                                  build/obj/chthreads.o
                                                  build/obj/chschd.o
                                                  build/obj/chvt.o
chEvtAddEvents                                    build/obj/chevents.o
chEvtBroadcastFlags                               build/obj/chevents.o
chEvtBroadcastFlagsI                              build/obj/chevents.o
                                                  build/obj/shell.o
                                                  build/obj/serial_lld.o
                                                  build/obj/serial.o
chEvtDispatch                                     build/obj/chevents.o
chEvtGetAndClearEvents                            build/obj/chevents.o
chEvtGetAndClearFlags                             build/obj/chevents.o
chEvtGetAndClearFlagsI                            build/obj/chevents.o
chEvtRegisterMask                                 build/obj/chevents.o
chEvtSignal                                       build/obj/chevents.o
chEvtSignalI                                      build/obj/chevents.o
chEvtUnregister                                   build/obj/chevents.o
chEvtWaitAll                                      build/obj/chevents.o
chEvtWaitAllTimeout                               build/obj/chevents.o
chEvtWaitAny                                      build/obj/chevents.o
chEvtWaitAnyTimeout                               build/obj/chevents.o
chEvtWaitOne                                      build/obj/chevents.o
chEvtWaitOneTimeout                               build/obj/chevents.o
chHeapAlloc                                       build/obj/chheap.o
                                                  build/obj/chdynamic.o
chHeapFree                                        build/obj/chheap.o
                                                  build/obj/chdynamic.o
chHeapInit                                        build/obj/chheap.o
chHeapStatus                                      build/obj/chheap.o
chIQGetTimeout                                    build/obj/chqueues.o
                                                  build/obj/serial.o
chIQInit                                          build/obj/chqueues.o
                                                  build/obj/serial.o
chIQPutI                                          build/obj/chqueues.o
                                                  build/obj/serial.o
chIQReadTimeout                                   build/obj/chqueues.o
                                                  build/obj/serial.o
chIQResetI                                        build/obj/chqueues.o
                                                  build/obj/serial.o
chMBFetch                                         build/obj/chmboxes.o
chMBFetchI                                        build/obj/chmboxes.o
chMBFetchS                                        build/obj/chmboxes.o
chMBInit                                          build/obj/chmboxes.o
chMBPost                                          build/obj/chmboxes.o
chMBPostAhead                                     build/obj/chmboxes.o
chMBPostAheadI                                    build/obj/chmboxes.o
chMBPostAheadS                                    build/obj/chmboxes.o
chMBPostI                                         build/obj/chmboxes.o
chMBPostS                                         build/obj/chmboxes.o
chMBReset                                         build/obj/chmboxes.o
chMsgRelease                                      build/obj/chmsg.o
chMsgSend                                         build/obj/chmsg.o
chMsgWait                                         build/obj/chmsg.o
chMtxInit                                         build/obj/chmtx.o
                                                  build/obj/i2c.o
                                                  build/obj/chheap.o
chMtxLock                                         build/obj/chmtx.o
                                                  build/obj/i2c.o
                                                  build/obj/chheap.o
chMtxLockS                                        build/obj/chmtx.o
                                                  build/obj/chcond.o
chMtxTryLock                                      build/obj/chmtx.o
chMtxTryLockS                                     build/obj/chmtx.o
chMtxUnlock                                       build/obj/chmtx.o
                                                  build/obj/i2c.o
                                                  build/obj/chheap.o
chMtxUnlockAll                                    build/obj/chmtx.o
chMtxUnlockS                                      build/obj/chmtx.o
                                                  build/obj/chcond.o
chOQGetI                                          build/obj/chqueues.o
                                                  build/obj/serial_lld.o
                                                  build/obj/serial.o
chOQInit                                          build/obj/chqueues.o
                                                  build/obj/serial.o
chOQPutTimeout                                    build/obj/chqueues.o
                                                  build/obj/serial.o
chOQResetI                                        build/obj/chqueues.o
                                                  build/obj/serial.o
chOQWriteTimeout                                  build/obj/chqueues.o
                                                  build/obj/serial.o
chPoolAlloc                                       build/obj/chmempools.o
                                                  build/obj/chdynamic.o
chPoolAllocI                                      build/obj/chmempools.o
chPoolFree                                        build/obj/chmempools.o
                                                  build/obj/chdynamic.o
chPoolFreeI                                       build/obj/chmempools.o
chPoolInit                                        build/obj/chmempools.o
chPoolLoadArray                                   build/obj/chmempools.o
chRegFirstThread                                  build/obj/chregistry.o
chRegNextThread                                   build/obj/chregistry.o
chSchDoReschedule                                 build/obj/chschd.o
                                                  build/obj/chcore_v7m.o
chSchDoRescheduleAhead                            build/obj/chschd.o
chSchDoRescheduleBehind                           build/obj/chschd.o
                                                  build/obj/chthreads.o
chSchGoSleepS                                     build/obj/chschd.o
                                                  build/obj/i2c_lld.o
                                                  build/obj/chmsg.o
                                                  build/obj/chevents.o
                                                  build/obj/chcond.o
                                                  build/obj/chmtx.o
                                                  build/obj/chsem.o
                                                  build/obj/chthreads.o
chSchGoSleepTimeoutS                              build/obj/chschd.o
                                                  build/obj/chqueues.o
                                                  build/obj/chevents.o
                                                  build/obj/chcond.o
                                                  build/obj/chsem.o
                                                  build/obj/chthreads.o
chSchReadyI                                       build/obj/chschd.o
                                                  build/obj/i2c_lld.o
                                                  build/obj/chqueues.o
                                                  build/obj/chmsg.o
                                                  build/obj/chevents.o
                                                  build/obj/chcond.o
                                                  build/obj/chmtx.o
                                                  build/obj/chsem.o
                                                  build/obj/chthreads.o
chSchRescheduleS                                  build/obj/chschd.o
                                                  build/obj/serial.o
                                                  build/obj/chmboxes.o
                                                  build/obj/chevents.o
                                                  build/obj/chcond.o
                                                  build/obj/chmtx.o
                                                  build/obj/chsem.o
                                                  build/obj/chthreads.o
chSchWakeupS                                      build/obj/chschd.o
                                                  build/obj/chmsg.o
                                                  build/obj/chcond.o
                                                  build/obj/chmtx.o
                                                  build/obj/chsem.o
                                                  build/obj/chdynamic.o
                                                  build/obj/chthreads.o
chSemAddCounterI                                  build/obj/chsem.o
chSemInit                                         build/obj/chsem.o
                                                  build/obj/chmboxes.o
chSemReset                                        build/obj/chsem.o
chSemResetI                                       build/obj/chsem.o
                                                  build/obj/chmboxes.o
chSemSignal                                       build/obj/chsem.o
chSemSignalI                                      build/obj/chsem.o
                                                  build/obj/chmboxes.o
chSemSignalWait                                   build/obj/chsem.o
chSemWait                                         build/obj/chsem.o
chSemWaitS                                        build/obj/chsem.o
chSemWaitTimeout                                  build/obj/chsem.o
chSemWaitTimeoutS                                 build/obj/chsem.o
                                                  build/obj/chmboxes.o
chSysInit                                         build/obj/chsys.o
                                                  build/obj/main.o
chSysTimerHandlerI                                build/obj/chsys.o
                                                  build/obj/chcore_v7m.o
chThdAddRef                                       build/obj/chdynamic.o
chThdCreateFromHeap                               build/obj/chdynamic.o
                                                  build/obj/shell.o
chThdCreateFromMemoryPool                         build/obj/chdynamic.o
chThdCreateI                                      build/obj/chthreads.o
                                                  build/obj/chdynamic.o
chThdCreateStatic                                 build/obj/chthreads.o
                                                  build/obj/main.o
                                                  build/obj/shell.o
                                                  build/obj/chsys.o
chThdExit                                         build/obj/chthreads.o
                                                  build/obj/chcore_v7m.o
chThdExitS                                        build/obj/chthreads.o
                                                  build/obj/shell.o
chThdRelease                                      build/obj/chdynamic.o
                                                  build/obj/chregistry.o
                                                  build/obj/chthreads.o
chThdResume                                       build/obj/chthreads.o
chThdSetPriority                                  build/obj/chthreads.o
chThdSleep                                        build/obj/chthreads.o
                                                  build/obj/main.o
                                                  build/obj/MAG01A.o
                                                  build/obj/i2cGetErr.o
chThdSleepUntil                                   build/obj/chthreads.o
chThdTerminate                                    build/obj/chthreads.o
chThdWait                                         build/obj/chthreads.o
chThdYield                                        build/obj/chthreads.o
chVTResetI                                        build/obj/chvt.o
                                                  build/obj/i2c_lld.o
                                                  build/obj/chschd.o
chVTSetI                                          build/obj/chvt.o
                                                  build/obj/i2c_lld.o
                                                  build/obj/chschd.o
ch_debug                                          build/obj/chregistry.o
                                                  build/obj/chsys.o
chvprintf                                         build/obj/chprintf.o
                                                  build/obj/main.o
                                                  build/obj/i2cGetErr.o
                                                  build/obj/shell.o
dbg_check_disable                                 build/obj/chdebug.o
dbg_check_enable                                  build/obj/chdebug.o
                                                  build/obj/chsys.o
dbg_check_enter_isr                               build/obj/chdebug.o
                                                  build/obj/serial_lld.o
                                                  build/obj/i2c_lld.o
                                                  build/obj/stm32_dma.o
                                                  build/obj/chcore_v7m.o
dbg_check_leave_isr                               build/obj/chdebug.o
                                                  build/obj/serial_lld.o
                                                  build/obj/i2c_lld.o
                                                  build/obj/stm32_dma.o
                                                  build/obj/chcore_v7m.o
dbg_check_lock                                    build/obj/chdebug.o
                                                  build/obj/shell.o
                                                  build/obj/i2c_lld.o
                                                  build/obj/serial.o
                                                  build/obj/i2c.o
                                                  build/obj/chmempools.o
                                                  build/obj/chmemcore.o
                                                  build/obj/chqueues.o
                                                  build/obj/chmboxes.o
                                                  build/obj/chmsg.o
                                                  build/obj/chevents.o
                                                  build/obj/chcond.o
                                                  build/obj/chmtx.o
                                                  build/obj/chsem.o
                                                  build/obj/chregistry.o
                                                  build/obj/chdynamic.o
                                                  build/obj/chthreads.o
                                                  build/obj/chcore_v7m.o
dbg_check_lock_from_isr                           build/obj/chdebug.o
                                                  build/obj/serial_lld.o
                                                  build/obj/i2c_lld.o
                                                  build/obj/chschd.o
                                                  build/obj/chsys.o
                                                  build/obj/chcore_v7m.o
dbg_check_suspend                                 build/obj/chdebug.o
dbg_check_unlock                                  build/obj/chdebug.o
                                                  build/obj/i2c_lld.o
                                                  build/obj/serial.o
                                                  build/obj/i2c.o
                                                  build/obj/chmempools.o
                                                  build/obj/chmemcore.o
                                                  build/obj/chqueues.o
                                                  build/obj/chmboxes.o
                                                  build/obj/chmsg.o
                                                  build/obj/chevents.o
                                                  build/obj/chcond.o
                                                  build/obj/chmtx.o
                                                  build/obj/chsem.o
                                                  build/obj/chregistry.o
                                                  build/obj/chdynamic.o
                                                  build/obj/chthreads.o
                                                  build/obj/chcore_v7m.o
dbg_check_unlock_from_isr                         build/obj/chdebug.o
                                                  build/obj/serial_lld.o
                                                  build/obj/i2c_lld.o
                                                  build/obj/chschd.o
                                                  build/obj/chsys.o
                                                  build/obj/chcore_v7m.o
dbg_isr_cnt                                       build/obj/chdebug.o
dbg_lock_cnt                                      build/obj/chdebug.o
dbg_panic_msg                                     build/obj/chdebug.o
dbg_trace                                         build/obj/chdebug.o
                                                  build/obj/chschd.o
dbg_trace_buffer                                  build/obj/chdebug.o
dmaInit                                           build/obj/stm32_dma.o
                                                  build/obj/hal_lld.o
dmaStreamAllocate                                 build/obj/stm32_dma.o
                                                  build/obj/i2c_lld.o
dmaStreamRelease                                  build/obj/stm32_dma.o
                                                  build/obj/i2c_lld.o
halInit                                           build/obj/hal.o
                                                  build/obj/main.o
halIsCounterWithin                                build/obj/hal.o
halPolledDelay                                    build/obj/hal.o
hal_lld_init                                      build/obj/hal_lld.o
                                                  build/obj/hal.o
i2cAcquireBus                                     build/obj/i2c.o
                                                  build/obj/MAG01A.o
i2cGetErr                                         build/obj/i2cGetErr.o
                                                  build/obj/MAG01A.o
i2cGetErrors                                      build/obj/i2c.o
                                                  build/obj/i2cGetErr.o
i2cInit                                           build/obj/i2c.o
                                                  build/obj/hal.o
i2cMasterReceiveTimeout                           build/obj/i2c.o
i2cMasterTransmitTimeout                          build/obj/i2c.o
                                                  build/obj/MAG01A.o
i2cObjectInit                                     build/obj/i2c.o
                                                  build/obj/i2c_lld.o
i2cReleaseBus                                     build/obj/i2c.o
                                                  build/obj/MAG01A.o
i2cStart                                          build/obj/i2c.o
                                                  build/obj/main.o
i2cStop                                           build/obj/i2c.o
i2c_lld_init                                      build/obj/i2c_lld.o
                                                  build/obj/i2c.o
i2c_lld_master_receive_timeout                    build/obj/i2c_lld.o
                                                  build/obj/i2c.o
i2c_lld_master_transmit_timeout                   build/obj/i2c_lld.o
                                                  build/obj/i2c.o
i2c_lld_start                                     build/obj/i2c_lld.o
                                                  build/obj/i2c.o
i2c_lld_stop                                      build/obj/i2c_lld.o
                                                  build/obj/i2c.o
magInit                                           build/obj/MAG01A.o
                                                  build/obj/main.o
magRead                                           build/obj/MAG01A.o
                                                  build/obj/main.o
main                                              build/obj/main.o
                                                  build/obj/crt0.o
nvicDisableVector                                 build/obj/nvic.o
                                                  build/obj/serial_lld.o
                                                  build/obj/i2c_lld.o
                                                  build/obj/stm32_dma.o
nvicEnableVector                                  build/obj/nvic.o
                                                  build/obj/serial_lld.o
                                                  build/obj/i2c_lld.o
                                                  build/obj/stm32_dma.o
nvicSetSystemHandlerPriority                      build/obj/nvic.o
                                                  build/obj/chcore_v7m.o
palReadBus                                        build/obj/pal.o
palSetBusMode                                     build/obj/pal.o
palWriteBus                                       build/obj/pal.o
pal_default_config                                build/obj/board.o
                                                  build/obj/hal.o
port_halt                                         build/obj/chcore.o
                                                  build/obj/i2c_lld.o
                                                  build/obj/chdebug.o
rlist                                             build/obj/chschd.o
                                                  build/obj/shell.o
                                                  build/obj/i2c_lld.o
                                                  build/obj/chqueues.o
                                                  build/obj/chmsg.o
                                                  build/obj/chevents.o
                                                  build/obj/chcond.o
                                                  build/obj/chmtx.o
                                                  build/obj/chsem.o
                                                  build/obj/chregistry.o
                                                  build/obj/chthreads.o
                                                  build/obj/chdebug.o
                                                  build/obj/chsys.o
                                                  build/obj/chcore_v7m.o
sdIncomingDataI                                   build/obj/serial.o
                                                  build/obj/serial_lld.o
sdInit                                            build/obj/serial.o
                                                  build/obj/hal.o
sdObjectInit                                      build/obj/serial.o
                                                  build/obj/serial_lld.o
sdRequestDataI                                    build/obj/serial.o
sdStart                                           build/obj/serial.o
                                                  build/obj/main.o
sdStop                                            build/obj/serial.o
sd_lld_init                                       build/obj/serial_lld.o
                                                  build/obj/serial.o
sd_lld_start                                      build/obj/serial_lld.o
                                                  build/obj/serial.o
sd_lld_stop                                       build/obj/serial_lld.o
                                                  build/obj/serial.o
shellCreate                                       build/obj/shell.o
shellCreateStatic                                 build/obj/shell.o
shellExit                                         build/obj/shell.o
shellGetLine                                      build/obj/shell.o
shellInit                                         build/obj/shell.o
shell_terminated                                  build/obj/shell.o
stm32_clock_init                                  build/obj/hal_lld.o
                                                  build/obj/board.o
strcasecmp                                        /usr/bin/../lib/gcc/arm-none-eabi/4.7.4/../../../../arm-none-eabi/lib/armv7-m/libc.a(lib_a-strcasecmp.o)
                                                  build/obj/shell.o
strpbrk                                           /usr/bin/../lib/gcc/arm-none-eabi/4.7.4/../../../../arm-none-eabi/lib/armv7-m/libc.a(lib_a-strpbrk.o)
                                                  build/obj/shell.o
strspn                                            /usr/bin/../lib/gcc/arm-none-eabi/4.7.4/../../../../arm-none-eabi/lib/armv7-m/libc.a(lib_a-strspn.o)
                                                  build/obj/shell.o
tmInit                                            build/obj/tm.o
                                                  build/obj/hal.o
tmObjectInit                                      build/obj/tm.o
vtlist                                            build/obj/chvt.o
                                                  build/obj/shell.o
                                                  build/obj/chthreads.o
                                                  build/obj/chdebug.o
                                                  build/obj/chsys.o
