Archive member included because of file (symbol)

/usr/bin/../lib/gcc/arm-none-eabi/4.7.4/../../../../arm-none-eabi/lib/armv7-m/libc.a(lib_a-strcasecmp.o)
                              build/obj/shell.o (strcasecmp)
/usr/bin/../lib/gcc/arm-none-eabi/4.7.4/../../../../arm-none-eabi/lib/armv7-m/libc.a(lib_a-strpbrk.o)
                              build/obj/shell.o (strpbrk)
/usr/bin/../lib/gcc/arm-none-eabi/4.7.4/../../../../arm-none-eabi/lib/armv7-m/libc.a(lib_a-strspn.o)
                              build/obj/shell.o (strspn)
/usr/bin/../lib/gcc/arm-none-eabi/4.7.4/../../../../arm-none-eabi/lib/armv7-m/libc.a(lib_a-ctype_.o)
                              /usr/bin/../lib/gcc/arm-none-eabi/4.7.4/../../../../arm-none-eabi/lib/armv7-m/libc.a(lib_a-strcasecmp.o) (__ctype_ptr__)

Discarded input sections

 .text          0x00000000        0x0 build/obj/crt0.o
 .data          0x00000000        0x0 build/obj/crt0.o
 .bss           0x00000000        0x0 build/obj/crt0.o
 .text.__early_init
                0x00000000       0x10 build/obj/crt0.o
 .text          0x00000000        0x0 build/obj/vectors.o
 .data          0x00000000        0x0 build/obj/vectors.o
 .bss           0x00000000        0x0 build/obj/vectors.o
 .text          0x00000000        0x0 build/obj/chcore.o
 .data          0x00000000        0x0 build/obj/chcore.o
 .bss           0x00000000        0x0 build/obj/chcore.o
 .text          0x00000000        0x0 build/obj/chcore_v7m.o
 .data          0x00000000        0x0 build/obj/chcore_v7m.o
 .bss           0x00000000        0x0 build/obj/chcore_v7m.o
 .text          0x00000000        0x0 build/obj/nvic.o
 .data          0x00000000        0x0 build/obj/nvic.o
 .bss           0x00000000        0x0 build/obj/nvic.o
 .text.nvicDisableVector
                0x00000000       0x40 build/obj/nvic.o
 .text          0x00000000        0x0 build/obj/chsys.o
 .data          0x00000000        0x0 build/obj/chsys.o
 .bss           0x00000000        0x0 build/obj/chsys.o
 .text          0x00000000        0x0 build/obj/chdebug.o
 .data          0x00000000        0x0 build/obj/chdebug.o
 .bss           0x00000000        0x0 build/obj/chdebug.o
 .text.dbg_check_disable
                0x00000000       0x30 build/obj/chdebug.o
 .text.dbg_check_suspend
                0x00000000       0x30 build/obj/chdebug.o
 .text          0x00000000        0x0 build/obj/chlists.o
 .data          0x00000000        0x0 build/obj/chlists.o
 .bss           0x00000000        0x0 build/obj/chlists.o
 .debug_info    0x00000000       0x79 build/obj/chlists.o
 .debug_abbrev  0x00000000       0x26 build/obj/chlists.o
 .debug_aranges
                0x00000000       0x18 build/obj/chlists.o
 .debug_line    0x00000000       0x1d build/obj/chlists.o
 .debug_str     0x00000000      0x135 build/obj/chlists.o
 .comment       0x00000000       0x71 build/obj/chlists.o
 .ARM.attributes
                0x00000000       0x33 build/obj/chlists.o
 .text          0x00000000        0x0 build/obj/chvt.o
 .data          0x00000000        0x0 build/obj/chvt.o
 .bss           0x00000000        0x0 build/obj/chvt.o
 .text          0x00000000        0x0 build/obj/chschd.o
 .data          0x00000000        0x0 build/obj/chschd.o
 .bss           0x00000000        0x0 build/obj/chschd.o
 .text.chSchRescheduleS
                0x00000000       0x30 build/obj/chschd.o
 .text          0x00000000        0x0 build/obj/chthreads.o
 .data          0x00000000        0x0 build/obj/chthreads.o
 .bss           0x00000000        0x0 build/obj/chthreads.o
 .text._thread_memfill
                0x00000000       0x40 build/obj/chthreads.o
 .text.chThdSetPriority
                0x00000000       0x50 build/obj/chthreads.o
 .text.chThdResume
                0x00000000       0x40 build/obj/chthreads.o
 .text.chThdTerminate
                0x00000000       0x30 build/obj/chthreads.o
 .text.chThdSleepUntil
                0x00000000       0x30 build/obj/chthreads.o
 .text.chThdYield
                0x00000000       0x30 build/obj/chthreads.o
 .text.chThdWait
                0x00000000       0x80 build/obj/chthreads.o
 .text          0x00000000        0x0 build/obj/chdynamic.o
 .data          0x00000000        0x0 build/obj/chdynamic.o
 .bss           0x00000000        0x0 build/obj/chdynamic.o
 .text.chThdAddRef
                0x00000000       0x40 build/obj/chdynamic.o
 .text.chThdRelease
                0x00000000       0x80 build/obj/chdynamic.o
 .text.chThdCreateFromHeap
                0x00000000       0x70 build/obj/chdynamic.o
 .text.chThdCreateFromMemoryPool
                0x00000000       0x80 build/obj/chdynamic.o
 .rodata.str1.4
                0x00000000       0x48 build/obj/chdynamic.o
 .debug_info    0x00000000      0xa77 build/obj/chdynamic.o
 .debug_abbrev  0x00000000      0x24d build/obj/chdynamic.o
 .debug_loc     0x00000000      0x374 build/obj/chdynamic.o
 .debug_aranges
                0x00000000       0x38 build/obj/chdynamic.o
[...]
Memory Configuration

Name             Origin             Length             Attributes
flash            0x08000000         0x00040000
ram              0x20000000         0x00010000
*default*        0x00000000         0xffffffff

Linker script and memory map

LOAD build/obj/crt0.o
LOAD build/obj/vectors.o
LOAD build/obj/chcore.o
LOAD build/obj/chcore_v7m.o
LOAD build/obj/nvic.o
LOAD build/obj/chsys.o
LOAD build/obj/chdebug.o
LOAD build/obj/chlists.o
LOAD build/obj/chvt.o
LOAD build/obj/chschd.o
LOAD build/obj/chthreads.o
LOAD build/obj/chdynamic.o
LOAD build/obj/chregistry.o
LOAD build/obj/chsem.o
LOAD build/obj/chmtx.o
LOAD build/obj/chcond.o
LOAD build/obj/chevents.o
LOAD build/obj/chmsg.o
LOAD build/obj/chmboxes.o
LOAD build/obj/chqueues.o
LOAD build/obj/chmemcore.o
LOAD build/obj/chheap.o
LOAD build/obj/chmempools.o
LOAD build/obj/test.o
LOAD build/obj/testthd.o
LOAD build/obj/testsem.o
LOAD build/obj/testmtx.o
LOAD build/obj/testmsg.o
LOAD build/obj/testmbox.o
LOAD build/obj/testevt.o
LOAD build/obj/testheap.o
LOAD build/obj/testpools.o
LOAD build/obj/testdyn.o
LOAD build/obj/testqueues.o
LOAD build/obj/testbmk.o
LOAD build/obj/hal.o
LOAD build/obj/adc.o
LOAD build/obj/can.o
LOAD build/obj/dac.o
LOAD build/obj/ext.o
LOAD build/obj/gpt.o
LOAD build/obj/i2c.o
LOAD build/obj/icu.o
LOAD build/obj/mac.o
LOAD build/obj/mmc_spi.o
LOAD build/obj/mmcsd.o
LOAD build/obj/pal.o
LOAD build/obj/pwm.o
LOAD build/obj/rtc.o
LOAD build/obj/sdc.o
LOAD build/obj/serial.o
LOAD build/obj/serial_usb.o
LOAD build/obj/spi.o
LOAD build/obj/tm.o
LOAD build/obj/uart.o
LOAD build/obj/usb.o
LOAD build/obj/stm32_dma.o
LOAD build/obj/hal_lld.o
LOAD build/obj/adc_lld.o
LOAD build/obj/ext_lld_isr.o
LOAD build/obj/can_lld.o
LOAD build/obj/ext_lld.o
LOAD build/obj/mac_lld.o
LOAD build/obj/sdc_lld.o
LOAD build/obj/pal_lld.o
LOAD build/obj/i2c_lld.o
LOAD build/obj/rtc_lld.o
LOAD build/obj/spi_lld.o
LOAD build/obj/gpt_lld.o
LOAD build/obj/icu_lld.o
LOAD build/obj/pwm_lld.o
LOAD build/obj/serial_lld.o
LOAD build/obj/uart_lld.o
LOAD build/obj/usb_lld.o
LOAD build/obj/board.o
LOAD build/obj/shell.o
LOAD build/obj/chprintf.o
LOAD build/obj/dortII.o
LOAD build/obj/main.o
LOAD /usr/bin/../lib/gcc/arm-none-eabi/4.7.4/../../../../arm-none-eabi/lib/armv7-m/libc.a
START GROUP
LOAD /usr/bin/../lib/gcc/arm-none-eabi/4.7.4/armv7-m/libgcc.a
LOAD /usr/bin/../lib/gcc/arm-none-eabi/4.7.4/../../../../arm-none-eabi/lib/armv7-m/libc.a
END GROUP
                0x00000400                __main_stack_size__ = 0x400
                0x00000400                __process_stack_size__ = 0x400
                0x20000000                __ram_start__ = ORIGIN (ram)
                0x00010000                __ram_size__ = 0x10000
                0x20010000                __ram_end__ = (__ram_start__ + __ram_size__)
                0x00000000                . = 0x0
                0x00000000                _text = .

startup         0x08000000      0x150
 *(vectors)
 vectors        0x08000000      0x150 build/obj/vectors.o
                0x08000000                _vectors

constructors    0x08000150        0x0
                0x08000150                PROVIDE (__init_array_start, .)
 *(SORT(.init_array.*))
 *(.init_array)
                0x08000150                PROVIDE (__init_array_end, .)

destructors     0x08000150        0x0
                0x08000150                PROVIDE (__fini_array_start, .)
 *(.fini_array)
 *(SORT(.fini_array.*))
                0x08000150                PROVIDE (__fini_array_end, .)

.text           0x08000150     0x3308
 *(.text.startup.*)
 .text.startup.main
                0x08000150       0xd0 build/obj/main.o
                0x08000150                main
 *(.text)
 *(.text.*)
 .text.__late_init
                0x08000220       0x10 build/obj/crt0.o
                0x08000220                __late_init
 .text._default_exit
                0x08000230       0x10 build/obj/crt0.o
                0x08000230                _default_exit
 .text.ResetHandler
                0x08000240      0x1d0 build/obj/crt0.o
                0x08000240                ResetHandler
 .text._unhandled_exception
                0x08000410       0x10 build/obj/vectors.o
                0x08000410                Vector58
                0x08000410                VectorE8
                0x08000410                Vector9C
                0x08000410                VectorAC
                0x08000410                Vector5C
                0x08000410                NMIVector
                0x08000410                Vector11C
                0x08000410                Vector8C
                0x08000410                VectorDC
                0x08000410                Vector110
                0x08000410                VectorC8
                0x08000410                Vector94
                0x08000410                VectorA8
                0x08000410                VectorEC
                0x08000410                UsageFaultVector
                0x08000410                DebugMonitorVector
                0x08000410                Vector40
                0x08000410                VectorF8
                0x08000410                Vector108
                0x08000410                VectorBC
                0x08000410                Vector148
                0x08000410                PendSVVector
                0x08000410                Vector118
                0x08000410                Vector64
                0x08000410                VectorCC
                0x08000410                Vector54
                0x08000410                Vector98
                0x08000410                Vector138
                0x08000410                Vector24
                0x08000410                BusFaultVector
                0x08000410                VectorD0
                0x08000410                Vector140
                0x08000410                VectorE4
                0x08000410                VectorC0
                0x08000410                HardFaultVector
                0x08000410                Vector134
                0x08000410                VectorF0
                0x08000410                Vector13C
                0x08000410                Vector100
                0x08000410                VectorE0
                0x08000410                VectorF4
                0x08000410                MemManageVector
                0x08000410                VectorA0
                0x08000410                VectorC4
                0x08000410                VectorB0
                0x08000410                Vector90
                0x08000410                Vector114
                0x08000410                Vector60
                0x08000410                Vector1C
                0x08000410                Vector48
                0x08000410                VectorD4
                0x08000410                Vector4C
                0x08000410                Vector144
                0x08000410                Vector68
                0x08000410                _unhandled_exception
                0x08000410                Vector88
                0x08000410                Vector104
                0x08000410                Vector10C
                0x08000410                Vector14C
                0x08000410                Vector50
                0x08000410                Vector44
                0x08000410                Vector28
                0x08000410                VectorB8
                0x08000410                VectorFC
                0x08000410                Vector34
                0x08000410                VectorA4
                0x08000410                Vector20
 .text.port_halt
                0x08000420       0x10 build/obj/chcore.o
                0x08000420                port_halt
 .text._port_switch_from_isr
                0x08000430       0x10 build/obj/chcore_v7m.o
                0x08000430                _port_switch_from_isr
 .text.SVCallVector
                0x08000440       0x20 build/obj/chcore_v7m.o
                0x08000440                SVCallVector
 .text._port_init
                0x08000460       0x40 build/obj/chcore_v7m.o
                0x08000460                _port_init
 .text._port_irq_epilogue
                0x080004a0       0x80 build/obj/chcore_v7m.o
                0x080004a0                _port_irq_epilogue
 .text.SysTickVector
                0x08000520       0x30 build/obj/chcore_v7m.o
                0x08000520                SysTickVector
 .text._port_switch
                0x08000550       0x10 build/obj/chcore_v7m.o
                0x08000550                _port_switch
 .text._port_thread_start
                0x08000560       0x20 build/obj/chcore_v7m.o
                0x08000560                _port_thread_start
 .text.nvicEnableVector
                0x08000580       0x50 build/obj/nvic.o
                0x08000580                nvicEnableVector
 .text.nvicSetSystemHandlerPriority
                0x080005d0       0x30 build/obj/nvic.o
                0x080005d0                nvicSetSystemHandlerPriority
 .text._idle_thread
                0x08000600       0x20 build/obj/chsys.o
                0x08000600                _idle_thread
 .text.chSysInit
                0x08000620       0x80 build/obj/chsys.o
                0x08000620                chSysInit
 .text.chSysTimerHandlerI
                0x080006a0       0x70 build/obj/chsys.o
                0x080006a0                chSysTimerHandlerI
 .text.dbg_check_enable
                0x08000710       0x30 build/obj/chdebug.o
                0x08000710                dbg_check_enable
 .text.dbg_check_lock
                0x08000740       0x30 build/obj/chdebug.o
                0x08000740                dbg_check_lock
 .text.dbg_check_unlock
                0x08000770       0x40 build/obj/chdebug.o
                0x08000770                dbg_check_unlock
 .text.dbg_check_lock_from_isr
                0x080007b0       0x30 build/obj/chdebug.o
                0x080007b0                dbg_check_lock_from_isr
 .text.dbg_check_unlock_from_isr
                0x080007e0       0x40 build/obj/chdebug.o
                0x080007e0                dbg_check_unlock_from_isr
 .text.dbg_check_enter_isr
                0x08000820       0x40 build/obj/chdebug.o
                0x08000820                dbg_check_enter_isr
 .text.dbg_check_leave_isr
                0x08000860       0x40 build/obj/chdebug.o
                0x08000860                dbg_check_leave_isr
 .text.chDbgCheckClassI
                0x080008a0       0x30 build/obj/chdebug.o
                0x080008a0                chDbgCheckClassI
 .text.chDbgCheckClassS
                0x080008d0       0x30 build/obj/chdebug.o
                0x080008d0                chDbgCheckClassS
 .text._trace_init
                0x08000900       0x20 build/obj/chdebug.o
                0x08000900                _trace_init
 .text.dbg_trace
                0x08000920       0x40 build/obj/chdebug.o
                0x08000920                dbg_trace
 .text.chDbgPanic
                0x08000960       0x10 build/obj/chdebug.o
                0x08000960                chDbgPanic
 .text._vt_init
                0x08000970       0x20 build/obj/chvt.o
                0x08000970                _vt_init
 .text.chVTSetI
                0x08000990       0x60 build/obj/chvt.o
                0x08000990                chVTSetI
 .text.chVTResetI
                0x080009f0       0x50 build/obj/chvt.o
                0x080009f0                chVTResetI
 .text._scheduler_init
                0x08000a40       0x20 build/obj/chschd.o
                0x08000a40                _scheduler_init
 .text.chSchReadyI
                0x08000a60       0x50 build/obj/chschd.o
                0x08000a60                chSchReadyI
 .text.wakeup   0x08000ab0       0x60 build/obj/chschd.o
 .text.chSchGoSleepS
                0x08000b10       0x50 build/obj/chschd.o
                0x08000b10                chSchGoSleepS
 .text.chSchGoSleepTimeoutS
                0x08000b60       0x50 build/obj/chschd.o
                0x08000b60                chSchGoSleepTimeoutS
 .text.chSchWakeupS
                0x08000bb0       0x60 build/obj/chschd.o
                0x08000bb0                chSchWakeupS
 .text.chSchDoRescheduleBehind
                0x08000c10       0x50 build/obj/chschd.o
                0x08000c10                chSchDoRescheduleBehind
 .text.chSchDoRescheduleAhead
                0x08000c60       0x60 build/obj/chschd.o
                0x08000c60                chSchDoRescheduleAhead
 .text.chSchDoReschedule
                0x08000cc0       0x20 build/obj/chschd.o
                0x08000cc0                chSchDoReschedule
 .text._thread_init
                0x08000ce0       0x60 build/obj/chthreads.o
                0x08000ce0                _thread_init
 .text.chThdCreateI
                0x08000d40       0xa0 build/obj/chthreads.o
                0x08000d40                chThdCreateI
 .text.chThdCreateStatic
                0x08000de0       0xa0 build/obj/chthreads.o
                0x08000de0                chThdCreateStatic
 .text.chThdSleep
                0x08000e80       0x30 build/obj/chthreads.o
                0x08000e80                chThdSleep
 .text.chThdExitS
                0x08000eb0       0x50 build/obj/chthreads.o
                0x08000eb0                chThdExitS
 .text.chThdExit
                0x08000f00       0x20 build/obj/chthreads.o
                0x08000f00                chThdExit
 .text.chMtxInit
                0x08000f20       0x20 build/obj/chmtx.o
                0x08000f20                chMtxInit
 .text.chEvtSignalI
                0x08000f40       0x50 build/obj/chevents.o
                0x08000f40                chEvtSignalI
 .text.chEvtBroadcastFlagsI
                0x08000f90       0x40 build/obj/chevents.o
                0x08000f90                chEvtBroadcastFlagsI
 .text.qwait    0x08000fd0       0x30 build/obj/chqueues.o
 .text.chIQInit
                0x08001000       0x20 build/obj/chqueues.o
                0x08001000                chIQInit
 .text.chIQPutI
                0x08001020       0x60 build/obj/chqueues.o
                0x08001020                chIQPutI
 .text.chIQGetTimeout
                0x08001080       0x60 build/obj/chqueues.o
                0x08001080                chIQGetTimeout
 .text.chIQReadTimeout
                0x080010e0       0xa0 build/obj/chqueues.o
                0x080010e0                chIQReadTimeout
 .text.chOQInit
                0x08001180       0x20 build/obj/chqueues.o
                0x08001180                chOQInit
 .text.chOQPutTimeout
                0x080011a0       0x70 build/obj/chqueues.o
                0x080011a0                chOQPutTimeout
 .text.chOQGetI
                0x08001210       0x50 build/obj/chqueues.o
                0x08001210                chOQGetI
 .text.chOQWriteTimeout
                0x08001260       0xa0 build/obj/chqueues.o
                0x08001260                chOQWriteTimeout
 .text._core_init
                0x08001300       0x30 build/obj/chmemcore.o
                0x08001300                _core_init
 .text.chCoreAllocI
                0x08001330       0x30 build/obj/chmemcore.o
                0x08001330                chCoreAllocI
 .text.chCoreAlloc
                0x08001360       0x30 build/obj/chmemcore.o
                0x08001360                chCoreAlloc
 .text._heap_init
                0x08001390       0x20 build/obj/chheap.o
                0x08001390                _heap_init
 .text.halInit  0x080013b0       0x30 build/obj/hal.o
                0x080013b0                halInit
 .text.adcInit  0x080013e0       0x10 build/obj/adc.o
                0x080013e0                adcInit
 .text.adcObjectInit
                0x080013f0       0x20 build/obj/adc.o
                0x080013f0                adcObjectInit
 .text.adcStart
                0x08001410       0x50 build/obj/adc.o
                0x08001410                adcStart
 .text.adcStartConversionI
                0x08001460       0x60 build/obj/adc.o
                0x08001460                adcStartConversionI
 .text.adcStartConversion
                0x080014c0       0x30 build/obj/adc.o
                0x080014c0                adcStartConversion
 .text.pwmInit  0x080014f0       0x10 build/obj/pwm.o
                0x080014f0                pwmInit
 .text.pwmObjectInit
                0x08001500       0x10 build/obj/pwm.o
                0x08001500                pwmObjectInit
 .text.pwmStart
                0x08001510       0x50 build/obj/pwm.o
                0x08001510                pwmStart
 .text.pwmEnableChannel
                0x08001560       0x50 build/obj/pwm.o
                0x08001560                pwmEnableChannel
 .text.pwmDisableChannel
                0x080015b0       0x50 build/obj/pwm.o
                0x080015b0                pwmDisableChannel
 .text.readt    0x08001600       0x10 build/obj/serial.o
 .text.read     0x08001610       0x10 build/obj/serial.o
 .text.writet   0x08001620       0x10 build/obj/serial.o
 .text.write    0x08001630       0x10 build/obj/serial.o
 .text.gett     0x08001640       0x10 build/obj/serial.o
 .text.get      0x08001650       0x10 build/obj/serial.o
 .text.putt     0x08001660       0x10 build/obj/serial.o
 .text.put      0x08001670       0x10 build/obj/serial.o
 .text.sdInit   0x08001680       0x10 build/obj/serial.o
                0x08001680                sdInit
 .text.sdObjectInit
                0x08001690       0x50 build/obj/serial.o
                0x08001690                sdObjectInit
 .text.sdStart  0x080016e0       0x50 build/obj/serial.o
                0x080016e0                sdStart
 .text.sdIncomingDataI
                0x08001730       0x50 build/obj/serial.o
                0x08001730                sdIncomingDataI
 .text.tm_start
                0x08001780       0x10 build/obj/tm.o
 .text.tm_stop  0x08001790       0x30 build/obj/tm.o
 .text.tmInit   0x080017c0       0x50 build/obj/tm.o
                0x080017c0                tmInit
 .text.Vector6C
                0x08001810       0x30 build/obj/stm32_dma.o
                0x08001810                Vector6C
 .text.Vector70
                0x08001840       0x30 build/obj/stm32_dma.o
                0x08001840                Vector70
 .text.Vector74
                0x08001870       0x40 build/obj/stm32_dma.o
                0x08001870                Vector74
 .text.Vector78
                0x080018b0       0x40 build/obj/stm32_dma.o
                0x080018b0                Vector78
 .text.Vector7C
                0x080018f0       0x40 build/obj/stm32_dma.o
                0x080018f0                Vector7C
 .text.Vector80
                0x08001930       0x40 build/obj/stm32_dma.o
                0x08001930                Vector80
 .text.Vector84
                0x08001970       0x40 build/obj/stm32_dma.o
                0x08001970                Vector84
 .text.Vector120
                0x080019b0       0x40 build/obj/stm32_dma.o
                0x080019b0                Vector120
 .text.Vector124
                0x080019f0       0x40 build/obj/stm32_dma.o
                0x080019f0                Vector124
 .text.Vector128
                0x08001a30       0x40 build/obj/stm32_dma.o
                0x08001a30                Vector128
 .text.Vector12C
                0x08001a70       0x40 build/obj/stm32_dma.o
                0x08001a70                Vector12C
 .text.Vector130
                0x08001ab0       0x40 build/obj/stm32_dma.o
                0x08001ab0                Vector130
 .text.dmaInit  0x08001af0       0xf0 build/obj/stm32_dma.o
                0x08001af0                dmaInit
 .text.dmaStreamAllocate
                0x08001be0       0xb0 build/obj/stm32_dma.o
                0x08001be0                dmaStreamAllocate
 .text.hal_lld_init
                0x08001c90       0x80 build/obj/hal_lld.o
                0x08001c90                hal_lld_init
 .text.stm32_clock_init
                0x08001d10       0xc0 build/obj/hal_lld.o
                0x08001d10                stm32_clock_init
 .text.adc_lld_serve_rx_interrupt
                0x08001dd0      0x130 build/obj/adc_lld.o
 .text.adc_lld_init
                0x08001f00       0x80 build/obj/adc_lld.o
                0x08001f00                adc_lld_init
 .text.adc_lld_start
                0x08001f80       0x60 build/obj/adc_lld.o
                0x08001f80                adc_lld_start
 .text.adc_lld_start_conversion
                0x08001fe0       0x70 build/obj/adc_lld.o
                0x08001fe0                adc_lld_start_conversion
 .text._pal_lld_init
                0x08002050       0x80 build/obj/pal_lld.o
                0x08002050                _pal_lld_init
 .text._pal_lld_setgroupmode
                0x080020d0      0x150 build/obj/pal_lld.o
                0x080020d0                _pal_lld_setgroupmode
 .text.VectorB4
                0x08002220       0x80 build/obj/pwm_lld.o
                0x08002220                VectorB4
 .text.pwm_lld_init
                0x080022a0       0x20 build/obj/pwm_lld.o
                0x080022a0                pwm_lld_init
 .text.pwm_lld_start
                0x080022c0      0x140 build/obj/pwm_lld.o
                0x080022c0                pwm_lld_start
 .text.pwm_lld_enable_channel
                0x08002400       0x40 build/obj/pwm_lld.o
                0x08002400                pwm_lld_enable_channel
 .text.pwm_lld_disable_channel
                0x08002440       0x20 build/obj/pwm_lld.o
                0x08002440                pwm_lld_disable_channel
 .text.notify2  0x08002460       0x20 build/obj/serial_lld.o
 .text.VectorD8
                0x08002480      0x170 build/obj/serial_lld.o
                0x08002480                VectorD8
 .text.sd_lld_init
                0x080025f0       0x30 build/obj/serial_lld.o
                0x080025f0                sd_lld_init
 .text.sd_lld_start
                0x08002620       0x80 build/obj/serial_lld.o
                0x08002620                sd_lld_start
 .text.__early_init
                0x080026a0       0x10 build/obj/board.o
                0x080026a0                __early_init
 .text.boardInit
                0x080026b0       0x10 build/obj/board.o
                0x080026b0                boardInit
 .text.long_to_string_with_divisor.constprop.0
                0x080026c0       0x70 build/obj/chprintf.o
 .text.chprintf
                0x08002730      0x3b0 build/obj/chprintf.o
                0x08002730                chprintf
 .text.printf   0x08002ae0       0x40 build/obj/dortII.o
                0x08002ae0                printf
 .text.move     0x08002b20       0xd0 build/obj/dortII.o
                0x08002b20                move
 .text.sensorRead
                0x08002bf0       0xd0 build/obj/main.o
 .text.heartBeat
                0x08002cc0       0x40 build/obj/main.o
 *(.rodata)
 *(.rodata.*)
 .rodata.str1.4
                0x08002d00        0x5 build/obj/chsys.o
                                  0x8 (size before relaxing)
 *fill*         0x08002d05        0xb 00
 .rodata.str1.4
                0x08002d10       0x56 build/obj/chdebug.o
                                 0x58 (size before relaxing)
 *fill*         0x08002d66        0xa 00
 .rodata.str1.4
                0x08002d70       0x31 build/obj/chvt.o
                                 0x34 (size before relaxing)
 *fill*         0x08002da1        0xf 00
 .rodata.str1.4
                0x08002db0       0x23 build/obj/chschd.o
                                 0x24 (size before relaxing)
 *fill*         0x08002dd3        0xd 00
 .rodata.str1.4
                0x08002de0       0x94 build/obj/chthreads.o
 *fill*         0x08002e74        0xc 00
 .rodata.ch_debug
                0x08002e80       0x18 build/obj/chregistry.o
                0x08002e80                ch_debug
 *fill*         0x08002e98        0x8 00
 .rodata.str1.4
                0x08002ea0       0xab build/obj/chmtx.o
                                 0xac (size before relaxing)
 *fill*         0x08002f4b        0x5 00
 .rodata.str1.4
                0x08002f50       0x90 build/obj/chevents.o
 .rodata.str1.4
                0x08002fe0       0x29 build/obj/chqueues.o
                                 0x2c (size before relaxing)
 *fill*         0x08003009        0x7 00
 .rodata.str1.4
                0x08003010      0x10e build/obj/adc.o
                                0x110 (size before relaxing)
 *fill*         0x0800311e        0x2 00
 .rodata.str1.4
                0x08003120       0xb0 build/obj/pwm.o
 .rodata.str1.4
                0x080031d0       0x5f build/obj/serial.o
                                 0x60 (size before relaxing)
 *fill*         0x0800322f        0x1 00
 .rodata.vmt    0x08003230       0x20 build/obj/serial.o
 .rodata.str1.4
                0x08003250       0x47 build/obj/stm32_dma.o
                                 0x48 (size before relaxing)
 *fill*         0x08003297        0x9 00
 .rodata._stm32_dma_streams
                0x080032a0       0x90 build/obj/stm32_dma.o
                0x080032a0                _stm32_dma_streams
 .rodata.str1.4
                0x08003330       0x14 build/obj/adc_lld.o
 *fill*         0x08003344        0xc 00
 .rodata.cfgtab.6282
                0x08003350       0x14 build/obj/pal_lld.o
 *fill*         0x08003364        0xc 00
 .rodata.str1.4
                0x08003370       0x14 build/obj/pwm_lld.o
 *fill*         0x08003384        0xc 00
 .rodata.default_config
                0x08003390        0xc build/obj/serial_lld.o
 *fill*         0x0800339c        0x4 00
 .rodata.pal_default_config
                0x080033a0       0x3c build/obj/board.o
                0x080033a0                pal_default_config
 *fill*         0x080033dc        0x4 00
 .rodata.str1.4
                0x080033e0        0x7 build/obj/chprintf.o
                                  0x8 (size before relaxing)
 *fill*         0x080033e7        0x9 00
 .rodata.str1.4
                0x080033f0        0xa build/obj/dortII.o
                                  0xc (size before relaxing)
 *fill*         0x080033fa        0x6 00
 .rodata.adcGrpCfg
                0x08003400       0x28 build/obj/main.o
 *fill*         0x08003428        0x8 00
 .rodata.str1.4
                0x08003430       0x28 build/obj/main.o
 *(.glue_7t)
 .glue_7t       0x00000000        0x0 linker stubs
 *(.glue_7)
 .glue_7        0x00000000        0x0 linker stubs
 *(.gcc*)

.vfp11_veneer   0x08003458        0x0
 .vfp11_veneer  0x00000000        0x0 linker stubs

.v4_bx          0x08003458        0x0
 .v4_bx         0x00000000        0x0 linker stubs

.iplt           0x08003458        0x0
 .iplt          0x00000000        0x0 build/obj/crt0.o

.rel.dyn        0x08003458        0x0
 .rel.iplt      0x00000000        0x0 build/obj/crt0.o

.ARM.extab
 *(.ARM.extab* .gnu.linkonce.armextab.*)

.ARM.exidx      0x08003458        0x0
                0x08003458                PROVIDE (__exidx_start, .)
 *(.ARM.exidx* .gnu.linkonce.armexidx.*)
                0x08003458                PROVIDE (__exidx_end, .)

.eh_frame_hdr
 *(.eh_frame_hdr)

.eh_frame
 *(.eh_frame)

.textalign      0x08003458        0x0
                0x08003458                . = ALIGN (0x8)
                0x08003458                . = ALIGN (0x4)
                0x08003458                _etext = .
                0x08003458                _textdata = _etext

.stacks         0x20000000      0x800
                0x20000000                . = ALIGN (0x8)
                0x20000000                __main_stack_base__ = .
                0x20000400                . = (. + __main_stack_size__)
 *fill*         0x20000000      0x400 00
                0x20000400                . = ALIGN (0x8)
                0x20000400                __main_stack_end__ = .
                0x20000400                __process_stack_base__ = .
                0x20000400                __main_thread_stack_base__ = .
                0x20000800                . = (. + __process_stack_size__)
 *fill*         0x20000400      0x400 00
                0x20000800                . = ALIGN (0x8)
                0x20000800                __process_stack_end__ = .
                0x20000800                __main_thread_stack_end__ = .

.data           0x20000800       0x34 load address 0x08003458
                0x20000800                . = ALIGN (0x4)
                0x20000800                PROVIDE (_data, .)
 *(.data)
                0x20000800                . = ALIGN (0x4)
 *(.data.*)
 .data.pwmCfg   0x20000800       0x34 build/obj/main.o
                0x20000834                . = ALIGN (0x4)
 *(.ramtext)
                0x20000834                . = ALIGN (0x4)
                0x20000834                PROVIDE (_edata, .)

.igot.plt       0x20000834        0x0 load address 0x0800348c
 .igot.plt      0x00000000        0x0 build/obj/crt0.o

.bss            0x20000838      0xa40 load address 0x0800348c
                0x20000838                . = ALIGN (0x4)
                0x20000838                PROVIDE (_bss_start, .)
 *(.bss)
                0x20000838                . = ALIGN (0x4)
 *(.bss.*)
 .bss.mainthread.4821
                0x20000838       0x4c build/obj/chsys.o
 *fill*         0x20000884        0x4 00
 .bss._idle_thread_wa
                0x20000888       0xc0 build/obj/chsys.o
                0x20000888                _idle_thread_wa
 .bss.dbg_isr_cnt
                0x20000948        0x4 build/obj/chdebug.o
                0x20000948                dbg_isr_cnt
 .bss.dbg_trace_buffer
                0x2000094c      0x408 build/obj/chdebug.o
                0x2000094c                dbg_trace_buffer
 .bss.dbg_lock_cnt
                0x20000d54        0x4 build/obj/chdebug.o
                0x20000d54                dbg_lock_cnt
 .bss.dbg_panic_msg
                0x20000d58        0x4 build/obj/chdebug.o
                0x20000d58                dbg_panic_msg
 .bss.vtlist    0x20000d5c       0x10 build/obj/chvt.o
                0x20000d5c                vtlist
 .bss.rlist     0x20000d6c       0x1c build/obj/chschd.o
                0x20000d6c                rlist
 .bss.endmem    0x20000d88        0x4 build/obj/chmemcore.o
 .bss.nextmem   0x20000d8c        0x4 build/obj/chmemcore.o
 .bss.default_heap
                0x20000d90       0x20 build/obj/chheap.o
 .bss.measurement_offset
                0x20000db0        0x4 build/obj/tm.o
 .bss.dma_isr_redir
                0x20000db4       0x60 build/obj/stm32_dma.o
 .bss.dma_streams_mask
                0x20000e14        0x4 build/obj/stm32_dma.o
 .bss.ADCD1     0x20000e18       0x34 build/obj/adc_lld.o
                0x20000e18                ADCD1
 .bss.PWMD3     0x20000e4c       0x14 build/obj/pwm_lld.o
                0x20000e4c                PWMD3
 .bss.SD2       0x20000e60       0x78 build/obj/serial_lld.o
                0x20000e60                SD2
 .bss.sensorWrkArea
                0x20000ed8      0x2b0 build/obj/main.o
 .bss.irSamples
                0x20001188       0x20 build/obj/main.o
 .bss.heartWrkArea
                0x200011a8       0xd0 build/obj/main.o
                0x20001278                . = ALIGN (0x4)
 *(COMMON)
                0x20001278                . = ALIGN (0x4)
                0x20001278                PROVIDE (_bss_end, .)
                0x20001278                PROVIDE (end, .)
                0x20001278                _end = .
                0x20001278                __heap_base__ = _end
                0x20010000                __heap_end__ = __ram_end__
OUTPUT(build/ch.elf elf32-littlearm)

.debug_info     0x00000000    0x11c74
 .debug_info    0x00000000      0x2a8 build/obj/crt0.o
 .debug_info    0x000002a8      0x1f0 build/obj/vectors.o
 .debug_info    0x00000498       0x9a build/obj/chcore.o
 .debug_info    0x00000532      0x946 build/obj/chcore_v7m.o
 .debug_info    0x00000e78      0x455 build/obj/nvic.o
 .debug_info    0x000012cd      0x94c build/obj/chsys.o
 .debug_info    0x00001c19      0x9f3 build/obj/chdebug.o
 .debug_info    0x0000260c      0x298 build/obj/chvt.o
 .debug_info    0x000028a4      0xb87 build/obj/chschd.o
 .debug_info    0x0000342b      0xec1 build/obj/chthreads.o
 .debug_info    0x000042ec      0x721 build/obj/chregistry.o
 .debug_info    0x00004a0d      0xbb6 build/obj/chmtx.o
 .debug_info    0x000055c3     0x1089 build/obj/chevents.o
 .debug_info    0x0000664c      0xdbd build/obj/chqueues.o
 .debug_info    0x00007409      0x23b build/obj/chmemcore.o
 .debug_info    0x00007644      0x7a0 build/obj/chheap.o
 .debug_info    0x00007de4      0x395 build/obj/hal.o
 .debug_info    0x00008179     0x1071 build/obj/adc.o
 .debug_info    0x000091ea      0x878 build/obj/pwm.o
 .debug_info    0x00009a62     0x11de build/obj/serial.o
 .debug_info    0x0000ac40      0x2f1 build/obj/tm.o
 .debug_info    0x0000af31      0x9ae build/obj/stm32_dma.o
 .debug_info    0x0000b8df      0x3ec build/obj/hal_lld.o
 .debug_info    0x0000bccb      0xd99 build/obj/adc_lld.o
 .debug_info    0x0000ca64      0x3bc build/obj/pal_lld.o
 .debug_info    0x0000ce20      0x91f build/obj/pwm_lld.o
 .debug_info    0x0000d73f     0x11d5 build/obj/serial_lld.o
 .debug_info    0x0000e914      0x1a0 build/obj/board.o
 .debug_info    0x0000eab4      0x558 build/obj/chprintf.o
 .debug_info    0x0000f00c     0x1442 build/obj/dortII.o
 .debug_info    0x0001044e     0x1826 build/obj/main.o

.debug_abbrev   0x00000000     0x3eac
 .debug_abbrev  0x00000000       0xdc build/obj/crt0.o
 .debug_abbrev  0x000000dc       0xb1 build/obj/vectors.o
 .debug_abbrev  0x0000018d       0x44 build/obj/chcore.o
 .debug_abbrev  0x000001d1      0x1d5 build/obj/chcore_v7m.o
 .debug_abbrev  0x000003a6       0xf2 build/obj/nvic.o
 .debug_abbrev  0x00000498      0x1ff build/obj/chsys.o
 .debug_abbrev  0x00000697      0x246 build/obj/chdebug.o
 .debug_abbrev  0x000008dd      0x153 build/obj/chvt.o
 .debug_abbrev  0x00000a30      0x32e build/obj/chschd.o
 .debug_abbrev  0x00000d5e      0x367 build/obj/chthreads.o
 .debug_abbrev  0x000010c5      0x1bc build/obj/chregistry.o
 .debug_abbrev  0x00001281      0x2d3 build/obj/chmtx.o
 .debug_abbrev  0x00001554      0x30b build/obj/chevents.o
 .debug_abbrev  0x0000185f      0x34e build/obj/chqueues.o
 .debug_abbrev  0x00001bad      0x12e build/obj/chmemcore.o
 .debug_abbrev  0x00001cdb      0x21b build/obj/chheap.o
 .debug_abbrev  0x00001ef6      0x1d9 build/obj/hal.o
 .debug_abbrev  0x000020cf      0x2ce build/obj/adc.o
 .debug_abbrev  0x0000239d      0x1e2 build/obj/pwm.o
 .debug_abbrev  0x0000257f      0x2dc build/obj/serial.o
 .debug_abbrev  0x0000285b      0x19c build/obj/tm.o
 .debug_abbrev  0x000029f7      0x252 build/obj/stm32_dma.o
 .debug_abbrev  0x00002c49      0x11b build/obj/hal_lld.o
 .debug_abbrev  0x00002d64      0x2cc build/obj/adc_lld.o
 .debug_abbrev  0x00003030      0x12c build/obj/pal_lld.o
 .debug_abbrev  0x0000315c      0x283 build/obj/pwm_lld.o
 .debug_abbrev  0x000033df      0x364 build/obj/serial_lld.o
 .debug_abbrev  0x00003743       0xe5 build/obj/board.o
 .debug_abbrev  0x00003828      0x1d3 build/obj/chprintf.o
 .debug_abbrev  0x000039fb      0x23d build/obj/dortII.o
 .debug_abbrev  0x00003c38      0x274 build/obj/main.o

.debug_aranges  0x00000000      0x8d8
 .debug_aranges
                0x00000000       0x38 build/obj/crt0.o
 .debug_aranges
                0x00000038       0x20 build/obj/vectors.o
 .debug_aranges
                0x00000058       0x20 build/obj/chcore.o
 .debug_aranges
                0x00000078       0x50 build/obj/chcore_v7m.o
 .debug_aranges
                0x000000c8       0x30 build/obj/nvic.o
 .debug_aranges
                0x000000f8       0x30 build/obj/chsys.o
 .debug_aranges
                0x00000128       0x88 build/obj/chdebug.o
 .debug_aranges
                0x000001b0       0x30 build/obj/chvt.o
 .debug_aranges
                0x000001e0       0x68 build/obj/chschd.o
 .debug_aranges
                0x00000248       0x80 build/obj/chthreads.o
 .debug_aranges
                0x000002c8       0x28 build/obj/chregistry.o
 .debug_aranges
                0x000002f0       0x58 build/obj/chmtx.o
 .debug_aranges
                0x00000348       0xa0 build/obj/chevents.o
 .debug_aranges
                0x000003e8       0x70 build/obj/chqueues.o
 .debug_aranges
                0x00000458       0x38 build/obj/chmemcore.o
 .debug_aranges
                0x00000490       0x40 build/obj/chheap.o
 .debug_aranges
                0x000004d0       0x30 build/obj/hal.o
 .debug_aranges
                0x00000500       0x70 build/obj/adc.o
 .debug_aranges
                0x00000570       0x50 build/obj/pwm.o
 .debug_aranges
                0x000005c0       0x88 build/obj/serial.o
 .debug_aranges
                0x00000648       0x38 build/obj/tm.o
 .debug_aranges
                0x00000680       0x90 build/obj/stm32_dma.o
 .debug_aranges
                0x00000710       0x28 build/obj/hal_lld.o
 .debug_aranges
                0x00000738       0x48 build/obj/adc_lld.o
 .debug_aranges
                0x00000780       0x28 build/obj/pal_lld.o
 .debug_aranges
                0x000007a8       0x48 build/obj/pwm_lld.o
 .debug_aranges
                0x000007f0       0x40 build/obj/serial_lld.o
 .debug_aranges
                0x00000830       0x28 build/obj/board.o
 .debug_aranges
                0x00000858       0x28 build/obj/chprintf.o
 .debug_aranges
                0x00000880       0x28 build/obj/dortII.o
 .debug_aranges
                0x000008a8       0x30 build/obj/main.o

.debug_ranges   0x00000000      0xe70
 .debug_ranges  0x00000000       0xe0 build/obj/crt0.o
 .debug_ranges  0x000000e0       0x10 build/obj/vectors.o
 .debug_ranges  0x000000f0       0x10 build/obj/chcore.o
 .debug_ranges  0x00000100       0x58 build/obj/chcore_v7m.o
 .debug_ranges  0x00000158       0x20 build/obj/nvic.o
 .debug_ranges  0x00000178       0x20 build/obj/chsys.o
 .debug_ranges  0x00000198       0xf0 build/obj/chdebug.o
 .debug_ranges  0x00000288       0x20 build/obj/chvt.o
 .debug_ranges  0x000002a8      0x1e8 build/obj/chschd.o
 .debug_ranges  0x00000490      0x150 build/obj/chthreads.o
 .debug_ranges  0x000005e0       0x18 build/obj/chregistry.o
 .debug_ranges  0x000005f8      0x230 build/obj/chmtx.o
 .debug_ranges  0x00000828       0xd8 build/obj/chevents.o
 .debug_ranges  0x00000900       0xa8 build/obj/chqueues.o
 .debug_ranges  0x000009a8       0x40 build/obj/chmemcore.o
 .debug_ranges  0x000009e8       0x30 build/obj/chheap.o
 .debug_ranges  0x00000a18       0x20 build/obj/hal.o
 .debug_ranges  0x00000a38       0x78 build/obj/adc.o
 .debug_ranges  0x00000ab0       0x40 build/obj/pwm.o
 .debug_ranges  0x00000af0       0x78 build/obj/serial.o
 .debug_ranges  0x00000b68       0x70 build/obj/tm.o
 .debug_ranges  0x00000bd8       0x80 build/obj/stm32_dma.o
 .debug_ranges  0x00000c58       0x38 build/obj/hal_lld.o
 .debug_ranges  0x00000c90       0x70 build/obj/adc_lld.o
 .debug_ranges  0x00000d00       0x18 build/obj/pal_lld.o
 .debug_ranges  0x00000d18       0x78 build/obj/pwm_lld.o
 .debug_ranges  0x00000d90       0x78 build/obj/serial_lld.o
 .debug_ranges  0x00000e08       0x18 build/obj/board.o
 .debug_ranges  0x00000e20       0x18 build/obj/chprintf.o
 .debug_ranges  0x00000e38       0x18 build/obj/dortII.o
 .debug_ranges  0x00000e50       0x20 build/obj/main.o

.debug_line     0x00000000     0x4a89
 .debug_line    0x00000000      0x13c build/obj/crt0.o
 .debug_line    0x0000013c       0xb4 build/obj/vectors.o
 .debug_line    0x000001f0       0x53 build/obj/chcore.o
 .debug_line    0x00000243      0x1f7 build/obj/chcore_v7m.o
 .debug_line    0x0000043a       0xf2 build/obj/nvic.o
 .debug_line    0x0000052c      0x1e6 build/obj/chsys.o
 .debug_line    0x00000712      0x2f3 build/obj/chdebug.o
 .debug_line    0x00000a05      0x159 build/obj/chvt.o
 .debug_line    0x00000b5e      0x34f build/obj/chschd.o
 .debug_line    0x00000ead      0x3b8 build/obj/chthreads.o
 .debug_line    0x00001265      0x1b7 build/obj/chregistry.o
 .debug_line    0x0000141c      0x36f build/obj/chmtx.o
 .debug_line    0x0000178b      0x357 build/obj/chevents.o
 .debug_line    0x00001ae2      0x388 build/obj/chqueues.o
 .debug_line    0x00001e6a      0x14d build/obj/chmemcore.o
 .debug_line    0x00001fb7      0x274 build/obj/chheap.o
 .debug_line    0x0000222b      0x245 build/obj/hal.o
 .debug_line    0x00002470      0x390 build/obj/adc.o
 .debug_line    0x00002800      0x23f build/obj/pwm.o
 .debug_line    0x00002a3f      0x385 build/obj/serial.o
 .debug_line    0x00002dc4      0x1b8 build/obj/tm.o
 .debug_line    0x00002f7c      0x365 build/obj/stm32_dma.o
 .debug_line    0x000032e1      0x1b4 build/obj/hal_lld.o
 .debug_line    0x00003495      0x366 build/obj/adc_lld.o
 .debug_line    0x000037fb      0x1dc build/obj/pal_lld.o
 .debug_line    0x000039d7      0x2da build/obj/pwm_lld.o
 .debug_line    0x00003cb1      0x320 build/obj/serial_lld.o
 .debug_line    0x00003fd1      0x159 build/obj/board.o
 .debug_line    0x0000412a      0x2c5 build/obj/chprintf.o
 .debug_line    0x000043ef      0x312 build/obj/dortII.o
 .debug_line    0x00004701      0x388 build/obj/main.o

.debug_str      0x00000000     0x225e
 .debug_str     0x00000000      0x212 build/obj/crt0.o
                                0x246 (size before relaxing)
 .debug_str     0x00000212      0x145 build/obj/vectors.o
                                0x271 (size before relaxing)
 .debug_str     0x00000357       0x2d build/obj/chcore.o
                                0x144 (size before relaxing)
 .debug_str     0x00000384      0x374 build/obj/chcore_v7m.o
                                0x4b2 (size before relaxing)
 .debug_str     0x000006f8       0x9e build/obj/nvic.o
                                0x243 (size before relaxing)
 .debug_str     0x00000796      0x23a build/obj/chsys.o
                                0x577 (size before relaxing)
 .debug_str     0x000009d0       0xfb build/obj/chdebug.o
                                0x4ee (size before relaxing)
 .debug_str     0x00000acb       0x36 build/obj/chvt.o
                                0x1e0 (size before relaxing)
 .debug_str     0x00000b01       0xd5 build/obj/chschd.o
                                0x4ae (size before relaxing)
 .debug_str     0x00000bd6       0xef build/obj/chthreads.o
                                0x508 (size before relaxing)
 .debug_str     0x00000cc5       0x42 build/obj/chregistry.o
                                0x45e (size before relaxing)
 .debug_str     0x00000d07       0x91 build/obj/chmtx.o
                                0x406 (size before relaxing)
 .debug_str     0x00000d98      0x1b9 build/obj/chevents.o
                                0x52a (size before relaxing)
 .debug_str     0x00000f51      0x126 build/obj/chqueues.o
                                0x491 (size before relaxing)
 .debug_str     0x00001077       0x70 build/obj/chmemcore.o
                                0x1e0 (size before relaxing)
 .debug_str     0x000010e7       0xad build/obj/chheap.o
                                0x3a5 (size before relaxing)
 .debug_str     0x00001194      0x13c build/obj/hal.o
                                0x279 (size before relaxing)
 .debug_str     0x000012d0      0x2eb build/obj/adc.o
                                0x6a2 (size before relaxing)
 .debug_str     0x000015bb      0x1ad build/obj/pwm.o
                                0x349 (size before relaxing)
 .debug_str     0x00001768      0x16f build/obj/serial.o
                                0x5fe (size before relaxing)
 .debug_str     0x000018d7       0x67 build/obj/tm.o
                                0x200 (size before relaxing)
 .debug_str     0x0000193e      0x545 build/obj/stm32_dma.o
                                0x774 (size before relaxing)
 .debug_str     0x00001e83       0xbf build/obj/hal_lld.o
                                0x2ab (size before relaxing)
 .debug_str     0x00001f42       0x5c build/obj/adc_lld.o
                                0x67f (size before relaxing)
 .debug_str     0x00001f9e       0x88 build/obj/pal_lld.o
                                0x271 (size before relaxing)
 .debug_str     0x00002026       0x59 build/obj/pwm_lld.o
                                0x780 (size before relaxing)
 .debug_str     0x0000207f       0x65 build/obj/serial_lld.o
                                0x9f5 (size before relaxing)
 .debug_str     0x000020e4       0x2a build/obj/board.o
                                0x1da (size before relaxing)
 .debug_str     0x0000210e       0xd2 build/obj/chprintf.o
                                0x22e (size before relaxing)
 .debug_str     0x000021e0       0x47 build/obj/dortII.o
                                0x825 (size before relaxing)
 .debug_str     0x00002227       0x37 build/obj/main.o
                                0x8a7 (size before relaxing)

.comment        0x00000000       0x70
 .comment       0x00000000       0x70 build/obj/crt0.o
                                 0x71 (size before relaxing)
 .comment       0x00000000       0x71 build/obj/vectors.o
 .comment       0x00000000       0x71 build/obj/chcore.o
 .comment       0x00000000       0x71 build/obj/chcore_v7m.o
 .comment       0x00000000       0x71 build/obj/nvic.o
 .comment       0x00000000       0x71 build/obj/chsys.o
 .comment       0x00000000       0x71 build/obj/chdebug.o
 .comment       0x00000000       0x71 build/obj/chvt.o
 .comment       0x00000000       0x71 build/obj/chschd.o
 .comment       0x00000000       0x71 build/obj/chthreads.o
 .comment       0x00000000       0x71 build/obj/chregistry.o
 .comment       0x00000000       0x71 build/obj/chmtx.o
 .comment       0x00000000       0x71 build/obj/chevents.o
 .comment       0x00000000       0x71 build/obj/chqueues.o
 .comment       0x00000000       0x71 build/obj/chmemcore.o
 .comment       0x00000000       0x71 build/obj/chheap.o
 .comment       0x00000000       0x71 build/obj/hal.o
 .comment       0x00000000       0x71 build/obj/adc.o
 .comment       0x00000000       0x71 build/obj/pwm.o
 .comment       0x00000000       0x71 build/obj/serial.o
 .comment       0x00000000       0x71 build/obj/tm.o
 .comment       0x00000000       0x71 build/obj/stm32_dma.o
 .comment       0x00000000       0x71 build/obj/hal_lld.o
 .comment       0x00000000       0x71 build/obj/adc_lld.o
 .comment       0x00000000       0x71 build/obj/pal_lld.o
 .comment       0x00000000       0x71 build/obj/pwm_lld.o
 .comment       0x00000000       0x71 build/obj/serial_lld.o
 .comment       0x00000000       0x71 build/obj/board.o
 .comment       0x00000000       0x71 build/obj/chprintf.o
 .comment       0x00000000       0x71 build/obj/dortII.o
 .comment       0x00000000       0x71 build/obj/main.o

.ARM.attributes
                0x00000000       0x33
 .ARM.attributes
                0x00000000       0x33 build/obj/crt0.o
 .ARM.attributes
                0x00000033       0x33 build/obj/vectors.o
 .ARM.attributes
                0x00000066       0x33 build/obj/chcore.o
 .ARM.attributes
                0x00000099       0x33 build/obj/chcore_v7m.o
 .ARM.attributes
                0x000000cc       0x33 build/obj/nvic.o
 .ARM.attributes
                0x000000ff       0x33 build/obj/chsys.o
 .ARM.attributes
                0x00000132       0x33 build/obj/chdebug.o
 .ARM.attributes
                0x00000165       0x33 build/obj/chvt.o
 .ARM.attributes
                0x00000198       0x33 build/obj/chschd.o
 .ARM.attributes
                0x000001cb       0x33 build/obj/chthreads.o
 .ARM.attributes
                0x000001fe       0x33 build/obj/chregistry.o
 .ARM.attributes
                0x00000231       0x33 build/obj/chmtx.o
 .ARM.attributes
                0x00000264       0x33 build/obj/chevents.o
 .ARM.attributes
                0x00000297       0x33 build/obj/chqueues.o
 .ARM.attributes
                0x000002ca       0x33 build/obj/chmemcore.o
 .ARM.attributes
                0x000002fd       0x33 build/obj/chheap.o
 .ARM.attributes
                0x00000330       0x33 build/obj/hal.o
 .ARM.attributes
                0x00000363       0x33 build/obj/adc.o
 .ARM.attributes
                0x00000396       0x33 build/obj/pwm.o
 .ARM.attributes
                0x000003c9       0x33 build/obj/serial.o
 .ARM.attributes
                0x000003fc       0x33 build/obj/tm.o
 .ARM.attributes
                0x0000042f       0x33 build/obj/stm32_dma.o
 .ARM.attributes
                0x00000462       0x33 build/obj/hal_lld.o
 .ARM.attributes
                0x00000495       0x33 build/obj/adc_lld.o
 .ARM.attributes
                0x000004c8       0x33 build/obj/pal_lld.o
 .ARM.attributes
                0x000004fb       0x33 build/obj/pwm_lld.o
 .ARM.attributes
                0x0000052e       0x33 build/obj/serial_lld.o
 .ARM.attributes
                0x00000561       0x33 build/obj/board.o
 .ARM.attributes
                0x00000594       0x33 build/obj/chprintf.o
 .ARM.attributes
                0x000005c7       0x33 build/obj/dortII.o
 .ARM.attributes
                0x000005fa       0x33 build/obj/main.o

.debug_frame    0x00000000     0x1660
 .debug_frame   0x00000000       0x50 build/obj/crt0.o
 .debug_frame   0x00000050       0x20 build/obj/vectors.o
 .debug_frame   0x00000070       0x20 build/obj/chcore.o
 .debug_frame   0x00000090       0xa4 build/obj/chcore_v7m.o
 .debug_frame   0x00000134       0x5c build/obj/nvic.o
 .debug_frame   0x00000190       0x68 build/obj/chsys.o
 .debug_frame   0x000001f8      0x140 build/obj/chdebug.o
 .debug_frame   0x00000338       0x64 build/obj/chvt.o
 .debug_frame   0x0000039c      0x128 build/obj/chschd.o
 .debug_frame   0x000004c4      0x1ac build/obj/chthreads.o
 .debug_frame   0x00000670       0x4c build/obj/chregistry.o
 .debug_frame   0x000006bc      0x108 build/obj/chmtx.o
 .debug_frame   0x000007c4      0x238 build/obj/chevents.o
 .debug_frame   0x000009fc      0x180 build/obj/chqueues.o
 .debug_frame   0x00000b7c       0x68 build/obj/chmemcore.o
 .debug_frame   0x00000be4       0xb0 build/obj/chheap.o
 .debug_frame   0x00000c94       0x4c build/obj/hal.o
 .debug_frame   0x00000ce0      0x154 build/obj/adc.o
 .debug_frame   0x00000e34       0xcc build/obj/pwm.o
 .debug_frame   0x00000f00      0x140 build/obj/serial.o
 .debug_frame   0x00001040       0x5c build/obj/tm.o
 .debug_frame   0x0000109c      0x1d8 build/obj/stm32_dma.o
 .debug_frame   0x00001274       0x3c build/obj/hal_lld.o
 .debug_frame   0x000012b0       0xcc build/obj/adc_lld.o
 .debug_frame   0x0000137c       0x48 build/obj/pal_lld.o
 .debug_frame   0x000013c4       0xb4 build/obj/pwm_lld.o
 .debug_frame   0x00001478       0x94 build/obj/serial_lld.o
 .debug_frame   0x0000150c       0x30 build/obj/board.o
 .debug_frame   0x0000153c       0x70 build/obj/chprintf.o
 .debug_frame   0x000015ac       0x48 build/obj/dortII.o
 .debug_frame   0x000015f4       0x6c build/obj/main.o

.debug_loc      0x00000000     0xa11f
 .debug_loc     0x00000000      0x12c build/obj/chcore_v7m.o
 .debug_loc     0x0000012c      0x1c9 build/obj/nvic.o
 .debug_loc     0x000002f5       0xcc build/obj/chsys.o
 .debug_loc     0x000003c1      0x22c build/obj/chdebug.o
 .debug_loc     0x000005ed      0x10b build/obj/chvt.o
 .debug_loc     0x000006f8      0x315 build/obj/chschd.o
 .debug_loc     0x00000a0d      0x6b2 build/obj/chthreads.o
 .debug_loc     0x000010bf       0xc9 build/obj/chregistry.o
 .debug_loc     0x00001188      0x4f6 build/obj/chmtx.o
 .debug_loc     0x0000167e      0x9d8 build/obj/chevents.o
 .debug_loc     0x00002056      0x92e build/obj/chqueues.o
 .debug_loc     0x00002984      0x10b build/obj/chmemcore.o
 .debug_loc     0x00002a8f      0x313 build/obj/chheap.o
 .debug_loc     0x00002da2       0xa7 build/obj/hal.o
 .debug_loc     0x00002e49      0x504 build/obj/adc.o
 .debug_loc     0x0000334d      0x37e build/obj/pwm.o
 .debug_loc     0x000036cb      0x5aa build/obj/serial.o
 .debug_loc     0x00003c75       0x99 build/obj/tm.o
 .debug_loc     0x00003d0e      0x496 build/obj/stm32_dma.o
 .debug_loc     0x000041a4       0x20 build/obj/hal_lld.o
 .debug_loc     0x000041c4      0x402 build/obj/adc_lld.o
 .debug_loc     0x000045c6     0x4bfe build/obj/pal_lld.o
 .debug_loc     0x000091c4      0x284 build/obj/pwm_lld.o
 .debug_loc     0x00009448      0x316 build/obj/serial_lld.o
 .debug_loc     0x0000975e      0x78f build/obj/chprintf.o
 .debug_loc     0x00009eed      0x14b build/obj/dortII.o
 .debug_loc     0x0000a038       0xe7 build/obj/main.o

Cross Reference Table

Symbol                                            File
ADCD1                                             build/obj/adc_lld.o
                                                  build/obj/main.o
BusFaultVector                                    build/obj/vectors.o
DebugMonitorVector                                build/obj/vectors.o
HardFaultVector                                   build/obj/vectors.o
MemManageVector                                   build/obj/vectors.o
NMIVector                                         build/obj/vectors.o
PWMD3                                             build/obj/pwm_lld.o
                                                  build/obj/main.o
                                                  build/obj/dortII.o
PendSVVector                                      build/obj/vectors.o
ResetHandler                                      build/obj/crt0.o
                                                  build/obj/vectors.o
SD2                                               build/obj/serial_lld.o
                                                  build/obj/main.o
                                                  build/obj/dortII.o
SVCallVector                                      build/obj/chcore_v7m.o
                                                  build/obj/vectors.o
SysTickVector                                     build/obj/chcore_v7m.o
                                                  build/obj/vectors.o
TestThread                                        build/obj/test.o
UsageFaultVector                                  build/obj/vectors.o
Vector100                                         build/obj/vectors.o
Vector104                                         build/obj/vectors.o
Vector108                                         build/obj/vectors.o
Vector10C                                         build/obj/vectors.o
Vector110                                         build/obj/vectors.o
Vector114                                         build/obj/vectors.o
Vector118                                         build/obj/vectors.o
Vector11C                                         build/obj/vectors.o
Vector120                                         build/obj/stm32_dma.o
                                                  build/obj/vectors.o
Vector124                                         build/obj/stm32_dma.o
                                                  build/obj/vectors.o
Vector128                                         build/obj/stm32_dma.o
                                                  build/obj/vectors.o
Vector12C                                         build/obj/stm32_dma.o
                                                  build/obj/vectors.o
Vector130                                         build/obj/stm32_dma.o
                                                  build/obj/vectors.o
Vector134                                         build/obj/vectors.o
Vector138                                         build/obj/vectors.o
Vector13C                                         build/obj/vectors.o
Vector140                                         build/obj/vectors.o
Vector144                                         build/obj/vectors.o
Vector148                                         build/obj/vectors.o
Vector14C                                         build/obj/vectors.o
Vector1C                                          build/obj/vectors.o
Vector20                                          build/obj/vectors.o
Vector24                                          build/obj/vectors.o
Vector28                                          build/obj/vectors.o
Vector34                                          build/obj/vectors.o
Vector40                                          build/obj/vectors.o
Vector44                                          build/obj/vectors.o
Vector48                                          build/obj/vectors.o
Vector4C                                          build/obj/vectors.o
Vector50                                          build/obj/vectors.o
Vector54                                          build/obj/vectors.o
Vector58                                          build/obj/vectors.o
Vector5C                                          build/obj/vectors.o
Vector60                                          build/obj/vectors.o
Vector64                                          build/obj/vectors.o
Vector68                                          build/obj/vectors.o
Vector6C                                          build/obj/stm32_dma.o
                                                  build/obj/vectors.o
Vector70                                          build/obj/stm32_dma.o
                                                  build/obj/vectors.o
Vector74                                          build/obj/stm32_dma.o
                                                  build/obj/vectors.o
Vector78                                          build/obj/stm32_dma.o
                                                  build/obj/vectors.o
Vector7C                                          build/obj/stm32_dma.o
                                                  build/obj/vectors.o
Vector80                                          build/obj/stm32_dma.o
                                                  build/obj/vectors.o
Vector84                                          build/obj/stm32_dma.o
                                                  build/obj/vectors.o
Vector88                                          build/obj/vectors.o
Vector8C                                          build/obj/vectors.o
Vector90                                          build/obj/vectors.o
Vector94                                          build/obj/vectors.o
Vector98                                          build/obj/vectors.o
Vector9C                                          build/obj/vectors.o
VectorA0                                          build/obj/vectors.o
VectorA4                                          build/obj/vectors.o
VectorA8                                          build/obj/vectors.o
VectorAC                                          build/obj/vectors.o
VectorB0                                          build/obj/vectors.o
VectorB4                                          build/obj/pwm_lld.o
                                                  build/obj/vectors.o
VectorB8                                          build/obj/vectors.o
VectorBC                                          build/obj/vectors.o
VectorC0                                          build/obj/vectors.o
VectorC4                                          build/obj/vectors.o
VectorC8                                          build/obj/vectors.o
VectorCC                                          build/obj/vectors.o
VectorD0                                          build/obj/vectors.o
VectorD4                                          build/obj/vectors.o
VectorD8                                          build/obj/serial_lld.o
                                                  build/obj/vectors.o
VectorDC                                          build/obj/vectors.o
VectorE0                                          build/obj/vectors.o
VectorE4                                          build/obj/vectors.o
VectorE8                                          build/obj/vectors.o
VectorEC                                          build/obj/vectors.o
VectorF0                                          build/obj/vectors.o
VectorF4                                          build/obj/vectors.o
VectorF8                                          build/obj/vectors.o
VectorFC                                          build/obj/vectors.o
__ctype_ptr__                                     /usr/bin/../lib/gcc/arm-none-eabi/4.7.4/../../../../arm-none-eabi/lib/armv7-m/libc.a(lib_a-ctype_.o)
                                                  /usr/bin/../lib/gcc/arm-none-eabi/4.7.4/../../../../arm-none-eabi/lib/armv7-m/libc.a(lib_a-strcasecmp.o)
__early_init                                      build/obj/board.o
                                                  build/obj/crt0.o
__fini_array_end                                  build/obj/crt0.o
__fini_array_start                                build/obj/crt0.o
__heap_base__                                     build/obj/chmemcore.o
__heap_end__                                      build/obj/chmemcore.o
__init_array_end                                  build/obj/crt0.o
__init_array_start                                build/obj/crt0.o
__late_init                                       build/obj/crt0.o
__main_stack_base__                               build/obj/crt0.o
__main_stack_end__                                build/obj/vectors.o
                                                  build/obj/crt0.o
__main_thread_stack_base__                        build/obj/chsys.o
__process_stack_base__                            build/obj/crt0.o
__process_stack_end__                             build/obj/crt0.o
_bss_end                                          build/obj/crt0.o
_bss_start                                        build/obj/crt0.o
_core_init                                        build/obj/chmemcore.o
                                                  build/obj/chsys.o
_ctype_                                           /usr/bin/../lib/gcc/arm-none-eabi/4.7.4/../../../../arm-none-eabi/lib/armv7-m/libc.a(lib_a-ctype_.o)
_data                                             build/obj/crt0.o
_default_exit                                     build/obj/crt0.o
_edata                                            build/obj/crt0.o
_heap_init                                        build/obj/chheap.o
                                                  build/obj/chsys.o
_idle_thread                                      build/obj/chsys.o
_idle_thread_wa                                   build/obj/chsys.o
_pal_lld_init                                     build/obj/pal_lld.o
                                                  build/obj/hal.o
_pal_lld_setgroupmode                             build/obj/pal_lld.o
                                                  build/obj/main.o
                                                  build/obj/pal.o
_port_init                                        build/obj/chcore_v7m.o
                                                  build/obj/chsys.o
_port_irq_epilogue                                build/obj/chcore_v7m.o
                                                  build/obj/serial_lld.o
                                                  build/obj/pwm_lld.o
                                                  build/obj/stm32_dma.o
_port_switch                                      build/obj/chcore_v7m.o
                                                  build/obj/chschd.o
_port_switch_from_isr                             build/obj/chcore_v7m.o
_port_thread_start                                build/obj/chcore_v7m.o
                                                  build/obj/chthreads.o
_scheduler_init                                   build/obj/chschd.o
                                                  build/obj/chsys.o
_stm32_dma_streams                                build/obj/stm32_dma.o
                                                  build/obj/adc_lld.o
_test_assert                                      build/obj/test.o
                                                  build/obj/testqueues.o
                                                  build/obj/testdyn.o
                                                  build/obj/testpools.o
                                                  build/obj/testheap.o
                                                  build/obj/testevt.o
                                                  build/obj/testmbox.o
                                                  build/obj/testmtx.o
                                                  build/obj/testsem.o
                                                  build/obj/testthd.o
_test_assert_sequence                             build/obj/test.o
                                                  build/obj/testqueues.o
                                                  build/obj/testdyn.o
                                                  build/obj/testevt.o
                                                  build/obj/testmbox.o
                                                  build/obj/testmsg.o
                                                  build/obj/testmtx.o
                                                  build/obj/testsem.o
                                                  build/obj/testthd.o
_test_assert_time_window                          build/obj/test.o
                                                  build/obj/testevt.o
                                                  build/obj/testmtx.o
                                                  build/obj/testsem.o
                                                  build/obj/testthd.o
_test_fail                                        build/obj/test.o
_textdata                                         build/obj/crt0.o
_thread_init                                      build/obj/chthreads.o
                                                  build/obj/chsys.o
_thread_memfill                                   build/obj/chthreads.o
                                                  build/obj/chdynamic.o
_trace_init                                       build/obj/chdebug.o
                                                  build/obj/chsys.o
_unhandled_exception                              build/obj/vectors.o
_vectors                                          build/obj/vectors.o
_vt_init                                          build/obj/chvt.o
                                                  build/obj/chsys.o
adcAcquireBus                                     build/obj/adc.o
adcConvert                                        build/obj/adc.o
adcInit                                           build/obj/adc.o
                                                  build/obj/hal.o
adcObjectInit                                     build/obj/adc.o
                                                  build/obj/adc_lld.o
adcReleaseBus                                     build/obj/adc.o
adcStart                                          build/obj/adc.o
                                                  build/obj/main.o
adcStartConversion                                build/obj/adc.o
                                                  build/obj/main.o
adcStartConversionI                               build/obj/adc.o
adcStop                                           build/obj/adc.o
adcStopConversion                                 build/obj/adc.o
adcStopConversionI                                build/obj/adc.o
adc_lld_init                                      build/obj/adc_lld.o
                                                  build/obj/adc.o
adc_lld_start                                     build/obj/adc_lld.o
                                                  build/obj/adc.o
adc_lld_start_conversion                          build/obj/adc_lld.o
                                                  build/obj/adc.o
adc_lld_stop                                      build/obj/adc_lld.o
                                                  build/obj/adc.o
adc_lld_stop_conversion                           build/obj/adc_lld.o
                                                  build/obj/adc.o
boardInit                                         build/obj/board.o
                                                  build/obj/hal.o
chCondBroadcast                                   build/obj/chcond.o
                                                  build/obj/testmtx.o
chCondBroadcastI                                  build/obj/chcond.o
chCondInit                                        build/obj/chcond.o
                                                  build/obj/testmtx.o
chCondSignal                                      build/obj/chcond.o
                                                  build/obj/testmtx.o
chCondSignalI                                     build/obj/chcond.o
                                                  build/obj/testmtx.o
chCondWait                                        build/obj/chcond.o
                                                  build/obj/testmtx.o
chCondWaitS                                       build/obj/chcond.o
chCondWaitTimeout                                 build/obj/chcond.o
                                                  build/obj/testmtx.o
chCondWaitTimeoutS                                build/obj/chcond.o
chCoreAlloc                                       build/obj/chmemcore.o
                                                  build/obj/chheap.o
chCoreAllocI                                      build/obj/chmemcore.o
chCoreStatus                                      build/obj/chmemcore.o
                                                  build/obj/testheap.o
chDbgCheckClassI                                  build/obj/chdebug.o
                                                  build/obj/serial.o
                                                  build/obj/adc.o
                                                  build/obj/chmempools.o
                                                  build/obj/chmemcore.o
                                                  build/obj/chqueues.o
                                                  build/obj/chmboxes.o
                                                  build/obj/chevents.o
                                                  build/obj/chcond.o
                                                  build/obj/chsem.o
                                                  build/obj/chthreads.o
                                                  build/obj/chschd.o
                                                  build/obj/chvt.o
                                                  build/obj/chsys.o
chDbgCheckClassS                                  build/obj/chdebug.o
                                                  build/obj/chmboxes.o
                                                  build/obj/chcond.o
                                                  build/obj/chmtx.o
                                                  build/obj/chsem.o
                                                  build/obj/chschd.o
chDbgPanic                                        build/obj/chdebug.o
                                                  build/obj/pwm_lld.o
                                                  build/obj/adc_lld.o
                                                  build/obj/stm32_dma.o
                                                  build/obj/serial.o
                                                  build/obj/pwm.o
                                                  build/obj/pal.o
                                                  build/obj/adc.o
                                                  build/obj/chmempools.o
                                                  build/obj/chheap.o
                                                  build/obj/chqueues.o
                                                  build/obj/chmboxes.o
                                                  build/obj/chmsg.o
                                                  build/obj/chevents.o
                                                  build/obj/chcond.o
                                                  build/obj/chmtx.o
                                                  build/obj/chsem.o
                                                  build/obj/chregistry.o
                                                  build/obj/chdynamic.o
                                                  build/obj/chthreads.o
                                                  build/obj/chschd.o
                                                  build/obj/chvt.o
chEvtAddEvents                                    build/obj/chevents.o
                                                  build/obj/testevt.o
chEvtBroadcastFlags                               build/obj/chevents.o
                                                  build/obj/testevt.o
chEvtBroadcastFlagsI                              build/obj/chevents.o
                                                  build/obj/shell.o
                                                  build/obj/serial_lld.o
                                                  build/obj/serial.o
chEvtDispatch                                     build/obj/chevents.o
                                                  build/obj/testevt.o
chEvtGetAndClearEvents                            build/obj/chevents.o
                                                  build/obj/testevt.o
chEvtGetAndClearFlags                             build/obj/chevents.o
chEvtGetAndClearFlagsI                            build/obj/chevents.o
chEvtRegisterMask                                 build/obj/chevents.o
                                                  build/obj/testevt.o
chEvtSignal                                       build/obj/chevents.o
                                                  build/obj/testevt.o
chEvtSignalI                                      build/obj/chevents.o
chEvtUnregister                                   build/obj/chevents.o
                                                  build/obj/testevt.o
chEvtWaitAll                                      build/obj/chevents.o
                                                  build/obj/testevt.o
chEvtWaitAllTimeout                               build/obj/chevents.o
                                                  build/obj/testevt.o
chEvtWaitAny                                      build/obj/chevents.o
                                                  build/obj/testevt.o
chEvtWaitAnyTimeout                               build/obj/chevents.o
                                                  build/obj/testevt.o
chEvtWaitOne                                      build/obj/chevents.o
                                                  build/obj/testevt.o
chEvtWaitOneTimeout                               build/obj/chevents.o
                                                  build/obj/testevt.o
chHeapAlloc                                       build/obj/chheap.o
                                                  build/obj/testdyn.o
                                                  build/obj/testheap.o
                                                  build/obj/chdynamic.o
chHeapFree                                        build/obj/chheap.o
                                                  build/obj/testdyn.o
                                                  build/obj/testheap.o
                                                  build/obj/chdynamic.o
chHeapInit                                        build/obj/chheap.o
                                                  build/obj/testdyn.o
                                                  build/obj/testheap.o
chHeapStatus                                      build/obj/chheap.o
                                                  build/obj/testdyn.o
                                                  build/obj/testheap.o
chIQGetTimeout                                    build/obj/chqueues.o
                                                  build/obj/serial.o
                                                  build/obj/testbmk.o
                                                  build/obj/testqueues.o
chIQInit                                          build/obj/chqueues.o
                                                  build/obj/serial.o
                                                  build/obj/testbmk.o
                                                  build/obj/testqueues.o
chIQPutI                                          build/obj/chqueues.o
                                                  build/obj/serial.o
                                                  build/obj/testbmk.o
                                                  build/obj/testqueues.o
chIQReadTimeout                                   build/obj/chqueues.o
                                                  build/obj/serial.o
                                                  build/obj/testqueues.o
chIQResetI                                        build/obj/chqueues.o
                                                  build/obj/serial.o
                                                  build/obj/testqueues.o
chMBFetch                                         build/obj/chmboxes.o
                                                  build/obj/testmbox.o
chMBFetchI                                        build/obj/chmboxes.o
                                                  build/obj/testmbox.o
chMBFetchS                                        build/obj/chmboxes.o
chMBInit                                          build/obj/chmboxes.o
                                                  build/obj/testmbox.o
chMBPost                                          build/obj/chmboxes.o
                                                  build/obj/testmbox.o
chMBPostAhead                                     build/obj/chmboxes.o
                                                  build/obj/testmbox.o
chMBPostAheadI                                    build/obj/chmboxes.o
                                                  build/obj/testmbox.o
chMBPostAheadS                                    build/obj/chmboxes.o
chMBPostI                                         build/obj/chmboxes.o
                                                  build/obj/testmbox.o
chMBPostS                                         build/obj/chmboxes.o
chMBReset                                         build/obj/chmboxes.o
                                                  build/obj/testmbox.o
chMsgRelease                                      build/obj/chmsg.o
                                                  build/obj/testbmk.o
                                                  build/obj/testmsg.o
chMsgSend                                         build/obj/chmsg.o
                                                  build/obj/testbmk.o
                                                  build/obj/testmsg.o
chMsgWait                                         build/obj/chmsg.o
                                                  build/obj/testbmk.o
                                                  build/obj/testmsg.o
chMtxInit                                         build/obj/chmtx.o
                                                  build/obj/adc.o
                                                  build/obj/testbmk.o
                                                  build/obj/testmtx.o
                                                  build/obj/chheap.o
chMtxLock                                         build/obj/chmtx.o
                                                  build/obj/adc.o
                                                  build/obj/testbmk.o
                                                  build/obj/testmtx.o
                                                  build/obj/chheap.o
chMtxLockS                                        build/obj/chmtx.o
                                                  build/obj/chcond.o
chMtxTryLock                                      build/obj/chmtx.o
                                                  build/obj/testmtx.o
chMtxTryLockS                                     build/obj/chmtx.o
chMtxUnlock                                       build/obj/chmtx.o
                                                  build/obj/adc.o
                                                  build/obj/testbmk.o
                                                  build/obj/testmtx.o
                                                  build/obj/chheap.o
chMtxUnlockAll                                    build/obj/chmtx.o
                                                  build/obj/testmtx.o
chMtxUnlockS                                      build/obj/chmtx.o
                                                  build/obj/testmtx.o
                                                  build/obj/chcond.o
chOQGetI                                          build/obj/chqueues.o
                                                  build/obj/serial_lld.o
                                                  build/obj/serial.o
                                                  build/obj/testqueues.o
chOQInit                                          build/obj/chqueues.o
                                                  build/obj/serial.o
                                                  build/obj/testqueues.o
chOQPutTimeout                                    build/obj/chqueues.o
                                                  build/obj/serial.o
                                                  build/obj/testqueues.o
chOQResetI                                        build/obj/chqueues.o
                                                  build/obj/serial.o
                                                  build/obj/testqueues.o
chOQWriteTimeout                                  build/obj/chqueues.o
                                                  build/obj/serial.o
                                                  build/obj/testqueues.o
chPoolAlloc                                       build/obj/chmempools.o
                                                  build/obj/testdyn.o
                                                  build/obj/testpools.o
                                                  build/obj/chdynamic.o
chPoolAllocI                                      build/obj/chmempools.o
chPoolFree                                        build/obj/chmempools.o
                                                  build/obj/testdyn.o
                                                  build/obj/testpools.o
                                                  build/obj/chdynamic.o
chPoolFreeI                                       build/obj/chmempools.o
chPoolInit                                        build/obj/chmempools.o
                                                  build/obj/testdyn.o
                                                  build/obj/testpools.o
chPoolLoadArray                                   build/obj/chmempools.o
                                                  build/obj/testpools.o
chRegFirstThread                                  build/obj/chregistry.o
                                                  build/obj/testdyn.o
chRegNextThread                                   build/obj/chregistry.o
                                                  build/obj/testdyn.o
chSchDoReschedule                                 build/obj/chschd.o
                                                  build/obj/chcore_v7m.o
chSchDoRescheduleAhead                            build/obj/chschd.o
chSchDoRescheduleBehind                           build/obj/chschd.o
                                                  build/obj/chthreads.o
chSchGoSleepS                                     build/obj/chschd.o
                                                  build/obj/adc.o
                                                  build/obj/testbmk.o
                                                  build/obj/chmsg.o
                                                  build/obj/chevents.o
                                                  build/obj/chcond.o
                                                  build/obj/chmtx.o
                                                  build/obj/chsem.o
                                                  build/obj/chthreads.o
chSchGoSleepTimeoutS                              build/obj/chschd.o
                                                  build/obj/chqueues.o
                                                  build/obj/chevents.o
                                                  build/obj/chcond.o
                                                  build/obj/chsem.o
                                                  build/obj/chthreads.o
chSchReadyI                                       build/obj/chschd.o
                                                  build/obj/adc_lld.o
                                                  build/obj/adc.o
                                                  build/obj/chqueues.o
                                                  build/obj/chmsg.o
                                                  build/obj/chevents.o
                                                  build/obj/chcond.o
                                                  build/obj/chmtx.o
                                                  build/obj/chsem.o
                                                  build/obj/chthreads.o
chSchRescheduleS                                  build/obj/chschd.o
                                                  build/obj/serial.o
                                                  build/obj/testmtx.o
                                                  build/obj/testsem.o
                                                  build/obj/chmboxes.o
                                                  build/obj/chevents.o
                                                  build/obj/chcond.o
                                                  build/obj/chmtx.o
                                                  build/obj/chsem.o
                                                  build/obj/chthreads.o
chSchWakeupS                                      build/obj/chschd.o
                                                  build/obj/adc.o
                                                  build/obj/testbmk.o
                                                  build/obj/chmsg.o
                                                  build/obj/chcond.o
                                                  build/obj/chmtx.o
                                                  build/obj/chsem.o
                                                  build/obj/chdynamic.o
                                                  build/obj/chthreads.o
chSemAddCounterI                                  build/obj/chsem.o
                                                  build/obj/testsem.o
chSemInit                                         build/obj/chsem.o
                                                  build/obj/testbmk.o
                                                  build/obj/testsem.o
                                                  build/obj/chmboxes.o
chSemReset                                        build/obj/chsem.o
                                                  build/obj/testbmk.o
                                                  build/obj/testsem.o
chSemResetI                                       build/obj/chsem.o
                                                  build/obj/chmboxes.o
chSemSignal                                       build/obj/chsem.o
                                                  build/obj/testbmk.o
                                                  build/obj/testsem.o
chSemSignalI                                      build/obj/chsem.o
                                                  build/obj/testsem.o
                                                  build/obj/chmboxes.o
chSemSignalWait                                   build/obj/chsem.o
                                                  build/obj/testsem.o
chSemWait                                         build/obj/chsem.o
                                                  build/obj/testbmk.o
                                                  build/obj/testsem.o
chSemWaitS                                        build/obj/chsem.o
chSemWaitTimeout                                  build/obj/chsem.o
                                                  build/obj/testsem.o
chSemWaitTimeoutS                                 build/obj/chsem.o
                                                  build/obj/chmboxes.o
chSysInit                                         build/obj/chsys.o
                                                  build/obj/main.o
chSysTimerHandlerI                                build/obj/chsys.o
                                                  build/obj/chcore_v7m.o
chThdAddRef                                       build/obj/chdynamic.o
                                                  build/obj/testdyn.o
chThdCreateFromHeap                               build/obj/chdynamic.o
                                                  build/obj/shell.o
                                                  build/obj/testdyn.o
chThdCreateFromMemoryPool                         build/obj/chdynamic.o
                                                  build/obj/testdyn.o
chThdCreateI                                      build/obj/chthreads.o
                                                  build/obj/testthd.o
                                                  build/obj/chdynamic.o
chThdCreateStatic                                 build/obj/chthreads.o
                                                  build/obj/main.o
                                                  build/obj/shell.o
                                                  build/obj/testbmk.o
                                                  build/obj/testqueues.o
                                                  build/obj/testevt.o
                                                  build/obj/testmsg.o
                                                  build/obj/testmtx.o
                                                  build/obj/testsem.o
                                                  build/obj/testthd.o
                                                  build/obj/chsys.o
chThdExit                                         build/obj/chthreads.o
                                                  build/obj/chcore_v7m.o
chThdExitS                                        build/obj/chthreads.o
                                                  build/obj/shell.o
chThdRelease                                      build/obj/chdynamic.o
                                                  build/obj/testdyn.o
                                                  build/obj/chregistry.o
                                                  build/obj/chthreads.o
chThdResume                                       build/obj/chthreads.o
                                                  build/obj/testthd.o
chThdSetPriority                                  build/obj/chthreads.o
                                                  build/obj/testthd.o
chThdSleep                                        build/obj/chthreads.o
                                                  build/obj/main.o
                                                  build/obj/testbmk.o
                                                  build/obj/testdyn.o
                                                  build/obj/testevt.o
                                                  build/obj/testmtx.o
                                                  build/obj/testsem.o
                                                  build/obj/testthd.o
                                                  build/obj/test.o
chThdSleepUntil                                   build/obj/chthreads.o
                                                  build/obj/testthd.o
chThdTerminate                                    build/obj/chthreads.o
                                                  build/obj/test.o
chThdWait                                         build/obj/chthreads.o
                                                  build/obj/testbmk.o
                                                  build/obj/test.o
chThdYield                                        build/obj/chthreads.o
                                                  build/obj/testbmk.o
chVTResetI                                        build/obj/chvt.o
                                                  build/obj/testbmk.o
                                                  build/obj/chschd.o
chVTSetI                                          build/obj/chvt.o
                                                  build/obj/testbmk.o
                                                  build/obj/test.o
                                                  build/obj/chschd.o
ch_debug                                          build/obj/chregistry.o
                                                  build/obj/chsys.o
chprintf                                          build/obj/chprintf.o
                                                  build/obj/main.o
                                                  build/obj/dortII.o
                                                  build/obj/shell.o
dbg_check_disable                                 build/obj/chdebug.o
dbg_check_enable                                  build/obj/chdebug.o
                                                  build/obj/chsys.o
dbg_check_enter_isr                               build/obj/chdebug.o
                                                  build/obj/serial_lld.o
                                                  build/obj/pwm_lld.o
                                                  build/obj/stm32_dma.o
                                                  build/obj/chcore_v7m.o
dbg_check_leave_isr                               build/obj/chdebug.o
                                                  build/obj/serial_lld.o
                                                  build/obj/pwm_lld.o
                                                  build/obj/stm32_dma.o
                                                  build/obj/chcore_v7m.o
dbg_check_lock                                    build/obj/chdebug.o
                                                  build/obj/shell.o
                                                  build/obj/serial.o
                                                  build/obj/pwm.o
                                                  build/obj/adc.o
                                                  build/obj/testbmk.o
                                                  build/obj/testqueues.o
                                                  build/obj/testmbox.o