Archive member included because of file (symbol)

/usr/bin/../lib/gcc/arm-none-eabi/4.7.4/../../../../arm-none-eabi/lib/armv7-m/libc.a(lib_a-strcasecmp.o)
                              build/obj/shell.o (strcasecmp)
/usr/bin/../lib/gcc/arm-none-eabi/4.7.4/../../../../arm-none-eabi/lib/armv7-m/libc.a(lib_a-strpbrk.o)
                              build/obj/shell.o (strpbrk)
/usr/bin/../lib/gcc/arm-none-eabi/4.7.4/../../../../arm-none-eabi/lib/armv7-m/libc.a(lib_a-strspn.o)
                              build/obj/shell.o (strspn)
/usr/bin/../lib/gcc/arm-none-eabi/4.7.4/../../../../arm-none-eabi/lib/armv7-m/libc.a(lib_a-ctype_.o)
                              /usr/bin/../lib/gcc/arm-none-eabi/4.7.4/../../../../arm-none-eabi/lib/armv7-m/libc.a(lib_a-strcasecmp.o) (__ctype_ptr__)
/usr/bin/../lib/gcc/arm-none-eabi/4.7.4/armv7-m/libgcc.a(_arm_addsubdf3.o)
                              build/obj/chprintf.o (__aeabi_dsub)
/usr/bin/../lib/gcc/arm-none-eabi/4.7.4/armv7-m/libgcc.a(_arm_muldivdf3.o)
                              build/obj/chprintf.o (__aeabi_dmul)
/usr/bin/../lib/gcc/arm-none-eabi/4.7.4/armv7-m/libgcc.a(_arm_fixdfsi.o)
                              build/obj/chprintf.o (__aeabi_d2iz)
/usr/bin/../lib/gcc/arm-none-eabi/4.7.4/armv7-m/libgcc.a(_arm_truncdfsf2.o)
                              build/obj/chprintf.o (__aeabi_d2f)
/usr/bin/../lib/gcc/arm-none-eabi/4.7.4/armv7-m/libgcc.a(_arm_cmpsf2.o)
                              build/obj/main.o (__aeabi_fcmpeq)
/usr/bin/../lib/gcc/arm-none-eabi/4.7.4/armv7-m/libgcc.a(_arm_fixsfsi.o)
                              build/obj/chprintf.o (__aeabi_f2iz)

Discarded input sections

 .text          0x00000000        0x0 build/obj/crt0.o
 .data          0x00000000        0x0 build/obj/crt0.o
 .bss           0x00000000        0x0 build/obj/crt0.o
 .text.__early_init
                0x00000000       0x10 build/obj/crt0.o
 .text          0x00000000        0x0 build/obj/vectors.o
 .data          0x00000000        0x0 build/obj/vectors.o
 .bss           0x00000000        0x0 build/obj/vectors.o
 .text          0x00000000        0x0 build/obj/chcore.o
 .data          0x00000000        0x0 build/obj/chcore.o
 .bss           0x00000000        0x0 build/obj/chcore.o
 .text          0x00000000        0x0 build/obj/chcore_v7m.o
 .data          0x00000000        0x0 build/obj/chcore_v7m.o
 .bss           0x00000000        0x0 build/obj/chcore_v7m.o
 .text          0x00000000        0x0 build/obj/nvic.o
 .data          0x00000000        0x0 build/obj/nvic.o
 .bss           0x00000000        0x0 build/obj/nvic.o
 .text.nvicDisableVector
                0x00000000       0x40 build/obj/nvic.o
 .text          0x00000000        0x0 build/obj/chsys.o
 .data          0x00000000        0x0 build/obj/chsys.o
 .bss           0x00000000        0x0 build/obj/chsys.o
 .text          0x00000000        0x0 build/obj/chdebug.o
 .data          0x00000000        0x0 build/obj/chdebug.o
 .bss           0x00000000        0x0 build/obj/chdebug.o
 .text.dbg_check_disable
                0x00000000       0x30 build/obj/chdebug.o
 .text.dbg_check_suspend
                0x00000000       0x30 build/obj/chdebug.o
 .text          0x00000000        0x0 build/obj/chlists.o
 .data          0x00000000        0x0 build/obj/chlists.o
 .bss           0x00000000        0x0 build/obj/chlists.o
 .debug_info    0x00000000       0x79 build/obj/chlists.o
 .debug_abbrev  0x00000000       0x26 build/obj/chlists.o
 .debug_aranges
                0x00000000       0x18 build/obj/chlists.o
 .debug_line    0x00000000       0x1d build/obj/chlists.o
 .debug_str     0x00000000      0x138 build/obj/chlists.o
 .comment       0x00000000       0x71 build/obj/chlists.o
 .ARM.attributes
                0x00000000       0x33 build/obj/chlists.o
 .text          0x00000000        0x0 build/obj/chvt.o
 .data          0x00000000        0x0 build/obj/chvt.o
 .bss           0x00000000        0x0 build/obj/chvt.o
 .text          0x00000000        0x0 build/obj/chschd.o
 .data          0x00000000        0x0 build/obj/chschd.o
 .bss           0x00000000        0x0 build/obj/chschd.o
 .text.chSchRescheduleS
                0x00000000       0x30 build/obj/chschd.o
 .text          0x00000000        0x0 build/obj/chthreads.o
 .data          0x00000000        0x0 build/obj/chthreads.o
 .bss           0x00000000        0x0 build/obj/chthreads.o
 .text._thread_memfill
                0x00000000       0x40 build/obj/chthreads.o
 .text.chThdSetPriority
                0x00000000       0x50 build/obj/chthreads.o
 .text.chThdResume
                0x00000000       0x40 build/obj/chthreads.o
 .text.chThdTerminate
                0x00000000       0x30 build/obj/chthreads.o
 .text.chThdSleepUntil
                0x00000000       0x30 build/obj/chthreads.o
 .text.chThdYield
                0x00000000       0x30 build/obj/chthreads.o
 .text.chThdWait
                0x00000000       0x80 build/obj/chthreads.o
[...]
Memory Configuration

Name             Origin             Length             Attributes
flash            0x08000000         0x00040000
ram              0x20000000         0x00010000
*default*        0x00000000         0xffffffff

Linker script and memory map

LOAD build/obj/crt0.o
LOAD build/obj/vectors.o
LOAD build/obj/chcore.o
LOAD build/obj/chcore_v7m.o
LOAD build/obj/nvic.o
LOAD build/obj/chsys.o
LOAD build/obj/chdebug.o
LOAD build/obj/chlists.o
LOAD build/obj/chvt.o
LOAD build/obj/chschd.o
LOAD build/obj/chthreads.o
LOAD build/obj/chdynamic.o
LOAD build/obj/chregistry.o
LOAD build/obj/chsem.o
LOAD build/obj/chmtx.o
LOAD build/obj/chcond.o
LOAD build/obj/chevents.o
LOAD build/obj/chmsg.o
LOAD build/obj/chmboxes.o
LOAD build/obj/chqueues.o
LOAD build/obj/chmemcore.o
LOAD build/obj/chheap.o
LOAD build/obj/chmempools.o
LOAD build/obj/hal.o
LOAD build/obj/adc.o
LOAD build/obj/can.o
LOAD build/obj/dac.o
LOAD build/obj/ext.o
LOAD build/obj/gpt.o
LOAD build/obj/i2c.o
LOAD build/obj/icu.o
LOAD build/obj/mac.o
LOAD build/obj/mmc_spi.o
LOAD build/obj/mmcsd.o
LOAD build/obj/pal.o
LOAD build/obj/pwm.o
LOAD build/obj/rtc.o
LOAD build/obj/sdc.o
LOAD build/obj/serial.o
LOAD build/obj/serial_usb.o
LOAD build/obj/spi.o
LOAD build/obj/tm.o
LOAD build/obj/uart.o
LOAD build/obj/usb.o
LOAD build/obj/stm32_dma.o
LOAD build/obj/hal_lld.o
LOAD build/obj/adc_lld.o
LOAD build/obj/ext_lld_isr.o
LOAD build/obj/can_lld.o
LOAD build/obj/ext_lld.o
LOAD build/obj/mac_lld.o
LOAD build/obj/sdc_lld.o
LOAD build/obj/pal_lld.o
LOAD build/obj/i2c_lld.o
LOAD build/obj/rtc_lld.o
LOAD build/obj/spi_lld.o
LOAD build/obj/gpt_lld.o
LOAD build/obj/icu_lld.o
LOAD build/obj/pwm_lld.o
LOAD build/obj/serial_lld.o
LOAD build/obj/uart_lld.o
LOAD build/obj/usb_lld.o
LOAD build/obj/board.o
LOAD build/obj/shell.o
LOAD build/obj/chprintf.o
LOAD build/obj/main.o
LOAD /usr/bin/../lib/gcc/arm-none-eabi/4.7.4/../../../../arm-none-eabi/lib/armv7-m/libc.a
START GROUP
LOAD /usr/bin/../lib/gcc/arm-none-eabi/4.7.4/armv7-m/libgcc.a
LOAD /usr/bin/../lib/gcc/arm-none-eabi/4.7.4/../../../../arm-none-eabi/lib/armv7-m/libc.a
END GROUP
                0x00000400                __main_stack_size__ = 0x400
                0x00000400                __process_stack_size__ = 0x400
                0x20000000                __ram_start__ = ORIGIN (ram)
                0x00010000                __ram_size__ = 0x10000
                0x20010000                __ram_end__ = (__ram_start__ + __ram_size__)
                0x00000000                . = 0x0
                0x00000000                _text = .

startup         0x08000000      0x150
 *(vectors)
 vectors        0x08000000      0x150 build/obj/vectors.o
                0x08000000                _vectors

constructors    0x08000150        0x0
                0x08000150                PROVIDE (__init_array_start, .)
 *(SORT(.init_array.*))
 *(.init_array)
                0x08000150                PROVIDE (__init_array_end, .)

destructors     0x08000150        0x0
                0x08000150                PROVIDE (__fini_array_start, .)
 *(.fini_array)
 *(SORT(.fini_array.*))
                0x08000150                PROVIDE (__fini_array_end, .)

.text           0x08000150     0x2b6c
 *(.text.startup.*)
 .text.startup.main
                0x08000150       0x60 build/obj/main.o
                0x08000150                main
 *(.text)
 .text          0x080001b0      0x370 /usr/bin/../lib/gcc/arm-none-eabi/4.7.4/armv7-m/libgcc.a(_arm_addsubdf3.o)
                0x080001b0                __aeabi_drsub
                0x080001b8                __aeabi_dsub
                0x080001b8                __subdf3
                0x080001bc                __adddf3
                0x080001bc                __aeabi_dadd
                0x08000434                __aeabi_ui2d
                0x08000434                __floatunsidf
                0x08000454                __floatsidf
                0x08000454                __aeabi_i2d
                0x08000478                __extendsfdf2
                0x08000478                __aeabi_f2d
                0x080004b4                __aeabi_ul2d
                0x080004b4                __floatundidf
                0x080004c4                __floatdidf
                0x080004c4                __aeabi_l2d
 .text          0x08000520      0x424 /usr/bin/../lib/gcc/arm-none-eabi/4.7.4/armv7-m/libgcc.a(_arm_muldivdf3.o)
                0x08000520                __aeabi_dmul
                0x08000520                __muldf3
                0x08000774                __aeabi_ddiv
                0x08000774                __divdf3
 *fill*         0x08000944        0xc 00
 .text          0x08000950       0x50 /usr/bin/../lib/gcc/arm-none-eabi/4.7.4/armv7-m/libgcc.a(_arm_fixdfsi.o)
                0x08000950                __fixdfsi
                0x08000950                __aeabi_d2iz
 .text          0x080009a0       0xa0 /usr/bin/../lib/gcc/arm-none-eabi/4.7.4/armv7-m/libgcc.a(_arm_truncdfsf2.o)
                0x080009a0                __aeabi_d2f
                0x080009a0                __truncdfsf2
 .text          0x08000a40       0xec /usr/bin/../lib/gcc/arm-none-eabi/4.7.4/armv7-m/libgcc.a(_arm_cmpsf2.o)
                0x08000a40                __gtsf2
                0x08000a40                __gesf2
                0x08000a48                __lesf2
                0x08000a48                __ltsf2
                0x08000a50                __nesf2
                0x08000a50                __eqsf2
                0x08000a50                __cmpsf2
                0x08000ab0                __aeabi_cfrcmple
                0x08000ab8                __aeabi_cfcmple
                0x08000ab8                __aeabi_cfcmpeq
                0x08000ac8                __aeabi_fcmpeq
                0x08000adc                __aeabi_fcmplt
                0x08000af0                __aeabi_fcmple
                0x08000b04                __aeabi_fcmpge
                0x08000b18                __aeabi_fcmpgt
 *fill*         0x08000b2c        0x4 00
 .text          0x08000b30       0x4c /usr/bin/../lib/gcc/arm-none-eabi/4.7.4/armv7-m/libgcc.a(_arm_fixsfsi.o)
                0x08000b30                __fixsfsi
                0x08000b30                __aeabi_f2iz
 *(.text.*)
 *fill*         0x08000b7c        0x4 00
 .text.__late_init
                0x08000b80       0x10 build/obj/crt0.o
                0x08000b80                __late_init
 .text._default_exit
                0x08000b90       0x10 build/obj/crt0.o
                0x08000b90                _default_exit
 .text.ResetHandler
                0x08000ba0      0x1d0 build/obj/crt0.o
                0x08000ba0                ResetHandler
 .text._unhandled_exception
                0x08000d70       0x10 build/obj/vectors.o
                0x08000d70                Vector58
                0x08000d70                VectorE8
                0x08000d70                Vector9C
                0x08000d70                VectorAC
                0x08000d70                Vector5C
                0x08000d70                NMIVector
                0x08000d70                Vector11C
                0x08000d70                Vector8C
                0x08000d70                VectorDC
                0x08000d70                Vector110
                0x08000d70                Vector120
                0x08000d70                VectorC8
                0x08000d70                Vector94
                0x08000d70                VectorA8
                0x08000d70                VectorB4
                0x08000d70                Vector74
                0x08000d70                VectorEC
                0x08000d70                UsageFaultVector
                0x08000d70                DebugMonitorVector
                0x08000d70                Vector40
                0x08000d70                VectorF8
                0x08000d70                Vector108
                0x08000d70                VectorBC
                0x08000d70                Vector124
                0x08000d70                Vector148
                0x08000d70                PendSVVector
                0x08000d70                Vector118
                0x08000d70                Vector64
                0x08000d70                VectorCC
                0x08000d70                Vector54
                0x08000d70                Vector98
                0x08000d70                Vector138
                0x08000d70                Vector24
                0x08000d70                Vector84
                0x08000d70                BusFaultVector
                0x08000d70                VectorD0
                0x08000d70                Vector140
                0x08000d70                VectorE4
                0x08000d70                VectorC0
                0x08000d70                Vector130
                0x08000d70                HardFaultVector
                0x08000d70                Vector134
                0x08000d70                VectorF0
                0x08000d70                Vector12C
                0x08000d70                Vector13C
                0x08000d70                Vector100
                0x08000d70                VectorE0
                0x08000d70                VectorF4
                0x08000d70                MemManageVector
                0x08000d70                Vector6C
                0x08000d70                VectorA0
                0x08000d70                VectorC4
                0x08000d70                Vector7C
                0x08000d70                VectorB0
                0x08000d70                Vector90
                0x08000d70                Vector114
                0x08000d70                Vector60
                0x08000d70                Vector1C
                0x08000d70                Vector48
                0x08000d70                Vector70
                0x08000d70                VectorD4
                0x08000d70                Vector4C
                0x08000d70                Vector144
                0x08000d70                Vector80
                0x08000d70                Vector68
                0x08000d70                Vector78
                0x08000d70                _unhandled_exception
                0x08000d70                Vector88
                0x08000d70                Vector104
                0x08000d70                Vector10C
                0x08000d70                Vector14C
                0x08000d70                Vector50
                0x08000d70                Vector44
                0x08000d70                Vector28
                0x08000d70                VectorB8
                0x08000d70                VectorFC
                0x08000d70                Vector34
                0x08000d70                Vector128
                0x08000d70                VectorA4
                0x08000d70                Vector20
 .text.port_halt
                0x08000d80       0x10 build/obj/chcore.o
                0x08000d80                port_halt
 .text._port_switch_from_isr
                0x08000d90       0x10 build/obj/chcore_v7m.o
                0x08000d90                _port_switch_from_isr
 .text.SVCallVector
                0x08000da0       0x20 build/obj/chcore_v7m.o
                0x08000da0                SVCallVector
 .text._port_init
                0x08000dc0       0x40 build/obj/chcore_v7m.o
                0x08000dc0                _port_init
 .text._port_irq_epilogue
                0x08000e00       0x80 build/obj/chcore_v7m.o
                0x08000e00                _port_irq_epilogue
 .text.SysTickVector
                0x08000e80       0x30 build/obj/chcore_v7m.o
                0x08000e80                SysTickVector
 .text._port_switch
                0x08000eb0       0x10 build/obj/chcore_v7m.o
                0x08000eb0                _port_switch
 .text._port_thread_start
                0x08000ec0       0x20 build/obj/chcore_v7m.o
                0x08000ec0                _port_thread_start
 .text.nvicEnableVector
                0x08000ee0       0x50 build/obj/nvic.o
                0x08000ee0                nvicEnableVector
 .text.nvicSetSystemHandlerPriority
                0x08000f30       0x30 build/obj/nvic.o
                0x08000f30                nvicSetSystemHandlerPriority
 .text._idle_thread
                0x08000f60       0x20 build/obj/chsys.o
                0x08000f60                _idle_thread
 .text.chSysInit
                0x08000f80       0x80 build/obj/chsys.o
                0x08000f80                chSysInit
 .text.chSysTimerHandlerI
                0x08001000       0x70 build/obj/chsys.o
                0x08001000                chSysTimerHandlerI
 .text.dbg_check_enable
                0x08001070       0x30 build/obj/chdebug.o
                0x08001070                dbg_check_enable
 .text.dbg_check_lock
                0x080010a0       0x30 build/obj/chdebug.o
                0x080010a0                dbg_check_lock
 .text.dbg_check_unlock
                0x080010d0       0x40 build/obj/chdebug.o
                0x080010d0                dbg_check_unlock
 .text.dbg_check_lock_from_isr
                0x08001110       0x30 build/obj/chdebug.o
                0x08001110                dbg_check_lock_from_isr
 .text.dbg_check_unlock_from_isr
                0x08001140       0x40 build/obj/chdebug.o
                0x08001140                dbg_check_unlock_from_isr
 .text.dbg_check_enter_isr
                0x08001180       0x40 build/obj/chdebug.o
                0x08001180                dbg_check_enter_isr
 .text.dbg_check_leave_isr
                0x080011c0       0x40 build/obj/chdebug.o
                0x080011c0                dbg_check_leave_isr
 .text.chDbgCheckClassI
                0x08001200       0x30 build/obj/chdebug.o
                0x08001200                chDbgCheckClassI
 .text.chDbgCheckClassS
                0x08001230       0x30 build/obj/chdebug.o
                0x08001230                chDbgCheckClassS
 .text._trace_init
                0x08001260       0x20 build/obj/chdebug.o
                0x08001260                _trace_init
 .text.dbg_trace
                0x08001280       0x40 build/obj/chdebug.o
                0x08001280                dbg_trace
 .text.chDbgPanic
                0x080012c0       0x10 build/obj/chdebug.o
                0x080012c0                chDbgPanic
 .text._vt_init
                0x080012d0       0x20 build/obj/chvt.o
                0x080012d0                _vt_init
 .text.chVTSetI
                0x080012f0       0x60 build/obj/chvt.o
                0x080012f0                chVTSetI
 .text.chVTResetI
                0x08001350       0x50 build/obj/chvt.o
                0x08001350                chVTResetI
 .text._scheduler_init
                0x080013a0       0x20 build/obj/chschd.o
                0x080013a0                _scheduler_init
 .text.chSchReadyI
                0x080013c0       0x50 build/obj/chschd.o
                0x080013c0                chSchReadyI
 .text.wakeup   0x08001410       0x60 build/obj/chschd.o
 .text.chSchGoSleepS
                0x08001470       0x50 build/obj/chschd.o
                0x08001470                chSchGoSleepS
 .text.chSchGoSleepTimeoutS
                0x080014c0       0x50 build/obj/chschd.o
                0x080014c0                chSchGoSleepTimeoutS
 .text.chSchWakeupS
                0x08001510       0x60 build/obj/chschd.o
                0x08001510                chSchWakeupS
 .text.chSchDoRescheduleBehind
                0x08001570       0x50 build/obj/chschd.o
                0x08001570                chSchDoRescheduleBehind
 .text.chSchDoRescheduleAhead
                0x080015c0       0x60 build/obj/chschd.o
                0x080015c0                chSchDoRescheduleAhead
 .text.chSchDoReschedule
                0x08001620       0x20 build/obj/chschd.o
                0x08001620                chSchDoReschedule
 .text._thread_init
                0x08001640       0x60 build/obj/chthreads.o
                0x08001640                _thread_init
 .text.chThdCreateI
                0x080016a0       0xa0 build/obj/chthreads.o
                0x080016a0                chThdCreateI
 .text.chThdCreateStatic
                0x08001740       0xa0 build/obj/chthreads.o
                0x08001740                chThdCreateStatic
 .text.chThdSleep
                0x080017e0       0x30 build/obj/chthreads.o
                0x080017e0                chThdSleep
 .text.chThdExitS
                0x08001810       0x50 build/obj/chthreads.o
                0x08001810                chThdExitS
 .text.chThdExit
                0x08001860       0x20 build/obj/chthreads.o
                0x08001860                chThdExit
 .text.chMtxInit
                0x08001880       0x20 build/obj/chmtx.o
                0x08001880                chMtxInit
 .text.chEvtSignalI
                0x080018a0       0x50 build/obj/chevents.o
                0x080018a0                chEvtSignalI
 .text.chEvtBroadcastFlagsI
                0x080018f0       0x40 build/obj/chevents.o
                0x080018f0                chEvtBroadcastFlagsI
 .text.qwait    0x08001930       0x30 build/obj/chqueues.o
 .text.chIQInit
                0x08001960       0x20 build/obj/chqueues.o
                0x08001960                chIQInit
 .text.chIQPutI
                0x08001980       0x60 build/obj/chqueues.o
                0x08001980                chIQPutI
 .text.chIQGetTimeout
                0x080019e0       0x60 build/obj/chqueues.o
                0x080019e0                chIQGetTimeout
 .text.chIQReadTimeout
                0x08001a40       0xa0 build/obj/chqueues.o
                0x08001a40                chIQReadTimeout
 .text.chOQInit
                0x08001ae0       0x20 build/obj/chqueues.o
                0x08001ae0                chOQInit
 .text.chOQPutTimeout
                0x08001b00       0x70 build/obj/chqueues.o
                0x08001b00                chOQPutTimeout
 .text.chOQGetI
                0x08001b70       0x50 build/obj/chqueues.o
                0x08001b70                chOQGetI
 .text.chOQWriteTimeout
                0x08001bc0       0xa0 build/obj/chqueues.o
                0x08001bc0                chOQWriteTimeout
 .text._core_init
                0x08001c60       0x30 build/obj/chmemcore.o
                0x08001c60                _core_init
 .text.chCoreAllocI
                0x08001c90       0x30 build/obj/chmemcore.o
                0x08001c90                chCoreAllocI
 .text.chCoreAlloc
                0x08001cc0       0x30 build/obj/chmemcore.o
                0x08001cc0                chCoreAlloc
 .text._heap_init
                0x08001cf0       0x20 build/obj/chheap.o
                0x08001cf0                _heap_init
 .text.halInit  0x08001d10       0x30 build/obj/hal.o
                0x08001d10                halInit
 .text.readt    0x08001d40       0x10 build/obj/serial.o
 .text.read     0x08001d50       0x10 build/obj/serial.o
 .text.writet   0x08001d60       0x10 build/obj/serial.o
 .text.write    0x08001d70       0x10 build/obj/serial.o
 .text.gett     0x08001d80       0x10 build/obj/serial.o
 .text.get      0x08001d90       0x10 build/obj/serial.o
 .text.putt     0x08001da0       0x10 build/obj/serial.o
 .text.put      0x08001db0       0x10 build/obj/serial.o
 .text.sdInit   0x08001dc0       0x10 build/obj/serial.o
                0x08001dc0                sdInit
 .text.sdObjectInit
                0x08001dd0       0x50 build/obj/serial.o
                0x08001dd0                sdObjectInit
 .text.sdStart  0x08001e20       0x50 build/obj/serial.o
                0x08001e20                sdStart
 .text.sdIncomingDataI
                0x08001e70       0x50 build/obj/serial.o
                0x08001e70                sdIncomingDataI
 .text.tm_start
                0x08001ec0       0x10 build/obj/tm.o
 .text.tm_stop  0x08001ed0       0x30 build/obj/tm.o
 .text.tmInit   0x08001f00       0x50 build/obj/tm.o
                0x08001f00                tmInit
 .text.hal_lld_init
                0x08001f50       0x80 build/obj/hal_lld.o
                0x08001f50                hal_lld_init
 .text.stm32_clock_init
                0x08001fd0       0xc0 build/obj/hal_lld.o
                0x08001fd0                stm32_clock_init
 .text._pal_lld_init
                0x08002090       0x80 build/obj/pal_lld.o
                0x08002090                _pal_lld_init
 .text.notify2  0x08002110       0x20 build/obj/serial_lld.o
 .text.VectorD8
                0x08002130      0x160 build/obj/serial_lld.o
                0x08002130                VectorD8
 .text.sd_lld_init
                0x08002290       0x30 build/obj/serial_lld.o
                0x08002290                sd_lld_init
 .text.sd_lld_start
                0x080022c0       0x80 build/obj/serial_lld.o
                0x080022c0                sd_lld_start
 .text.__early_init
                0x08002340       0x10 build/obj/board.o
                0x08002340                __early_init
 .text.boardInit
                0x08002350       0x10 build/obj/board.o
                0x08002350                boardInit
 .text.long_to_string_with_divisor
                0x08002360       0x70 build/obj/chprintf.o
 .text.chprintf
                0x080023d0      0x450 build/obj/chprintf.o
                0x080023d0                chprintf
 .text.floatingPoint
                0x08002820       0x50 build/obj/main.o
 .text.heartBeat
                0x08002870       0x40 build/obj/main.o
 *(.rodata)
 *(.rodata.*)
 .rodata.str1.4
                0x080028b0        0x5 build/obj/chsys.o
                                  0x8 (size before relaxing)
 *fill*         0x080028b5        0xb 00
 .rodata.str1.4
                0x080028c0       0x56 build/obj/chdebug.o
                                 0x58 (size before relaxing)
 *fill*         0x08002916        0xa 00
 .rodata.str1.4
                0x08002920       0x31 build/obj/chvt.o
                                 0x34 (size before relaxing)
 *fill*         0x08002951        0xf 00
 .rodata.str1.4
                0x08002960       0x23 build/obj/chschd.o
                                 0x24 (size before relaxing)
 *fill*         0x08002983        0xd 00
 .rodata.str1.4
                0x08002990       0x94 build/obj/chthreads.o
 *fill*         0x08002a24        0xc 00
 .rodata.ch_debug
                0x08002a30       0x18 build/obj/chregistry.o
                0x08002a30                ch_debug
 *fill*         0x08002a48        0x8 00
 .rodata.str1.4
                0x08002a50       0xab build/obj/chmtx.o
                                 0xac (size before relaxing)
 *fill*         0x08002afb        0x5 00
 .rodata.str1.4
                0x08002b00       0x90 build/obj/chevents.o
 .rodata.str1.4
                0x08002b90       0x29 build/obj/chqueues.o
                                 0x2c (size before relaxing)
 *fill*         0x08002bb9        0x7 00
 .rodata.str1.4
                0x08002bc0       0x5f build/obj/serial.o
                                 0x60 (size before relaxing)
 *fill*         0x08002c1f        0x1 00
 .rodata.vmt    0x08002c20       0x20 build/obj/serial.o
 .rodata.default_config
                0x08002c40        0xc build/obj/serial_lld.o
 *fill*         0x08002c4c        0x4 00
 .rodata.pal_default_config
                0x08002c50       0x3c build/obj/board.o
                0x08002c50                pal_default_config
 *fill*         0x08002c8c        0x4 00
 .rodata.str1.4
                0x08002c90        0x7 build/obj/chprintf.o
                                  0x8 (size before relaxing)
 *fill*         0x08002c97        0x9 00
 .rodata.str1.4
                0x08002ca0       0x1c build/obj/main.o
 *(.glue_7t)
 .glue_7t       0x00000000        0x0 linker stubs
 *(.glue_7)
 .glue_7        0x00000000        0x0 linker stubs
 *(.gcc*)

.vfp11_veneer   0x08002cbc        0x0
 .vfp11_veneer  0x00000000        0x0 linker stubs

.v4_bx          0x08002cbc        0x0
 .v4_bx         0x00000000        0x0 linker stubs

.iplt           0x08002cbc        0x0
 .iplt          0x00000000        0x0 build/obj/crt0.o

.rel.dyn        0x08002cbc        0x0
 .rel.iplt      0x00000000        0x0 build/obj/crt0.o

.ARM.extab
 *(.ARM.extab* .gnu.linkonce.armextab.*)

.ARM.exidx      0x08002cbc        0x0
                0x08002cbc                PROVIDE (__exidx_start, .)
 *(.ARM.exidx* .gnu.linkonce.armexidx.*)
                0x08002cbc                PROVIDE (__exidx_end, .)

.eh_frame_hdr
 *(.eh_frame_hdr)

.eh_frame
 *(.eh_frame)

.textalign      0x08002cbc        0x4
                0x08002cc0                . = ALIGN (0x8)
 *fill*         0x08002cbc        0x4 00
                0x08002cc0                . = ALIGN (0x4)
                0x08002cc0                _etext = .
                0x08002cc0                _textdata = _etext

.stacks         0x20000000      0x800
                0x20000000                . = ALIGN (0x8)
                0x20000000                __main_stack_base__ = .
                0x20000400                . = (. + __main_stack_size__)
 *fill*         0x20000000      0x400 00
                0x20000400                . = ALIGN (0x8)
                0x20000400                __main_stack_end__ = .
                0x20000400                __process_stack_base__ = .
                0x20000400                __main_thread_stack_base__ = .
                0x20000800                . = (. + __process_stack_size__)
 *fill*         0x20000400      0x400 00
                0x20000800                . = ALIGN (0x8)
                0x20000800                __process_stack_end__ = .
                0x20000800                __main_thread_stack_end__ = .

.data           0x20000800        0x0 load address 0x08002cc0
                0x20000800                . = ALIGN (0x4)
                0x20000800                PROVIDE (_data, .)
 *(.data)
                0x20000800                . = ALIGN (0x4)
 *(.data.*)
                0x20000800                . = ALIGN (0x4)
 *(.ramtext)
                0x20000800                . = ALIGN (0x4)
                0x20000800                PROVIDE (_edata, .)

.igot.plt       0x20000800        0x0 load address 0x08002cc0
 .igot.plt      0x00000000        0x0 build/obj/crt0.o

.bss            0x20000800      0x998 load address 0x08002cc0
                0x20000800                . = ALIGN (0x4)
                0x20000800                PROVIDE (_bss_start, .)
 *(.bss)
                0x20000800                . = ALIGN (0x4)
 *(.bss.*)
 .bss.mainthread.4821
                0x20000800       0x4c build/obj/chsys.o
 *fill*         0x2000084c        0x4 00
 .bss._idle_thread_wa
                0x20000850       0xc0 build/obj/chsys.o
                0x20000850                _idle_thread_wa
 .bss.dbg_isr_cnt
                0x20000910        0x4 build/obj/chdebug.o
                0x20000910                dbg_isr_cnt
 .bss.dbg_trace_buffer
                0x20000914      0x408 build/obj/chdebug.o
                0x20000914                dbg_trace_buffer
 .bss.dbg_lock_cnt
                0x20000d1c        0x4 build/obj/chdebug.o
                0x20000d1c                dbg_lock_cnt
 .bss.dbg_panic_msg
                0x20000d20        0x4 build/obj/chdebug.o
                0x20000d20                dbg_panic_msg
 .bss.vtlist    0x20000d24       0x10 build/obj/chvt.o
                0x20000d24                vtlist
 .bss.rlist     0x20000d34       0x1c build/obj/chschd.o
                0x20000d34                rlist
 .bss.endmem    0x20000d50        0x4 build/obj/chmemcore.o
 .bss.nextmem   0x20000d54        0x4 build/obj/chmemcore.o
 .bss.default_heap
                0x20000d58       0x20 build/obj/chheap.o
 .bss.measurement_offset
                0x20000d78        0x4 build/obj/tm.o
 .bss.SD2       0x20000d7c       0x78 build/obj/serial_lld.o
                0x20000d7c                SD2
 *fill*         0x20000df4        0x4 00
 .bss.floatingWrkArea
                0x20000df8      0x2b0 build/obj/main.o
 .bss.heartWrkArea
                0x200010a8       0xf0 build/obj/main.o
                0x20001198                . = ALIGN (0x4)
 *(COMMON)
                0x20001198                . = ALIGN (0x4)
                0x20001198                PROVIDE (_bss_end, .)
                0x20001198                PROVIDE (end, .)
                0x20001198                _end = .
                0x20001198                __heap_base__ = _end
                0x20010000                __heap_end__ = __ram_end__
OUTPUT(build/ch.elf elf32-littlearm)

.debug_info     0x00000000     0xc2fd
 .debug_info    0x00000000      0x2a8 build/obj/crt0.o
 .debug_info    0x000002a8      0x1f0 build/obj/vectors.o
 .debug_info    0x00000498       0x9a build/obj/chcore.o
 .debug_info    0x00000532      0x946 build/obj/chcore_v7m.o
 .debug_info    0x00000e78      0x455 build/obj/nvic.o
 .debug_info    0x000012cd      0x94c build/obj/chsys.o
 .debug_info    0x00001c19      0x9f3 build/obj/chdebug.o
 .debug_info    0x0000260c      0x298 build/obj/chvt.o
 .debug_info    0x000028a4      0xb87 build/obj/chschd.o
 .debug_info    0x0000342b      0xec1 build/obj/chthreads.o
 .debug_info    0x000042ec      0x721 build/obj/chregistry.o
 .debug_info    0x00004a0d      0xbb6 build/obj/chmtx.o
 .debug_info    0x000055c3     0x1089 build/obj/chevents.o
 .debug_info    0x0000664c      0xdbd build/obj/chqueues.o
 .debug_info    0x00007409      0x23b build/obj/chmemcore.o
 .debug_info    0x00007644      0x7a0 build/obj/chheap.o
 .debug_info    0x00007de4      0x36e build/obj/hal.o
 .debug_info    0x00008152     0x11de build/obj/serial.o
 .debug_info    0x00009330      0x2f1 build/obj/tm.o
 .debug_info    0x00009621      0x3d7 build/obj/hal_lld.o
 .debug_info    0x000099f8      0x3bc build/obj/pal_lld.o
 .debug_info    0x00009db4     0x1144 build/obj/serial_lld.o
 .debug_info    0x0000aef8      0x1a0 build/obj/board.o
 .debug_info    0x0000b098      0x603 build/obj/chprintf.o
 .debug_info    0x0000b69b      0xc62 build/obj/main.o

.debug_abbrev   0x00000000     0x3026
 .debug_abbrev  0x00000000       0xdc build/obj/crt0.o
 .debug_abbrev  0x000000dc       0xb1 build/obj/vectors.o
 .debug_abbrev  0x0000018d       0x44 build/obj/chcore.o
 .debug_abbrev  0x000001d1      0x1d5 build/obj/chcore_v7m.o
 .debug_abbrev  0x000003a6       0xf2 build/obj/nvic.o
 .debug_abbrev  0x00000498      0x1ff build/obj/chsys.o
 .debug_abbrev  0x00000697      0x246 build/obj/chdebug.o
 .debug_abbrev  0x000008dd      0x153 build/obj/chvt.o
 .debug_abbrev  0x00000a30      0x32e build/obj/chschd.o
 .debug_abbrev  0x00000d5e      0x367 build/obj/chthreads.o
 .debug_abbrev  0x000010c5      0x1bc build/obj/chregistry.o
 .debug_abbrev  0x00001281      0x2d3 build/obj/chmtx.o
 .debug_abbrev  0x00001554      0x30b build/obj/chevents.o
 .debug_abbrev  0x0000185f      0x34e build/obj/chqueues.o
 .debug_abbrev  0x00001bad      0x12e build/obj/chmemcore.o
 .debug_abbrev  0x00001cdb      0x21b build/obj/chheap.o
 .debug_abbrev  0x00001ef6      0x1d9 build/obj/hal.o
 .debug_abbrev  0x000020cf      0x2dc build/obj/serial.o
 .debug_abbrev  0x000023ab      0x19c build/obj/tm.o
 .debug_abbrev  0x00002547       0xfc build/obj/hal_lld.o
 .debug_abbrev  0x00002643      0x12c build/obj/pal_lld.o
 .debug_abbrev  0x0000276f      0x364 build/obj/serial_lld.o
 .debug_abbrev  0x00002ad3       0xe5 build/obj/board.o
 .debug_abbrev  0x00002bb8      0x213 build/obj/chprintf.o
 .debug_abbrev  0x00002dcb      0x25b build/obj/main.o

.debug_aranges  0x00000000      0x6d0
 .debug_aranges
                0x00000000       0x38 build/obj/crt0.o
 .debug_aranges
                0x00000038       0x20 build/obj/vectors.o
 .debug_aranges
                0x00000058       0x20 build/obj/chcore.o
 .debug_aranges
                0x00000078       0x50 build/obj/chcore_v7m.o
 .debug_aranges
                0x000000c8       0x30 build/obj/nvic.o
 .debug_aranges
                0x000000f8       0x30 build/obj/chsys.o
 .debug_aranges
                0x00000128       0x88 build/obj/chdebug.o
 .debug_aranges
                0x000001b0       0x30 build/obj/chvt.o
 .debug_aranges
                0x000001e0       0x68 build/obj/chschd.o
 .debug_aranges
                0x00000248       0x80 build/obj/chthreads.o
 .debug_aranges
                0x000002c8       0x28 build/obj/chregistry.o
 .debug_aranges
                0x000002f0       0x58 build/obj/chmtx.o
 .debug_aranges
                0x00000348       0xa0 build/obj/chevents.o
 .debug_aranges
                0x000003e8       0x70 build/obj/chqueues.o
 .debug_aranges
                0x00000458       0x38 build/obj/chmemcore.o
 .debug_aranges
                0x00000490       0x40 build/obj/chheap.o
 .debug_aranges
                0x000004d0       0x30 build/obj/hal.o
 .debug_aranges
                0x00000500       0x88 build/obj/serial.o
 .debug_aranges
                0x00000588       0x38 build/obj/tm.o
 .debug_aranges
                0x000005c0       0x28 build/obj/hal_lld.o
 .debug_aranges
                0x000005e8       0x28 build/obj/pal_lld.o
 .debug_aranges
                0x00000610       0x40 build/obj/serial_lld.o
 .debug_aranges
                0x00000650       0x28 build/obj/board.o
 .debug_aranges
                0x00000678       0x28 build/obj/chprintf.o
 .debug_aranges
                0x000006a0       0x30 build/obj/main.o

.debug_ranges   0x00000000      0xc88
 .debug_ranges  0x00000000       0xe0 build/obj/crt0.o
 .debug_ranges  0x000000e0       0x10 build/obj/vectors.o
 .debug_ranges  0x000000f0       0x10 build/obj/chcore.o
 .debug_ranges  0x00000100       0x58 build/obj/chcore_v7m.o
 .debug_ranges  0x00000158       0x20 build/obj/nvic.o
 .debug_ranges  0x00000178       0x20 build/obj/chsys.o
 .debug_ranges  0x00000198       0xf0 build/obj/chdebug.o
 .debug_ranges  0x00000288       0x20 build/obj/chvt.o
 .debug_ranges  0x000002a8      0x1e8 build/obj/chschd.o
 .debug_ranges  0x00000490      0x150 build/obj/chthreads.o
 .debug_ranges  0x000005e0       0x18 build/obj/chregistry.o
 .debug_ranges  0x000005f8      0x230 build/obj/chmtx.o
 .debug_ranges  0x00000828       0xd8 build/obj/chevents.o
 .debug_ranges  0x00000900       0xa8 build/obj/chqueues.o
 .debug_ranges  0x000009a8       0x40 build/obj/chmemcore.o
 .debug_ranges  0x000009e8       0x30 build/obj/chheap.o
 .debug_ranges  0x00000a18       0x20 build/obj/hal.o
 .debug_ranges  0x00000a38       0x78 build/obj/serial.o
 .debug_ranges  0x00000ab0       0x70 build/obj/tm.o
 .debug_ranges  0x00000b20       0x38 build/obj/hal_lld.o
 .debug_ranges  0x00000b58       0x18 build/obj/pal_lld.o
 .debug_ranges  0x00000b70       0x88 build/obj/serial_lld.o
 .debug_ranges  0x00000bf8       0x18 build/obj/board.o
 .debug_ranges  0x00000c10       0x58 build/obj/chprintf.o
 .debug_ranges  0x00000c68       0x20 build/obj/main.o

.debug_line     0x00000000     0x3775
 .debug_line    0x00000000      0x13c build/obj/crt0.o
 .debug_line    0x0000013c       0xb4 build/obj/vectors.o
 .debug_line    0x000001f0       0x53 build/obj/chcore.o
 .debug_line    0x00000243      0x1f7 build/obj/chcore_v7m.o
 .debug_line    0x0000043a       0xf2 build/obj/nvic.o
 .debug_line    0x0000052c      0x1e6 build/obj/chsys.o
 .debug_line    0x00000712      0x2f3 build/obj/chdebug.o
 .debug_line    0x00000a05      0x159 build/obj/chvt.o
 .debug_line    0x00000b5e      0x34f build/obj/chschd.o
 .debug_line    0x00000ead      0x3b8 build/obj/chthreads.o
 .debug_line    0x00001265      0x1b7 build/obj/chregistry.o
 .debug_line    0x0000141c      0x36f build/obj/chmtx.o
 .debug_line    0x0000178b      0x357 build/obj/chevents.o
 .debug_line    0x00001ae2      0x388 build/obj/chqueues.o
 .debug_line    0x00001e6a      0x14d build/obj/chmemcore.o
 .debug_line    0x00001fb7      0x274 build/obj/chheap.o
 .debug_line    0x0000222b      0x231 build/obj/hal.o
 .debug_line    0x0000245c      0x385 build/obj/serial.o
 .debug_line    0x000027e1      0x1b8 build/obj/tm.o
 .debug_line    0x00002999      0x1a2 build/obj/hal_lld.o
 .debug_line    0x00002b3b      0x1dc build/obj/pal_lld.o
 .debug_line    0x00002d17      0x327 build/obj/serial_lld.o
 .debug_line    0x0000303e      0x159 build/obj/board.o
 .debug_line    0x00003197      0x301 build/obj/chprintf.o
 .debug_line    0x00003498      0x2dd build/obj/main.o

.debug_str      0x00000000     0x1bd5
 .debug_str     0x00000000      0x215 build/obj/crt0.o
                                0x249 (size before relaxing)
 .debug_str     0x00000215      0x185 build/obj/vectors.o
                                0x27b (size before relaxing)
 .debug_str     0x0000039a       0x2d build/obj/chcore.o
                                0x147 (size before relaxing)
 .debug_str     0x000003c7      0x374 build/obj/chcore_v7m.o
                                0x4b5 (size before relaxing)
 .debug_str     0x0000073b       0x9e build/obj/nvic.o
                                0x246 (size before relaxing)
 .debug_str     0x000007d9      0x23a build/obj/chsys.o
                                0x57a (size before relaxing)
 .debug_str     0x00000a13       0xfb build/obj/chdebug.o
                                0x4f1 (size before relaxing)
 .debug_str     0x00000b0e       0x36 build/obj/chvt.o
                                0x1e3 (size before relaxing)
 .debug_str     0x00000b44       0xd5 build/obj/chschd.o
                                0x4b1 (size before relaxing)
 .debug_str     0x00000c19       0xef build/obj/chthreads.o
                                0x50b (size before relaxing)
 .debug_str     0x00000d08       0x42 build/obj/chregistry.o
                                0x461 (size before relaxing)
 .debug_str     0x00000d4a       0x91 build/obj/chmtx.o
                                0x409 (size before relaxing)
 .debug_str     0x00000ddb      0x1b9 build/obj/chevents.o
                                0x52d (size before relaxing)
 .debug_str     0x00000f94      0x126 build/obj/chqueues.o
                                0x494 (size before relaxing)
 .debug_str     0x000010ba       0x70 build/obj/chmemcore.o
                                0x1e3 (size before relaxing)
 .debug_str     0x0000112a       0xad build/obj/chheap.o
                                0x3a8 (size before relaxing)
 .debug_str     0x000011d7      0x12c build/obj/hal.o
                                0x273 (size before relaxing)
 .debug_str     0x00001303      0x16f build/obj/serial.o
                                0x608 (size before relaxing)
 .debug_str     0x00001472       0x67 build/obj/tm.o
                                0x20a (size before relaxing)
 .debug_str     0x000014d9      0x10c build/obj/hal_lld.o
                                0x2ad (size before relaxing)
 .debug_str     0x000015e5       0x88 build/obj/pal_lld.o
                                0x27b (size before relaxing)
 .debug_str     0x0000166d      0x426 build/obj/serial_lld.o
                                0x9ff (size before relaxing)
 .debug_str     0x00001a93       0x2a build/obj/board.o
                                0x1e4 (size before relaxing)
 .debug_str     0x00001abd       0xea build/obj/chprintf.o
                                0x24a (size before relaxing)
 .debug_str     0x00001ba7       0x2e build/obj/main.o
                                0x561 (size before relaxing)

.comment        0x00000000       0x70
 .comment       0x00000000       0x70 build/obj/crt0.o
                                 0x71 (size before relaxing)
 .comment       0x00000000       0x71 build/obj/vectors.o
 .comment       0x00000000       0x71 build/obj/chcore.o
 .comment       0x00000000       0x71 build/obj/chcore_v7m.o
 .comment       0x00000000       0x71 build/obj/nvic.o
 .comment       0x00000000       0x71 build/obj/chsys.o
 .comment       0x00000000       0x71 build/obj/chdebug.o
 .comment       0x00000000       0x71 build/obj/chvt.o
 .comment       0x00000000       0x71 build/obj/chschd.o
 .comment       0x00000000       0x71 build/obj/chthreads.o
 .comment       0x00000000       0x71 build/obj/chregistry.o
 .comment       0x00000000       0x71 build/obj/chmtx.o
 .comment       0x00000000       0x71 build/obj/chevents.o
 .comment       0x00000000       0x71 build/obj/chqueues.o
 .comment       0x00000000       0x71 build/obj/chmemcore.o
 .comment       0x00000000       0x71 build/obj/chheap.o
 .comment       0x00000000       0x71 build/obj/hal.o
 .comment       0x00000000       0x71 build/obj/serial.o
 .comment       0x00000000       0x71 build/obj/tm.o
 .comment       0x00000000       0x71 build/obj/hal_lld.o
 .comment       0x00000000       0x71 build/obj/pal_lld.o
 .comment       0x00000000       0x71 build/obj/serial_lld.o
 .comment       0x00000000       0x71 build/obj/board.o
 .comment       0x00000000       0x71 build/obj/chprintf.o
 .comment       0x00000000       0x71 build/obj/main.o

.ARM.attributes
                0x00000000       0x33
 .ARM.attributes
                0x00000000       0x33 build/obj/crt0.o
 .ARM.attributes
                0x00000033       0x33 build/obj/vectors.o
 .ARM.attributes
                0x00000066       0x33 build/obj/chcore.o
 .ARM.attributes
                0x00000099       0x33 build/obj/chcore_v7m.o
 .ARM.attributes
                0x000000cc       0x33 build/obj/nvic.o
 .ARM.attributes
                0x000000ff       0x33 build/obj/chsys.o
 .ARM.attributes
                0x00000132       0x33 build/obj/chdebug.o
 .ARM.attributes
                0x00000165       0x33 build/obj/chvt.o
 .ARM.attributes
                0x00000198       0x33 build/obj/chschd.o
 .ARM.attributes
                0x000001cb       0x33 build/obj/chthreads.o
 .ARM.attributes
                0x000001fe       0x33 build/obj/chregistry.o
 .ARM.attributes
                0x00000231       0x33 build/obj/chmtx.o
 .ARM.attributes
                0x00000264       0x33 build/obj/chevents.o
 .ARM.attributes
                0x00000297       0x33 build/obj/chqueues.o
 .ARM.attributes
                0x000002ca       0x33 build/obj/chmemcore.o
 .ARM.attributes
                0x000002fd       0x33 build/obj/chheap.o
 .ARM.attributes
                0x00000330       0x33 build/obj/hal.o
 .ARM.attributes
                0x00000363       0x33 build/obj/serial.o
 .ARM.attributes
                0x00000396       0x33 build/obj/tm.o
 .ARM.attributes
                0x000003c9       0x33 build/obj/hal_lld.o
 .ARM.attributes
                0x000003fc       0x33 build/obj/pal_lld.o
 .ARM.attributes
                0x0000042f       0x33 build/obj/serial_lld.o
 .ARM.attributes
                0x00000462       0x33 build/obj/board.o
 .ARM.attributes
                0x00000495       0x33 build/obj/chprintf.o
 .ARM.attributes
                0x000004c8       0x33 build/obj/main.o
 .ARM.attributes
                0x000004fb       0x1d /usr/bin/../lib/gcc/arm-none-eabi/4.7.4/armv7-m/libgcc.a(_arm_addsubdf3.o)
 .ARM.attributes
                0x00000518       0x1d /usr/bin/../lib/gcc/arm-none-eabi/4.7.4/armv7-m/libgcc.a(_arm_muldivdf3.o)
 .ARM.attributes
                0x00000535       0x1d /usr/bin/../lib/gcc/arm-none-eabi/4.7.4/armv7-m/libgcc.a(_arm_fixdfsi.o)
 .ARM.attributes
                0x00000552       0x1d /usr/bin/../lib/gcc/arm-none-eabi/4.7.4/armv7-m/libgcc.a(_arm_truncdfsf2.o)
 .ARM.attributes
                0x0000056f       0x1d /usr/bin/../lib/gcc/arm-none-eabi/4.7.4/armv7-m/libgcc.a(_arm_cmpsf2.o)
 .ARM.attributes
                0x0000058c       0x1d /usr/bin/../lib/gcc/arm-none-eabi/4.7.4/armv7-m/libgcc.a(_arm_fixsfsi.o)

.debug_frame    0x00000000     0x10a8
 .debug_frame   0x00000000       0x50 build/obj/crt0.o
 .debug_frame   0x00000050       0x20 build/obj/vectors.o
 .debug_frame   0x00000070       0x20 build/obj/chcore.o
 .debug_frame   0x00000090       0xa4 build/obj/chcore_v7m.o
 .debug_frame   0x00000134       0x5c build/obj/nvic.o
 .debug_frame   0x00000190       0x68 build/obj/chsys.o
 .debug_frame   0x000001f8      0x140 build/obj/chdebug.o
 .debug_frame   0x00000338       0x64 build/obj/chvt.o
 .debug_frame   0x0000039c      0x128 build/obj/chschd.o
 .debug_frame   0x000004c4      0x1ac build/obj/chthreads.o
 .debug_frame   0x00000670       0x4c build/obj/chregistry.o
 .debug_frame   0x000006bc      0x108 build/obj/chmtx.o
 .debug_frame   0x000007c4      0x238 build/obj/chevents.o
 .debug_frame   0x000009fc      0x180 build/obj/chqueues.o
 .debug_frame   0x00000b7c       0x68 build/obj/chmemcore.o
 .debug_frame   0x00000be4       0xb0 build/obj/chheap.o
 .debug_frame   0x00000c94       0x4c build/obj/hal.o
 .debug_frame   0x00000ce0      0x140 build/obj/serial.o
 .debug_frame   0x00000e20       0x5c build/obj/tm.o
 .debug_frame   0x00000e7c       0x3c build/obj/hal_lld.o
 .debug_frame   0x00000eb8       0x48 build/obj/pal_lld.o
 .debug_frame   0x00000f00       0x94 build/obj/serial_lld.o
 .debug_frame   0x00000f94       0x30 build/obj/board.o
 .debug_frame   0x00000fc4       0x70 build/obj/chprintf.o
 .debug_frame   0x00001034       0x74 build/obj/main.o

.debug_loc      0x00000000     0x8d60
 .debug_loc     0x00000000      0x12c build/obj/chcore_v7m.o
 .debug_loc     0x0000012c      0x1c9 build/obj/nvic.o
 .debug_loc     0x000002f5       0xcc build/obj/chsys.o
 .debug_loc     0x000003c1      0x22c build/obj/chdebug.o
 .debug_loc     0x000005ed      0x10b build/obj/chvt.o
 .debug_loc     0x000006f8      0x315 build/obj/chschd.o
 .debug_loc     0x00000a0d      0x6b2 build/obj/chthreads.o
 .debug_loc     0x000010bf       0xc9 build/obj/chregistry.o
 .debug_loc     0x00001188      0x4f6 build/obj/chmtx.o
 .debug_loc     0x0000167e      0x9d8 build/obj/chevents.o
 .debug_loc     0x00002056      0x92e build/obj/chqueues.o
 .debug_loc     0x00002984      0x10b build/obj/chmemcore.o
 .debug_loc     0x00002a8f      0x313 build/obj/chheap.o
 .debug_loc     0x00002da2       0xa7 build/obj/hal.o
 .debug_loc     0x00002e49      0x5aa build/obj/serial.o
 .debug_loc     0x000033f3       0x99 build/obj/tm.o
 .debug_loc     0x0000348c       0x20 build/obj/hal_lld.o
 .debug_loc     0x000034ac     0x4bfe build/obj/pal_lld.o
 .debug_loc     0x000080aa      0x2c7 build/obj/serial_lld.o
 .debug_loc     0x00008371      0x913 build/obj/chprintf.o
 .debug_loc     0x00008c84       0xdc build/obj/main.o

Cross Reference Table

Symbol                                            File
BusFaultVector                                    build/obj/vectors.o
DebugMonitorVector                                build/obj/vectors.o
HardFaultVector                                   build/obj/vectors.o
MemManageVector                                   build/obj/vectors.o
NMIVector                                         build/obj/vectors.o
PendSVVector                                      build/obj/vectors.o
ResetHandler                                      build/obj/crt0.o
                                                  build/obj/vectors.o
SD2                                               build/obj/serial_lld.o
                                                  build/obj/main.o
SVCallVector                                      build/obj/chcore_v7m.o
                                                  build/obj/vectors.o
SysTickVector                                     build/obj/chcore_v7m.o
                                                  build/obj/vectors.o
UsageFaultVector                                  build/obj/vectors.o
Vector100                                         build/obj/vectors.o
Vector104                                         build/obj/vectors.o
Vector108                                         build/obj/vectors.o
Vector10C                                         build/obj/vectors.o
Vector110                                         build/obj/vectors.o
Vector114                                         build/obj/vectors.o
Vector118                                         build/obj/vectors.o
Vector11C                                         build/obj/vectors.o
Vector120                                         build/obj/vectors.o
Vector124                                         build/obj/vectors.o
Vector128                                         build/obj/vectors.o
Vector12C                                         build/obj/vectors.o
Vector130                                         build/obj/vectors.o
Vector134                                         build/obj/vectors.o
Vector138                                         build/obj/vectors.o
Vector13C                                         build/obj/vectors.o
Vector140                                         build/obj/vectors.o
Vector144                                         build/obj/vectors.o
Vector148                                         build/obj/vectors.o
Vector14C                                         build/obj/vectors.o
Vector1C                                          build/obj/vectors.o
Vector20                                          build/obj/vectors.o
Vector24                                          build/obj/vectors.o
Vector28                                          build/obj/vectors.o
Vector34                                          build/obj/vectors.o
Vector40                                          build/obj/vectors.o
Vector44                                          build/obj/vectors.o
Vector48                                          build/obj/vectors.o
Vector4C                                          build/obj/vectors.o
Vector50                                          build/obj/vectors.o
Vector54                                          build/obj/vectors.o
Vector58                                          build/obj/vectors.o
Vector5C                                          build/obj/vectors.o
Vector60                                          build/obj/vectors.o
Vector64                                          build/obj/vectors.o
Vector68                                          build/obj/vectors.o
Vector6C                                          build/obj/vectors.o
Vector70                                          build/obj/vectors.o
Vector74                                          build/obj/vectors.o
Vector78                                          build/obj/vectors.o
Vector7C                                          build/obj/vectors.o
Vector80                                          build/obj/vectors.o
Vector84                                          build/obj/vectors.o
Vector88                                          build/obj/vectors.o
Vector8C                                          build/obj/vectors.o
Vector90                                          build/obj/vectors.o
Vector94                                          build/obj/vectors.o
Vector98                                          build/obj/vectors.o
Vector9C                                          build/obj/vectors.o
VectorA0                                          build/obj/vectors.o
VectorA4                                          build/obj/vectors.o
VectorA8                                          build/obj/vectors.o
VectorAC                                          build/obj/vectors.o
VectorB0                                          build/obj/vectors.o
VectorB4                                          build/obj/vectors.o
VectorB8                                          build/obj/vectors.o
VectorBC                                          build/obj/vectors.o
VectorC0                                          build/obj/vectors.o
VectorC4                                          build/obj/vectors.o
VectorC8                                          build/obj/vectors.o
VectorCC                                          build/obj/vectors.o
VectorD0                                          build/obj/vectors.o
VectorD4                                          build/obj/vectors.o
VectorD8                                          build/obj/serial_lld.o
                                                  build/obj/vectors.o
VectorDC                                          build/obj/vectors.o
VectorE0                                          build/obj/vectors.o
VectorE4                                          build/obj/vectors.o
VectorE8                                          build/obj/vectors.o
VectorEC                                          build/obj/vectors.o
VectorF0                                          build/obj/vectors.o
VectorF4                                          build/obj/vectors.o
VectorF8                                          build/obj/vectors.o
VectorFC                                          build/obj/vectors.o
__adddf3                                          /usr/bin/../lib/gcc/arm-none-eabi/4.7.4/armv7-m/libgcc.a(_arm_addsubdf3.o)
__aeabi_cfcmpeq                                   /usr/bin/../lib/gcc/arm-none-eabi/4.7.4/armv7-m/libgcc.a(_arm_cmpsf2.o)
__aeabi_cfcmple                                   /usr/bin/../lib/gcc/arm-none-eabi/4.7.4/armv7-m/libgcc.a(_arm_cmpsf2.o)
__aeabi_cfrcmple                                  /usr/bin/../lib/gcc/arm-none-eabi/4.7.4/armv7-m/libgcc.a(_arm_cmpsf2.o)
__aeabi_d2f                                       /usr/bin/../lib/gcc/arm-none-eabi/4.7.4/armv7-m/libgcc.a(_arm_truncdfsf2.o)
                                                  build/obj/main.o
                                                  build/obj/chprintf.o
__aeabi_d2iz                                      /usr/bin/../lib/gcc/arm-none-eabi/4.7.4/armv7-m/libgcc.a(_arm_fixdfsi.o)
                                                  build/obj/chprintf.o
__aeabi_dadd                                      /usr/bin/../lib/gcc/arm-none-eabi/4.7.4/armv7-m/libgcc.a(_arm_addsubdf3.o)
__aeabi_ddiv                                      /usr/bin/../lib/gcc/arm-none-eabi/4.7.4/armv7-m/libgcc.a(_arm_muldivdf3.o)
__aeabi_dmul                                      /usr/bin/../lib/gcc/arm-none-eabi/4.7.4/armv7-m/libgcc.a(_arm_muldivdf3.o)
                                                  build/obj/chprintf.o
__aeabi_drsub                                     /usr/bin/../lib/gcc/arm-none-eabi/4.7.4/armv7-m/libgcc.a(_arm_addsubdf3.o)
__aeabi_dsub                                      /usr/bin/../lib/gcc/arm-none-eabi/4.7.4/armv7-m/libgcc.a(_arm_addsubdf3.o)
                                                  build/obj/main.o
                                                  build/obj/chprintf.o
__aeabi_f2d                                       /usr/bin/../lib/gcc/arm-none-eabi/4.7.4/armv7-m/libgcc.a(_arm_addsubdf3.o)
                                                  build/obj/main.o
                                                  build/obj/chprintf.o
__aeabi_f2iz                                      /usr/bin/../lib/gcc/arm-none-eabi/4.7.4/armv7-m/libgcc.a(_arm_fixsfsi.o)
                                                  build/obj/chprintf.o
__aeabi_fcmpeq                                    /usr/bin/../lib/gcc/arm-none-eabi/4.7.4/armv7-m/libgcc.a(_arm_cmpsf2.o)
                                                  build/obj/main.o
__aeabi_fcmpge                                    /usr/bin/../lib/gcc/arm-none-eabi/4.7.4/armv7-m/libgcc.a(_arm_cmpsf2.o)
__aeabi_fcmpgt                                    /usr/bin/../lib/gcc/arm-none-eabi/4.7.4/armv7-m/libgcc.a(_arm_cmpsf2.o)
__aeabi_fcmple                                    /usr/bin/../lib/gcc/arm-none-eabi/4.7.4/armv7-m/libgcc.a(_arm_cmpsf2.o)
__aeabi_fcmplt                                    /usr/bin/../lib/gcc/arm-none-eabi/4.7.4/armv7-m/libgcc.a(_arm_cmpsf2.o)
                                                  build/obj/chprintf.o
__aeabi_i2d                                       /usr/bin/../lib/gcc/arm-none-eabi/4.7.4/armv7-m/libgcc.a(_arm_addsubdf3.o)
                                                  build/obj/chprintf.o
__aeabi_l2d                                       /usr/bin/../lib/gcc/arm-none-eabi/4.7.4/armv7-m/libgcc.a(_arm_addsubdf3.o)
__aeabi_ui2d                                      /usr/bin/../lib/gcc/arm-none-eabi/4.7.4/armv7-m/libgcc.a(_arm_addsubdf3.o)
__aeabi_ul2d                                      /usr/bin/../lib/gcc/arm-none-eabi/4.7.4/armv7-m/libgcc.a(_arm_addsubdf3.o)
__cmpsf2                                          /usr/bin/../lib/gcc/arm-none-eabi/4.7.4/armv7-m/libgcc.a(_arm_cmpsf2.o)
__ctype_ptr__                                     /usr/bin/../lib/gcc/arm-none-eabi/4.7.4/../../../../arm-none-eabi/lib/armv7-m/libc.a(lib_a-ctype_.o)
                                                  /usr/bin/../lib/gcc/arm-none-eabi/4.7.4/../../../../arm-none-eabi/lib/armv7-m/libc.a(lib_a-strcasecmp.o)
__divdf3                                          /usr/bin/../lib/gcc/arm-none-eabi/4.7.4/armv7-m/libgcc.a(_arm_muldivdf3.o)
__early_init                                      build/obj/board.o
                                                  build/obj/crt0.o
__eqsf2                                           /usr/bin/../lib/gcc/arm-none-eabi/4.7.4/armv7-m/libgcc.a(_arm_cmpsf2.o)
__extendsfdf2                                     /usr/bin/../lib/gcc/arm-none-eabi/4.7.4/armv7-m/libgcc.a(_arm_addsubdf3.o)
__fini_array_end                                  build/obj/crt0.o
__fini_array_start                                build/obj/crt0.o
__fixdfsi                                         /usr/bin/../lib/gcc/arm-none-eabi/4.7.4/armv7-m/libgcc.a(_arm_fixdfsi.o)
__fixsfsi                                         /usr/bin/../lib/gcc/arm-none-eabi/4.7.4/armv7-m/libgcc.a(_arm_fixsfsi.o)
__floatdidf                                       /usr/bin/../lib/gcc/arm-none-eabi/4.7.4/armv7-m/libgcc.a(_arm_addsubdf3.o)
__floatsidf                                       /usr/bin/../lib/gcc/arm-none-eabi/4.7.4/armv7-m/libgcc.a(_arm_addsubdf3.o)
__floatundidf                                     /usr/bin/../lib/gcc/arm-none-eabi/4.7.4/armv7-m/libgcc.a(_arm_addsubdf3.o)
__floatunsidf                                     /usr/bin/../lib/gcc/arm-none-eabi/4.7.4/armv7-m/libgcc.a(_arm_addsubdf3.o)
__gesf2                                           /usr/bin/../lib/gcc/arm-none-eabi/4.7.4/armv7-m/libgcc.a(_arm_cmpsf2.o)
__gtsf2                                           /usr/bin/../lib/gcc/arm-none-eabi/4.7.4/armv7-m/libgcc.a(_arm_cmpsf2.o)
__heap_base__                                     build/obj/chmemcore.o
__heap_end__                                      build/obj/chmemcore.o
__init_array_end                                  build/obj/crt0.o
__init_array_start                                build/obj/crt0.o
__late_init                                       build/obj/crt0.o
__lesf2                                           /usr/bin/../lib/gcc/arm-none-eabi/4.7.4/armv7-m/libgcc.a(_arm_cmpsf2.o)
__ltsf2                                           /usr/bin/../lib/gcc/arm-none-eabi/4.7.4/armv7-m/libgcc.a(_arm_cmpsf2.o)
__main_stack_base__                               build/obj/crt0.o
__main_stack_end__                                build/obj/vectors.o
                                                  build/obj/crt0.o
__main_thread_stack_base__                        build/obj/chsys.o
__muldf3                                          /usr/bin/../lib/gcc/arm-none-eabi/4.7.4/armv7-m/libgcc.a(_arm_muldivdf3.o)
__nesf2                                           /usr/bin/../lib/gcc/arm-none-eabi/4.7.4/armv7-m/libgcc.a(_arm_cmpsf2.o)
__process_stack_base__                            build/obj/crt0.o
__process_stack_end__                             build/obj/crt0.o
__subdf3                                          /usr/bin/../lib/gcc/arm-none-eabi/4.7.4/armv7-m/libgcc.a(_arm_addsubdf3.o)
__truncdfsf2                                      /usr/bin/../lib/gcc/arm-none-eabi/4.7.4/armv7-m/libgcc.a(_arm_truncdfsf2.o)
_bss_end                                          build/obj/crt0.o
_bss_start                                        build/obj/crt0.o
_core_init                                        build/obj/chmemcore.o
                                                  build/obj/chsys.o
_ctype_                                           /usr/bin/../lib/gcc/arm-none-eabi/4.7.4/../../../../arm-none-eabi/lib/armv7-m/libc.a(lib_a-ctype_.o)
_data                                             build/obj/crt0.o
_default_exit                                     build/obj/crt0.o
_edata                                            build/obj/crt0.o
_heap_init                                        build/obj/chheap.o
                                                  build/obj/chsys.o
_idle_thread                                      build/obj/chsys.o
_idle_thread_wa                                   build/obj/chsys.o
_pal_lld_init                                     build/obj/pal_lld.o
                                                  build/obj/hal.o
_pal_lld_setgroupmode                             build/obj/pal_lld.o
                                                  build/obj/pal.o
_port_init                                        build/obj/chcore_v7m.o
                                                  build/obj/chsys.o
_port_irq_epilogue                                build/obj/chcore_v7m.o
                                                  build/obj/serial_lld.o
_port_switch                                      build/obj/chcore_v7m.o
                                                  build/obj/chschd.o
_port_switch_from_isr                             build/obj/chcore_v7m.o
_port_thread_start                                build/obj/chcore_v7m.o
                                                  build/obj/chthreads.o
_scheduler_init                                   build/obj/chschd.o
                                                  build/obj/chsys.o
_textdata                                         build/obj/crt0.o
_thread_init                                      build/obj/chthreads.o
                                                  build/obj/chsys.o
_thread_memfill                                   build/obj/chthreads.o
                                                  build/obj/chdynamic.o
_trace_init                                       build/obj/chdebug.o
                                                  build/obj/chsys.o
_unhandled_exception                              build/obj/vectors.o
_vectors                                          build/obj/vectors.o
_vt_init                                          build/obj/chvt.o
                                                  build/obj/chsys.o
boardInit                                         build/obj/board.o
                                                  build/obj/hal.o
chCondBroadcast                                   build/obj/chcond.o
chCondBroadcastI                                  build/obj/chcond.o
chCondInit                                        build/obj/chcond.o
chCondSignal                                      build/obj/chcond.o
chCondSignalI                                     build/obj/chcond.o
chCondWait                                        build/obj/chcond.o
chCondWaitS                                       build/obj/chcond.o
chCondWaitTimeout                                 build/obj/chcond.o
chCondWaitTimeoutS                                build/obj/chcond.o
chCoreAlloc                                       build/obj/chmemcore.o
                                                  build/obj/chheap.o
chCoreAllocI                                      build/obj/chmemcore.o
chCoreStatus                                      build/obj/chmemcore.o
chDbgCheckClassI                                  build/obj/chdebug.o
                                                  build/obj/serial.o
                                                  build/obj/chmempools.o
                                                  build/obj/chmemcore.o
                                                  build/obj/chqueues.o
                                                  build/obj/chmboxes.o
                                                  build/obj/chevents.o
                                                  build/obj/chcond.o
                                                  build/obj/chsem.o
                                                  build/obj/chthreads.o
                                                  build/obj/chschd.o
                                                  build/obj/chvt.o
                                                  build/obj/chsys.o
chDbgCheckClassS                                  build/obj/chdebug.o
                                                  build/obj/chmboxes.o
                                                  build/obj/chcond.o
                                                  build/obj/chmtx.o
                                                  build/obj/chsem.o
                                                  build/obj/chschd.o
chDbgPanic                                        build/obj/chdebug.o
                                                  build/obj/serial.o
                                                  build/obj/pal.o
                                                  build/obj/chmempools.o
                                                  build/obj/chheap.o
                                                  build/obj/chqueues.o
                                                  build/obj/chmboxes.o
                                                  build/obj/chmsg.o
                                                  build/obj/chevents.o
                                                  build/obj/chcond.o
                                                  build/obj/chmtx.o
                                                  build/obj/chsem.o
                                                  build/obj/chregistry.o
                                                  build/obj/chdynamic.o
                                                  build/obj/chthreads.o
                                                  build/obj/chschd.o
                                                  build/obj/chvt.o
chEvtAddEvents                                    build/obj/chevents.o
chEvtBroadcastFlags                               build/obj/chevents.o
chEvtBroadcastFlagsI                              build/obj/chevents.o
                                                  build/obj/shell.o
                                                  build/obj/serial_lld.o
                                                  build/obj/serial.o
chEvtDispatch                                     build/obj/chevents.o
chEvtGetAndClearEvents                            build/obj/chevents.o
chEvtGetAndClearFlags                             build/obj/chevents.o
chEvtGetAndClearFlagsI                            build/obj/chevents.o
chEvtRegisterMask                                 build/obj/chevents.o
chEvtSignal                                       build/obj/chevents.o
chEvtSignalI                                      build/obj/chevents.o
chEvtUnregister                                   build/obj/chevents.o
chEvtWaitAll                                      build/obj/chevents.o
chEvtWaitAllTimeout                               build/obj/chevents.o
chEvtWaitAny                                      build/obj/chevents.o
chEvtWaitAnyTimeout                               build/obj/chevents.o
chEvtWaitOne                                      build/obj/chevents.o
chEvtWaitOneTimeout                               build/obj/chevents.o
chHeapAlloc                                       build/obj/chheap.o
                                                  build/obj/chdynamic.o
chHeapFree                                        build/obj/chheap.o
                                                  build/obj/chdynamic.o
chHeapInit                                        build/obj/chheap.o
chHeapStatus                                      build/obj/chheap.o
chIQGetTimeout                                    build/obj/chqueues.o
                                                  build/obj/serial.o
chIQInit                                          build/obj/chqueues.o
                                                  build/obj/serial.o
chIQPutI                                          build/obj/chqueues.o
                                                  build/obj/serial.o
chIQReadTimeout                                   build/obj/chqueues.o
                                                  build/obj/serial.o
chIQResetI                                        build/obj/chqueues.o
                                                  build/obj/serial.o
chMBFetch                                         build/obj/chmboxes.o
chMBFetchI                                        build/obj/chmboxes.o
chMBFetchS                                        build/obj/chmboxes.o
chMBInit                                          build/obj/chmboxes.o
chMBPost                                          build/obj/chmboxes.o
chMBPostAhead                                     build/obj/chmboxes.o
chMBPostAheadI                                    build/obj/chmboxes.o
chMBPostAheadS                                    build/obj/chmboxes.o
chMBPostI                                         build/obj/chmboxes.o
chMBPostS                                         build/obj/chmboxes.o
chMBReset                                         build/obj/chmboxes.o
chMsgRelease                                      build/obj/chmsg.o
chMsgSend                                         build/obj/chmsg.o
chMsgWait                                         build/obj/chmsg.o
chMtxInit                                         build/obj/chmtx.o
                                                  build/obj/chheap.o
chMtxLock                                         build/obj/chmtx.o
                                                  build/obj/chheap.o
chMtxLockS                                        build/obj/chmtx.o
                                                  build/obj/chcond.o
chMtxTryLock                                      build/obj/chmtx.o
chMtxTryLockS                                     build/obj/chmtx.o
chMtxUnlock                                       build/obj/chmtx.o
                                                  build/obj/chheap.o
chMtxUnlockAll                                    build/obj/chmtx.o
chMtxUnlockS                                      build/obj/chmtx.o
                                                  build/obj/chcond.o
chOQGetI                                          build/obj/chqueues.o
                                                  build/obj/serial_lld.o
                                                  build/obj/serial.o
chOQInit                                          build/obj/chqueues.o
                                                  build/obj/serial.o
chOQPutTimeout                                    build/obj/chqueues.o
                                                  build/obj/serial.o
chOQResetI                                        build/obj/chqueues.o
                                                  build/obj/serial.o
chOQWriteTimeout                                  build/obj/chqueues.o
                                                  build/obj/serial.o
chPoolAlloc                                       build/obj/chmempools.o
                                                  build/obj/chdynamic.o
chPoolAllocI                                      build/obj/chmempools.o
chPoolFree                                        build/obj/chmempools.o
                                                  build/obj/chdynamic.o
chPoolFreeI                                       build/obj/chmempools.o
chPoolInit                                        build/obj/chmempools.o
chPoolLoadArray                                   build/obj/chmempools.o
chRegFirstThread                                  build/obj/chregistry.o
chRegNextThread                                   build/obj/chregistry.o
chSchDoReschedule                                 build/obj/chschd.o
                                                  build/obj/chcore_v7m.o
chSchDoRescheduleAhead                            build/obj/chschd.o
chSchDoRescheduleBehind                           build/obj/chschd.o
                                                  build/obj/chthreads.o
chSchGoSleepS                                     build/obj/chschd.o
                                                  build/obj/chmsg.o
                                                  build/obj/chevents.o
                                                  build/obj/chcond.o
                                                  build/obj/chmtx.o
                                                  build/obj/chsem.o
                                                  build/obj/chthreads.o
chSchGoSleepTimeoutS                              build/obj/chschd.o
                                                  build/obj/chqueues.o
                                                  build/obj/chevents.o
                                                  build/obj/chcond.o
                                                  build/obj/chsem.o
                                                  build/obj/chthreads.o
chSchReadyI                                       build/obj/chschd.o
                                                  build/obj/chqueues.o
                                                  build/obj/chmsg.o
                                                  build/obj/chevents.o
                                                  build/obj/chcond.o
                                                  build/obj/chmtx.o
                                                  build/obj/chsem.o
                                                  build/obj/chthreads.o
chSchRescheduleS                                  build/obj/chschd.o
                                                  build/obj/serial.o
                                                  build/obj/chmboxes.o
                                                  build/obj/chevents.o
                                                  build/obj/chcond.o
                                                  build/obj/chmtx.o
                                                  build/obj/chsem.o
                                                  build/obj/chthreads.o
chSchWakeupS                                      build/obj/chschd.o
                                                  build/obj/chmsg.o
                                                  build/obj/chcond.o
                                                  build/obj/chmtx.o
                                                  build/obj/chsem.o
                                                  build/obj/chdynamic.o
                                                  build/obj/chthreads.o
chSemAddCounterI                                  build/obj/chsem.o
chSemInit                                         build/obj/chsem.o
                                                  build/obj/chmboxes.o
chSemReset                                        build/obj/chsem.o
chSemResetI                                       build/obj/chsem.o
                                                  build/obj/chmboxes.o
chSemSignal                                       build/obj/chsem.o
chSemSignalI                                      build/obj/chsem.o
                                                  build/obj/chmboxes.o
chSemSignalWait                                   build/obj/chsem.o
chSemWait                                         build/obj/chsem.o
chSemWaitS                                        build/obj/chsem.o
chSemWaitTimeout                                  build/obj/chsem.o
chSemWaitTimeoutS                                 build/obj/chsem.o
                                                  build/obj/chmboxes.o
chSysInit                                         build/obj/chsys.o
                                                  build/obj/main.o
chSysTimerHandlerI                                build/obj/chsys.o
                                                  build/obj/chcore_v7m.o
chThdAddRef                                       build/obj/chdynamic.o
chThdCreateFromHeap                               build/obj/chdynamic.o
                                                  build/obj/shell.o
chThdCreateFromMemoryPool                         build/obj/chdynamic.o
chThdCreateI                                      build/obj/chthreads.o
                                                  build/obj/chdynamic.o
chThdCreateStatic                                 build/obj/chthreads.o
                                                  build/obj/main.o
                                                  build/obj/shell.o
                                                  build/obj/chsys.o
chThdExit                                         build/obj/chthreads.o
                                                  build/obj/chcore_v7m.o
chThdExitS                                        build/obj/chthreads.o
                                                  build/obj/shell.o
chThdRelease                                      build/obj/chdynamic.o
                                                  build/obj/chregistry.o
                                                  build/obj/chthreads.o
chThdResume                                       build/obj/chthreads.o
chThdSetPriority                                  build/obj/chthreads.o
chThdSleep                                        build/obj/chthreads.o
                                                  build/obj/main.o
chThdSleepUntil                                   build/obj/chthreads.o
chThdTerminate                                    build/obj/chthreads.o
chThdWait                                         build/obj/chthreads.o
chThdYield                                        build/obj/chthreads.o
chVTResetI                                        build/obj/chvt.o
                                                  build/obj/chschd.o
chVTSetI                                          build/obj/chvt.o
                                                  build/obj/chschd.o
ch_debug                                          build/obj/chregistry.o
                                                  build/obj/chsys.o
chprintf                                          build/obj/chprintf.o
                                                  build/obj/main.o
                                                  build/obj/shell.o
dbg_check_disable                                 build/obj/chdebug.o
dbg_check_enable                                  build/obj/chdebug.o
                                                  build/obj/chsys.o
dbg_check_enter_isr                               build/obj/chdebug.o
                                                  build/obj/serial_lld.o
                                                  build/obj/chcore_v7m.o
dbg_check_leave_isr                               build/obj/chdebug.o
                                                  build/obj/serial_lld.o
                                                  build/obj/chcore_v7m.o
dbg_check_lock                                    build/obj/chdebug.o
                                                  build/obj/shell.o
                                                  build/obj/serial.o
                                                  build/obj/chmempools.o
                                                  build/obj/chmemcore.o
                                                  build/obj/chqueues.o
                                                  build/obj/chmboxes.o
                                                  build/obj/chmsg.o
                                                  build/obj/chevents.o
                                                  build/obj/chcond.o
                                                  build/obj/chmtx.o
                                                  build/obj/chsem.o
                                                  build/obj/chregistry.o
                                                  build/obj/chdynamic.o
                                                  build/obj/chthreads.o
                                                  build/obj/chcore_v7m.o
dbg_check_lock_from_isr                           build/obj/chdebug.o
                                                  build/obj/serial_lld.o
                                                  build/obj/chschd.o
                                                  build/obj/chsys.o
                                                  build/obj/chcore_v7m.o
dbg_check_suspend                                 build/obj/chdebug.o
dbg_check_unlock                                  build/obj/chdebug.o
                                                  build/obj/serial.o
                                                  build/obj/chmempools.o
                                                  build/obj/chmemcore.o
                                                  build/obj/chqueues.o
                                                  build/obj/chmboxes.o
                                                  build/obj/chmsg.o
                                                  build/obj/chevents.o
                                                  build/obj/chcond.o
                                                  build/obj/chmtx.o
                                                  build/obj/chsem.o
                                                  build/obj/chregistry.o
                                                  build/obj/chdynamic.o
                                                  build/obj/chthreads.o
                                                  build/obj/chcore_v7m.o
dbg_check_unlock_from_isr                         build/obj/chdebug.o
                                                  build/obj/serial_lld.o
                                                  build/obj/chschd.o
                                                  build/obj/chsys.o
                                                  build/obj/chcore_v7m.o
dbg_isr_cnt                                       build/obj/chdebug.o
dbg_lock_cnt                                      build/obj/chdebug.o
dbg_panic_msg                                     build/obj/chdebug.o
dbg_trace                                         build/obj/chdebug.o
                                                  build/obj/chschd.o
dbg_trace_buffer                                  build/obj/chdebug.o
halInit                                           build/obj/hal.o
                                                  build/obj/main.o
halIsCounterWithin                                build/obj/hal.o
halPolledDelay                                    build/obj/hal.o
hal_lld_init                                      build/obj/hal_lld.o
                                                  build/obj/hal.o
main                                              build/obj/main.o
                                                  build/obj/crt0.o
nvicDisableVector                                 build/obj/nvic.o
                                                  build/obj/serial_lld.o
nvicEnableVector                                  build/obj/nvic.o
                                                  build/obj/serial_lld.o
nvicSetSystemHandlerPriority                      build/obj/nvic.o
                                                  build/obj/chcore_v7m.o
palReadBus                                        build/obj/pal.o
palSetBusMode                                     build/obj/pal.o
palWriteBus                                       build/obj/pal.o
pal_default_config                                build/obj/board.o
                                                  build/obj/hal.o
port_halt                                         build/obj/chcore.o
                                                  build/obj/chdebug.o
rlist                                             build/obj/chschd.o
                                                  build/obj/shell.o
                                                  build/obj/chqueues.o
                                                  build/obj/chmsg.o
                                                  build/obj/chevents.o
                                                  build/obj/chcond.o
                                                  build/obj/chmtx.o
                                                  build/obj/chsem.o
                                                  build/obj/chregistry.o
                                                  build/obj/chthreads.o
                                                  build/obj/chdebug.o
                                                  build/obj/chsys.o
                                                  build/obj/chcore_v7m.o
sdIncomingDataI                                   build/obj/serial.o
                                                  build/obj/serial_lld.o
sdInit                                            build/obj/serial.o
                                                  build/obj/hal.o
sdObjectInit                                      build/obj/serial.o
                                                  build/obj/serial_lld.o
sdRequestDataI                                    build/obj/serial.o
sdStart                                           build/obj/serial.o
                                                  build/obj/main.o
sdStop                                            build/obj/serial.o
sd_lld_init                                       build/obj/serial_lld.o
                                                  build/obj/serial.o
sd_lld_start                                      build/obj/serial_lld.o
                                                  build/obj/serial.o
sd_lld_stop                                       build/obj/serial_lld.o
                                                  build/obj/serial.o
shellCreate                                       build/obj/shell.o
shellCreateStatic                                 build/obj/shell.o
shellExit                                         build/obj/shell.o
shellGetLine                                      build/obj/shell.o
shellInit                                         build/obj/shell.o
shell_terminated                                  build/obj/shell.o
stm32_clock_init                                  build/obj/hal_lld.o
                                                  build/obj/board.o
strcasecmp                                        /usr/bin/../lib/gcc/arm-none-eabi/4.7.4/../../../../arm-none-eabi/lib/armv7-m/libc.a(lib_a-strcasecmp.o)
                                                  build/obj/shell.o
strpbrk                                           /usr/bin/../lib/gcc/arm-none-eabi/4.7.4/../../../../arm-none-eabi/lib/armv7-m/libc.a(lib_a-strpbrk.o)
                                                  build/obj/shell.o
strspn                                            /usr/bin/../lib/gcc/arm-none-eabi/4.7.4/../../../../arm-none-eabi/lib/armv7-m/libc.a(lib_a-strspn.o)
                                                  build/obj/shell.o
tmInit                                            build/obj/tm.o
                                                  build/obj/hal.o
tmObjectInit                                      build/obj/tm.o
vtlist                                            build/obj/chvt.o
                                                  build/obj/shell.o
                                                  build/obj/chthreads.o
                                                  build/obj/chdebug.o
                                                  build/obj/chsys.o
